
--- 2025-12-12T20:41:26.810Z debug
🪵  Writing logs to "/home/runner/workspace/.config/.wrangler/logs/wrangler-2025-12-12_20-41-26_517.log"
---

--- 2025-12-12T20:41:26.810Z debug
Metrics dispatcher: Posting data {"deviceId":"c40fc470-29b9-4f42-b094-78fda8e8d726","event":"wrangler command started","timestamp":1765572086809,"properties":{"amplitude_session_id":1765572086807,"amplitude_event_id":0,"wranglerVersion":"4.53.0","osPlatform":"Linux","osVersion":"#1-NixOS SMP PREEMPT_DYNAMIC Tue Jan  1 00:00:00 UTC 1980","nodeVersion":20,"packageManager":"npm","isFirstUsage":false,"configFileType":"none","isCI":false,"isPagesCI":false,"isWorkersCI":false,"isInteractive":false,"hasAssets":false,"argsUsed":[],"argsCombination":"","command":"wrangler pages deploy","args":{}}}
---

--- 2025-12-12T20:41:26.870Z debug
.env file not found at "/home/runner/workspace/.env". Continuing... For more details, refer to https://developers.cloudflare.com/workers/wrangler/system-environment-variables/
---

--- 2025-12-12T20:41:26.871Z debug
.env file not found at "/home/runner/workspace/.env.local". Continuing... For more details, refer to https://developers.cloudflare.com/workers/wrangler/system-environment-variables/
---

--- 2025-12-12T20:41:26.940Z log

 ⛅️ wrangler 4.53.0 (update available 4.54.0)
─────────────────────────────────────────────
---

--- 2025-12-12T20:41:26.958Z debug
-- START CF API REQUEST: GET https://api.cloudflare.com/client/v4/accounts/2a19e225618239285dd1b8682a8796fa/pages/projects/user-rentapoggy-com
---

--- 2025-12-12T20:41:26.958Z debug
QUERY STRING: omitted; set WRANGLER_LOG_SANITIZE=false to include sanitized data
---

--- 2025-12-12T20:41:26.958Z debug
HEADERS: omitted; set WRANGLER_LOG_SANITIZE=false to include sanitized data
---

--- 2025-12-12T20:41:26.958Z debug
INIT: omitted; set WRANGLER_LOG_SANITIZE=false to include sanitized data
---

--- 2025-12-12T20:41:26.958Z debug
-- END CF API REQUEST
---

--- 2025-12-12T20:41:27.132Z debug
-- START CF API RESPONSE: Forbidden 403
---

--- 2025-12-12T20:41:27.137Z debug
HEADERS: omitted; set WRANGLER_LOG_SANITIZE=false to include sanitized data
---

--- 2025-12-12T20:41:27.137Z debug
RESPONSE: omitted; set WRANGLER_LOG_SANITIZE=false to include sanitized data
---

--- 2025-12-12T20:41:27.137Z debug
-- END CF API RESPONSE
---

--- 2025-12-12T20:41:27.139Z log

---

--- 2025-12-12T20:41:27.349Z error
✘ [ERROR] A request to the Cloudflare API (/accounts/2a19e225618239285dd1b8682a8796fa/pages/projects/user-rentapoggy-com) failed.

  Authentication error [code: 10000]


---

--- 2025-12-12T20:41:27.349Z log
📎 It looks like you are authenticating Wrangler via a custom API token set in an environment variable.
Please ensure it has the correct permissions for this operation.

---

--- 2025-12-12T20:41:27.350Z log
Getting User settings...
---

--- 2025-12-12T20:41:27.350Z debug
-- START CF API REQUEST: GET https://api.cloudflare.com/client/v4/user/tokens/verify
---

--- 2025-12-12T20:41:27.350Z debug
QUERY STRING: omitted; set WRANGLER_LOG_SANITIZE=false to include sanitized data
---

--- 2025-12-12T20:41:27.350Z debug
HEADERS: omitted; set WRANGLER_LOG_SANITIZE=false to include sanitized data
---

--- 2025-12-12T20:41:27.350Z debug
INIT: omitted; set WRANGLER_LOG_SANITIZE=false to include sanitized data
---

--- 2025-12-12T20:41:27.350Z debug
-- END CF API REQUEST
---

--- 2025-12-12T20:41:27.422Z debug
-- START CF API RESPONSE: OK 200
---

--- 2025-12-12T20:41:27.423Z debug
HEADERS: omitted; set WRANGLER_LOG_SANITIZE=false to include sanitized data
---

--- 2025-12-12T20:41:27.423Z debug
RESPONSE: omitted; set WRANGLER_LOG_SANITIZE=false to include sanitized data
---

--- 2025-12-12T20:41:27.423Z debug
-- END CF API RESPONSE
---

--- 2025-12-12T20:41:27.423Z debug
-- START CF API REQUEST: GET https://api.cloudflare.com/client/v4/user
---

--- 2025-12-12T20:41:27.423Z debug
QUERY STRING: omitted; set WRANGLER_LOG_SANITIZE=false to include sanitized data
---

--- 2025-12-12T20:41:27.423Z debug
HEADERS: omitted; set WRANGLER_LOG_SANITIZE=false to include sanitized data
---

--- 2025-12-12T20:41:27.423Z debug
INIT: omitted; set WRANGLER_LOG_SANITIZE=false to include sanitized data
---

--- 2025-12-12T20:41:27.423Z debug
-- END CF API REQUEST
---

--- 2025-12-12T20:41:27.508Z debug
-- START CF API RESPONSE: Forbidden 403
---

--- 2025-12-12T20:41:27.509Z debug
HEADERS: omitted; set WRANGLER_LOG_SANITIZE=false to include sanitized data
---

--- 2025-12-12T20:41:27.509Z debug
RESPONSE: omitted; set WRANGLER_LOG_SANITIZE=false to include sanitized data
---

--- 2025-12-12T20:41:27.509Z debug
-- END CF API RESPONSE
---

--- 2025-12-12T20:41:27.511Z debug
-- START CF API REQUEST: GET https://api.cloudflare.com/client/v4/accounts
---

--- 2025-12-12T20:41:27.511Z debug
QUERY STRING: omitted; set WRANGLER_LOG_SANITIZE=false to include sanitized data
---

--- 2025-12-12T20:41:27.511Z debug
HEADERS: omitted; set WRANGLER_LOG_SANITIZE=false to include sanitized data
---

--- 2025-12-12T20:41:27.511Z debug
INIT: omitted; set WRANGLER_LOG_SANITIZE=false to include sanitized data
---

--- 2025-12-12T20:41:27.511Z debug
-- END CF API REQUEST
---

--- 2025-12-12T20:41:27.659Z debug
-- START CF API RESPONSE: OK 200
---

--- 2025-12-12T20:41:27.659Z debug
HEADERS: omitted; set WRANGLER_LOG_SANITIZE=false to include sanitized data
---

--- 2025-12-12T20:41:27.659Z debug
RESPONSE: omitted; set WRANGLER_LOG_SANITIZE=false to include sanitized data
---

--- 2025-12-12T20:41:27.659Z debug
-- END CF API RESPONSE
---

--- 2025-12-12T20:41:27.659Z log
👋 You are logged in with an User API Token. Unable to retrieve email for this user. Are you missing the `User->User Details->Read` permission?
---

--- 2025-12-12T20:41:27.659Z log
ℹ️  The API Token is read from the CLOUDFLARE_API_TOKEN environment variable.
---

--- 2025-12-12T20:41:27.660Z log

---

--- 2025-12-12T20:41:27.660Z log
🔓 To see token permissions visit https://dash.cloudflare.com/profile/api-tokens.
---

--- 2025-12-12T20:41:27.661Z debug
Metrics dispatcher: Posting data {"deviceId":"c40fc470-29b9-4f42-b094-78fda8e8d726","event":"wrangler command errored","timestamp":1765572087661,"properties":{"amplitude_session_id":1765572086807,"amplitude_event_id":1,"wranglerVersion":"4.53.0","osPlatform":"Linux","osVersion":"#1-NixOS SMP PREEMPT_DYNAMIC Tue Jan  1 00:00:00 UTC 1980","nodeVersion":20,"packageManager":"npm","isFirstUsage":false,"configFileType":"none","isCI":false,"isPagesCI":false,"isWorkersCI":false,"isInteractive":false,"hasAssets":false,"argsUsed":[],"argsCombination":"","command":"wrangler pages deploy","args":{},"durationMs":879,"durationSeconds":0.879,"durationMinutes":0.01465,"errorType":"AuthenticationError"}}
---
