
--- 2025-12-12T21:38:00.263Z debug
🪵  Writing logs to "/home/runner/workspace/.config/.wrangler/logs/wrangler-2025-12-12_21-38-00_043.log"
---

--- 2025-12-12T21:38:00.263Z debug
Metrics dispatcher: Posting data {"deviceId":"c40fc470-29b9-4f42-b094-78fda8e8d726","event":"wrangler command started","timestamp":1765575480263,"properties":{"amplitude_session_id":1765575480262,"amplitude_event_id":0,"wranglerVersion":"4.53.0","osPlatform":"Linux","osVersion":"#1-NixOS SMP PREEMPT_DYNAMIC Tue Jan  1 00:00:00 UTC 1980","nodeVersion":20,"packageManager":"npm","isFirstUsage":false,"configFileType":"none","isCI":false,"isPagesCI":false,"isWorkersCI":false,"isInteractive":false,"hasAssets":false,"argsUsed":[],"argsCombination":"","command":"wrangler pages deploy","args":{}}}
---

--- 2025-12-12T21:38:00.275Z debug
.env file not found at "/home/runner/workspace/.env". Continuing... For more details, refer to https://developers.cloudflare.com/workers/wrangler/system-environment-variables/
---

--- 2025-12-12T21:38:00.275Z debug
.env file not found at "/home/runner/workspace/.env.local". Continuing... For more details, refer to https://developers.cloudflare.com/workers/wrangler/system-environment-variables/
---

--- 2025-12-12T21:38:00.302Z log

 ⛅️ wrangler 4.53.0 (update available 4.54.0)
─────────────────────────────────────────────
---

--- 2025-12-12T21:38:00.317Z debug
-- START CF API REQUEST: GET https://api.cloudflare.com/client/v4/accounts/2a19e225618239285dd1b8682a8796fa/pages/projects/user-rentapoggy-com
---

--- 2025-12-12T21:38:00.317Z debug
QUERY STRING: omitted; set WRANGLER_LOG_SANITIZE=false to include sanitized data
---

--- 2025-12-12T21:38:00.317Z debug
HEADERS: omitted; set WRANGLER_LOG_SANITIZE=false to include sanitized data
---

--- 2025-12-12T21:38:00.317Z debug
INIT: omitted; set WRANGLER_LOG_SANITIZE=false to include sanitized data
---

--- 2025-12-12T21:38:00.317Z debug
-- END CF API REQUEST
---

--- 2025-12-12T21:38:00.659Z debug
-- START CF API RESPONSE: OK 200
---

--- 2025-12-12T21:38:00.660Z debug
HEADERS: omitted; set WRANGLER_LOG_SANITIZE=false to include sanitized data
---

--- 2025-12-12T21:38:00.660Z debug
RESPONSE: omitted; set WRANGLER_LOG_SANITIZE=false to include sanitized data
---

--- 2025-12-12T21:38:00.660Z debug
-- END CF API RESPONSE
---

--- 2025-12-12T21:38:00.691Z debug
-- START CF API REQUEST: GET https://api.cloudflare.com/client/v4/accounts/2a19e225618239285dd1b8682a8796fa/pages/projects/user-rentapoggy-com
---

--- 2025-12-12T21:38:00.691Z debug
QUERY STRING: omitted; set WRANGLER_LOG_SANITIZE=false to include sanitized data
---

--- 2025-12-12T21:38:00.691Z debug
HEADERS: omitted; set WRANGLER_LOG_SANITIZE=false to include sanitized data
---

--- 2025-12-12T21:38:00.691Z debug
INIT: omitted; set WRANGLER_LOG_SANITIZE=false to include sanitized data
---

--- 2025-12-12T21:38:00.691Z debug
-- END CF API REQUEST
---

--- 2025-12-12T21:38:01.114Z debug
-- START CF API RESPONSE: OK 200
---

--- 2025-12-12T21:38:01.114Z debug
HEADERS: omitted; set WRANGLER_LOG_SANITIZE=false to include sanitized data
---

--- 2025-12-12T21:38:01.114Z debug
RESPONSE: omitted; set WRANGLER_LOG_SANITIZE=false to include sanitized data
---

--- 2025-12-12T21:38:01.114Z debug
-- END CF API RESPONSE
---

--- 2025-12-12T21:38:01.123Z debug
-- START CF API REQUEST: GET https://api.cloudflare.com/client/v4/accounts/2a19e225618239285dd1b8682a8796fa/pages/projects/user-rentapoggy-com/upload-token
---

--- 2025-12-12T21:38:01.123Z debug
QUERY STRING: omitted; set WRANGLER_LOG_SANITIZE=false to include sanitized data
---

--- 2025-12-12T21:38:01.123Z debug
HEADERS: omitted; set WRANGLER_LOG_SANITIZE=false to include sanitized data
---

--- 2025-12-12T21:38:01.123Z debug
INIT: omitted; set WRANGLER_LOG_SANITIZE=false to include sanitized data
---

--- 2025-12-12T21:38:01.123Z debug
-- END CF API REQUEST
---

--- 2025-12-12T21:38:01.234Z debug
-- START CF API RESPONSE: OK 200
---

--- 2025-12-12T21:38:01.234Z debug
HEADERS: omitted; set WRANGLER_LOG_SANITIZE=false to include sanitized data
---

--- 2025-12-12T21:38:01.234Z debug
RESPONSE: omitted; set WRANGLER_LOG_SANITIZE=false to include sanitized data
---

--- 2025-12-12T21:38:01.234Z debug
-- END CF API RESPONSE
---

--- 2025-12-12T21:38:01.235Z debug
-- START CF API REQUEST: POST https://api.cloudflare.com/client/v4/pages/assets/check-missing
---

--- 2025-12-12T21:38:01.235Z debug
QUERY STRING: omitted; set WRANGLER_LOG_SANITIZE=false to include sanitized data
---

--- 2025-12-12T21:38:01.235Z debug
HEADERS: omitted; set WRANGLER_LOG_SANITIZE=false to include sanitized data
---

--- 2025-12-12T21:38:01.235Z debug
INIT: omitted; set WRANGLER_LOG_SANITIZE=false to include sanitized data
---

--- 2025-12-12T21:38:01.235Z debug
-- END CF API REQUEST
---

--- 2025-12-12T21:38:01.484Z debug
-- START CF API RESPONSE: OK 200
---

--- 2025-12-12T21:38:01.484Z debug
HEADERS: omitted; set WRANGLER_LOG_SANITIZE=false to include sanitized data
---

--- 2025-12-12T21:38:01.484Z debug
RESPONSE: omitted; set WRANGLER_LOG_SANITIZE=false to include sanitized data
---

--- 2025-12-12T21:38:01.484Z debug
-- END CF API RESPONSE
---

--- 2025-12-12T21:38:01.485Z log
Uploading... (0/1)
---

--- 2025-12-12T21:38:01.487Z debug
POST /pages/assets/upload
---

--- 2025-12-12T21:38:01.487Z debug
-- START CF API REQUEST: POST https://api.cloudflare.com/client/v4/pages/assets/upload
---

--- 2025-12-12T21:38:01.487Z debug
QUERY STRING: omitted; set WRANGLER_LOG_SANITIZE=false to include sanitized data
---

--- 2025-12-12T21:38:01.488Z debug
HEADERS: omitted; set WRANGLER_LOG_SANITIZE=false to include sanitized data
---

--- 2025-12-12T21:38:01.488Z debug
INIT: omitted; set WRANGLER_LOG_SANITIZE=false to include sanitized data
---

--- 2025-12-12T21:38:01.488Z debug
-- END CF API REQUEST
---

--- 2025-12-12T21:38:02.178Z debug
-- START CF API RESPONSE: OK 200
---

--- 2025-12-12T21:38:02.179Z debug
HEADERS: omitted; set WRANGLER_LOG_SANITIZE=false to include sanitized data
---

--- 2025-12-12T21:38:02.179Z debug
RESPONSE: omitted; set WRANGLER_LOG_SANITIZE=false to include sanitized data
---

--- 2025-12-12T21:38:02.179Z debug
-- END CF API RESPONSE
---

--- 2025-12-12T21:38:02.181Z debug
result: { successful_key_count: 1, unsuccessful_keys: [] }
---

--- 2025-12-12T21:38:02.181Z log
Uploading... (1/1)
---

--- 2025-12-12T21:38:02.182Z log
✨ Success! Uploaded 1 files (0.95 sec)

---

--- 2025-12-12T21:38:02.182Z debug
-- START CF API REQUEST: POST https://api.cloudflare.com/client/v4/pages/assets/upsert-hashes
---

--- 2025-12-12T21:38:02.182Z debug
QUERY STRING: omitted; set WRANGLER_LOG_SANITIZE=false to include sanitized data
---

--- 2025-12-12T21:38:02.182Z debug
HEADERS: omitted; set WRANGLER_LOG_SANITIZE=false to include sanitized data
---

--- 2025-12-12T21:38:02.182Z debug
INIT: omitted; set WRANGLER_LOG_SANITIZE=false to include sanitized data
---

--- 2025-12-12T21:38:02.182Z debug
-- END CF API REQUEST
---

--- 2025-12-12T21:38:02.600Z debug
-- START CF API RESPONSE: OK 200
---

--- 2025-12-12T21:38:02.601Z debug
HEADERS: omitted; set WRANGLER_LOG_SANITIZE=false to include sanitized data
---

--- 2025-12-12T21:38:02.601Z debug
RESPONSE: omitted; set WRANGLER_LOG_SANITIZE=false to include sanitized data
---

--- 2025-12-12T21:38:02.601Z debug
-- END CF API RESPONSE
---

--- 2025-12-12T21:38:02.601Z debug
-- START CF API REQUEST: POST https://api.cloudflare.com/client/v4/accounts/2a19e225618239285dd1b8682a8796fa/pages/projects/user-rentapoggy-com/deployments
---

--- 2025-12-12T21:38:02.601Z debug
QUERY STRING: omitted; set WRANGLER_LOG_SANITIZE=false to include sanitized data
---

--- 2025-12-12T21:38:02.601Z debug
HEADERS: omitted; set WRANGLER_LOG_SANITIZE=false to include sanitized data
---

--- 2025-12-12T21:38:02.601Z debug
INIT: omitted; set WRANGLER_LOG_SANITIZE=false to include sanitized data
---

--- 2025-12-12T21:38:02.605Z debug
BODY: omitted; set WRANGLER_LOG_SANITIZE=false to include sanitized data
---

--- 2025-12-12T21:38:02.605Z debug
-- END CF API REQUEST
---

--- 2025-12-12T21:38:03.425Z debug
-- START CF API RESPONSE: OK 200
---

--- 2025-12-12T21:38:03.425Z debug
HEADERS: omitted; set WRANGLER_LOG_SANITIZE=false to include sanitized data
---

--- 2025-12-12T21:38:03.425Z debug
RESPONSE: omitted; set WRANGLER_LOG_SANITIZE=false to include sanitized data
---

--- 2025-12-12T21:38:03.425Z debug
-- END CF API RESPONSE
---

--- 2025-12-12T21:38:03.426Z debug
Saving to cache: {"account_id":"2a19e225618239285dd1b8682a8796fa","project_name":"user-rentapoggy-com"}
---

--- 2025-12-12T21:38:03.426Z log
🌎 Deploying...
---

--- 2025-12-12T21:38:04.426Z debug
attempt #1: Attempting to fetch status for deployment with id "b8c281c7-2e36-4895-a516-08de37dde1be" ...
---

--- 2025-12-12T21:38:04.427Z debug
-- START CF API REQUEST: GET https://api.cloudflare.com/client/v4/accounts/2a19e225618239285dd1b8682a8796fa/pages/projects/user-rentapoggy-com/deployments/b8c281c7-2e36-4895-a516-08de37dde1be
---

--- 2025-12-12T21:38:04.427Z debug
QUERY STRING: omitted; set WRANGLER_LOG_SANITIZE=false to include sanitized data
---

--- 2025-12-12T21:38:04.427Z debug
HEADERS: omitted; set WRANGLER_LOG_SANITIZE=false to include sanitized data
---

--- 2025-12-12T21:38:04.427Z debug
INIT: omitted; set WRANGLER_LOG_SANITIZE=false to include sanitized data
---

--- 2025-12-12T21:38:04.427Z debug
-- END CF API REQUEST
---

--- 2025-12-12T21:38:04.756Z debug
-- START CF API RESPONSE: OK 200
---

--- 2025-12-12T21:38:04.756Z debug
HEADERS: omitted; set WRANGLER_LOG_SANITIZE=false to include sanitized data
---

--- 2025-12-12T21:38:04.756Z debug
RESPONSE: omitted; set WRANGLER_LOG_SANITIZE=false to include sanitized data
---

--- 2025-12-12T21:38:04.756Z debug
-- END CF API RESPONSE
---

--- 2025-12-12T21:38:06.759Z debug
attempt #2: Attempting to fetch status for deployment with id "b8c281c7-2e36-4895-a516-08de37dde1be" ...
---

--- 2025-12-12T21:38:06.759Z debug
-- START CF API REQUEST: GET https://api.cloudflare.com/client/v4/accounts/2a19e225618239285dd1b8682a8796fa/pages/projects/user-rentapoggy-com/deployments/b8c281c7-2e36-4895-a516-08de37dde1be
---

--- 2025-12-12T21:38:06.759Z debug
QUERY STRING: omitted; set WRANGLER_LOG_SANITIZE=false to include sanitized data
---

--- 2025-12-12T21:38:06.759Z debug
HEADERS: omitted; set WRANGLER_LOG_SANITIZE=false to include sanitized data
---

--- 2025-12-12T21:38:06.759Z debug
INIT: omitted; set WRANGLER_LOG_SANITIZE=false to include sanitized data
---

--- 2025-12-12T21:38:06.759Z debug
-- END CF API REQUEST
---

--- 2025-12-12T21:38:07.108Z debug
-- START CF API RESPONSE: OK 200
---

--- 2025-12-12T21:38:07.108Z debug
HEADERS: omitted; set WRANGLER_LOG_SANITIZE=false to include sanitized data
---

--- 2025-12-12T21:38:07.108Z debug
RESPONSE: omitted; set WRANGLER_LOG_SANITIZE=false to include sanitized data
---

--- 2025-12-12T21:38:07.108Z debug
-- END CF API RESPONSE
---

--- 2025-12-12T21:38:07.108Z log
✨ Deployment complete! Take a peek over at https://b8c281c7.user-rentapoggy-com.pages.dev
---

--- 2025-12-12T21:38:07.109Z debug
Metrics dispatcher: Posting data {"deviceId":"c40fc470-29b9-4f42-b094-78fda8e8d726","event":"create pages deployment","timestamp":1765575487109,"properties":{"category":"Workers","wranglerVersion":"4.53.0","os":"linux:x64"}}
---

--- 2025-12-12T21:38:07.113Z debug
Metrics dispatcher: Posting data {"deviceId":"c40fc470-29b9-4f42-b094-78fda8e8d726","event":"wrangler command completed","timestamp":1765575487113,"properties":{"amplitude_session_id":1765575480262,"amplitude_event_id":1,"wranglerVersion":"4.53.0","osPlatform":"Linux","osVersion":"#1-NixOS SMP PREEMPT_DYNAMIC Tue Jan  1 00:00:00 UTC 1980","nodeVersion":20,"packageManager":"npm","isFirstUsage":false,"configFileType":"none","isCI":false,"isPagesCI":false,"isWorkersCI":false,"isInteractive":false,"hasAssets":false,"argsUsed":[],"argsCombination":"","command":"wrangler pages deploy","args":{},"durationMs":6867,"durationSeconds":6.867,"durationMinutes":0.11445}}
---
