
--- 2025-12-11T08:07:47.265Z debug
🪵  Writing logs to "/home/runner/workspace/.config/.wrangler/logs/wrangler-2025-12-11_08-07-47_033.log"
---

--- 2025-12-11T08:07:47.265Z debug
Metrics dispatcher: Posting data {"deviceId":"c40fc470-29b9-4f42-b094-78fda8e8d726","event":"wrangler command started","timestamp":1765440467265,"properties":{"amplitude_session_id":1765440467262,"amplitude_event_id":0,"wranglerVersion":"4.53.0","osPlatform":"Linux","osVersion":"#1-NixOS SMP PREEMPT_DYNAMIC Tue Jan  1 00:00:00 UTC 1980","nodeVersion":20,"packageManager":"npm","isFirstUsage":true,"configFileType":"none","isCI":false,"isPagesCI":false,"isWorkersCI":false,"isInteractive":false,"hasAssets":false,"argsUsed":[],"argsCombination":"","command":"wrangler pages deploy","args":{}}}
---

--- 2025-12-11T08:07:47.300Z debug
.env file not found at "/home/runner/workspace/.env". Continuing... For more details, refer to https://developers.cloudflare.com/workers/wrangler/system-environment-variables/
---

--- 2025-12-11T08:07:47.300Z debug
.env file not found at "/home/runner/workspace/.env.local". Continuing... For more details, refer to https://developers.cloudflare.com/workers/wrangler/system-environment-variables/
---

--- 2025-12-11T08:07:47.644Z log

 ⛅️ wrangler 4.53.0
───────────────────
---

--- 2025-12-11T08:07:47.658Z debug
Saving to cache: {"account":{"id":"2a19e225618239285dd1b8682a8796fa","name":""}}
---

--- 2025-12-11T08:07:47.659Z debug
-- START CF API REQUEST: GET https://api.cloudflare.com/client/v4/accounts/2a19e225618239285dd1b8682a8796fa/pages/projects/user-rentapoggy-com
---

--- 2025-12-11T08:07:47.659Z debug
QUERY STRING: omitted; set WRANGLER_LOG_SANITIZE=false to include sanitized data
---

--- 2025-12-11T08:07:47.659Z debug
HEADERS: omitted; set WRANGLER_LOG_SANITIZE=false to include sanitized data
---

--- 2025-12-11T08:07:47.659Z debug
INIT: omitted; set WRANGLER_LOG_SANITIZE=false to include sanitized data
---

--- 2025-12-11T08:07:47.659Z debug
-- END CF API REQUEST
---

--- 2025-12-11T08:07:48.282Z debug
-- START CF API RESPONSE: OK 200
---

--- 2025-12-11T08:07:48.283Z debug
HEADERS: omitted; set WRANGLER_LOG_SANITIZE=false to include sanitized data
---

--- 2025-12-11T08:07:48.283Z debug
RESPONSE: omitted; set WRANGLER_LOG_SANITIZE=false to include sanitized data
---

--- 2025-12-11T08:07:48.283Z debug
-- END CF API RESPONSE
---

--- 2025-12-11T08:07:48.337Z debug
-- START CF API REQUEST: GET https://api.cloudflare.com/client/v4/accounts/2a19e225618239285dd1b8682a8796fa/pages/projects/user-rentapoggy-com
---

--- 2025-12-11T08:07:48.337Z debug
QUERY STRING: omitted; set WRANGLER_LOG_SANITIZE=false to include sanitized data
---

--- 2025-12-11T08:07:48.337Z debug
HEADERS: omitted; set WRANGLER_LOG_SANITIZE=false to include sanitized data
---

--- 2025-12-11T08:07:48.337Z debug
INIT: omitted; set WRANGLER_LOG_SANITIZE=false to include sanitized data
---

--- 2025-12-11T08:07:48.337Z debug
-- END CF API REQUEST
---

--- 2025-12-11T08:07:48.652Z debug
-- START CF API RESPONSE: OK 200
---

--- 2025-12-11T08:07:48.653Z debug
HEADERS: omitted; set WRANGLER_LOG_SANITIZE=false to include sanitized data
---

--- 2025-12-11T08:07:48.653Z debug
RESPONSE: omitted; set WRANGLER_LOG_SANITIZE=false to include sanitized data
---

--- 2025-12-11T08:07:48.653Z debug
-- END CF API RESPONSE
---

--- 2025-12-11T08:07:48.662Z debug
-- START CF API REQUEST: GET https://api.cloudflare.com/client/v4/accounts/2a19e225618239285dd1b8682a8796fa/pages/projects/user-rentapoggy-com/upload-token
---

--- 2025-12-11T08:07:48.662Z debug
QUERY STRING: omitted; set WRANGLER_LOG_SANITIZE=false to include sanitized data
---

--- 2025-12-11T08:07:48.662Z debug
HEADERS: omitted; set WRANGLER_LOG_SANITIZE=false to include sanitized data
---

--- 2025-12-11T08:07:48.662Z debug
INIT: omitted; set WRANGLER_LOG_SANITIZE=false to include sanitized data
---

--- 2025-12-11T08:07:48.662Z debug
-- END CF API REQUEST
---

--- 2025-12-11T08:07:49.049Z debug
-- START CF API RESPONSE: OK 200
---

--- 2025-12-11T08:07:49.050Z debug
HEADERS: omitted; set WRANGLER_LOG_SANITIZE=false to include sanitized data
---

--- 2025-12-11T08:07:49.050Z debug
RESPONSE: omitted; set WRANGLER_LOG_SANITIZE=false to include sanitized data
---

--- 2025-12-11T08:07:49.050Z debug
-- END CF API RESPONSE
---

--- 2025-12-11T08:07:49.050Z debug
-- START CF API REQUEST: POST https://api.cloudflare.com/client/v4/pages/assets/check-missing
---

--- 2025-12-11T08:07:49.050Z debug
QUERY STRING: omitted; set WRANGLER_LOG_SANITIZE=false to include sanitized data
---

--- 2025-12-11T08:07:49.050Z debug
HEADERS: omitted; set WRANGLER_LOG_SANITIZE=false to include sanitized data
---

--- 2025-12-11T08:07:49.050Z debug
INIT: omitted; set WRANGLER_LOG_SANITIZE=false to include sanitized data
---

--- 2025-12-11T08:07:49.050Z debug
-- END CF API REQUEST
---

--- 2025-12-11T08:07:49.965Z debug
-- START CF API RESPONSE: OK 200
---

--- 2025-12-11T08:07:49.965Z debug
HEADERS: omitted; set WRANGLER_LOG_SANITIZE=false to include sanitized data
---

--- 2025-12-11T08:07:49.965Z debug
RESPONSE: omitted; set WRANGLER_LOG_SANITIZE=false to include sanitized data
---

--- 2025-12-11T08:07:49.965Z debug
-- END CF API RESPONSE
---

--- 2025-12-11T08:07:49.966Z log
Uploading... (0/1)
---

--- 2025-12-11T08:07:49.968Z debug
POST /pages/assets/upload
---

--- 2025-12-11T08:07:49.968Z debug
-- START CF API REQUEST: POST https://api.cloudflare.com/client/v4/pages/assets/upload
---

--- 2025-12-11T08:07:49.968Z debug
QUERY STRING: omitted; set WRANGLER_LOG_SANITIZE=false to include sanitized data
---

--- 2025-12-11T08:07:49.968Z debug
HEADERS: omitted; set WRANGLER_LOG_SANITIZE=false to include sanitized data
---

--- 2025-12-11T08:07:49.968Z debug
INIT: omitted; set WRANGLER_LOG_SANITIZE=false to include sanitized data
---

--- 2025-12-11T08:07:49.968Z debug
-- END CF API REQUEST
---

--- 2025-12-11T08:07:50.435Z debug
-- START CF API RESPONSE: OK 200
---

--- 2025-12-11T08:07:50.436Z debug
HEADERS: omitted; set WRANGLER_LOG_SANITIZE=false to include sanitized data
---

--- 2025-12-11T08:07:50.436Z debug
RESPONSE: omitted; set WRANGLER_LOG_SANITIZE=false to include sanitized data
---

--- 2025-12-11T08:07:50.436Z debug
-- END CF API RESPONSE
---

--- 2025-12-11T08:07:50.437Z debug
result: { successful_key_count: 1, unsuccessful_keys: [] }
---

--- 2025-12-11T08:07:50.437Z log
Uploading... (1/1)
---

--- 2025-12-11T08:07:50.438Z log
✨ Success! Uploaded 1 files (1.39 sec)

---

--- 2025-12-11T08:07:50.438Z debug
-- START CF API REQUEST: POST https://api.cloudflare.com/client/v4/pages/assets/upsert-hashes
---

--- 2025-12-11T08:07:50.438Z debug
QUERY STRING: omitted; set WRANGLER_LOG_SANITIZE=false to include sanitized data
---

--- 2025-12-11T08:07:50.438Z debug
HEADERS: omitted; set WRANGLER_LOG_SANITIZE=false to include sanitized data
---

--- 2025-12-11T08:07:50.438Z debug
INIT: omitted; set WRANGLER_LOG_SANITIZE=false to include sanitized data
---

--- 2025-12-11T08:07:50.438Z debug
-- END CF API REQUEST
---

--- 2025-12-11T08:07:50.860Z debug
-- START CF API RESPONSE: OK 200
---

--- 2025-12-11T08:07:50.861Z debug
HEADERS: omitted; set WRANGLER_LOG_SANITIZE=false to include sanitized data
---

--- 2025-12-11T08:07:50.861Z debug
RESPONSE: omitted; set WRANGLER_LOG_SANITIZE=false to include sanitized data
---

--- 2025-12-11T08:07:50.861Z debug
-- END CF API RESPONSE
---

--- 2025-12-11T08:07:50.861Z debug
-- START CF API REQUEST: POST https://api.cloudflare.com/client/v4/accounts/2a19e225618239285dd1b8682a8796fa/pages/projects/user-rentapoggy-com/deployments
---

--- 2025-12-11T08:07:50.861Z debug
QUERY STRING: omitted; set WRANGLER_LOG_SANITIZE=false to include sanitized data
---

--- 2025-12-11T08:07:50.861Z debug
HEADERS: omitted; set WRANGLER_LOG_SANITIZE=false to include sanitized data
---

--- 2025-12-11T08:07:50.861Z debug
INIT: omitted; set WRANGLER_LOG_SANITIZE=false to include sanitized data
---

--- 2025-12-11T08:07:50.863Z debug
BODY: omitted; set WRANGLER_LOG_SANITIZE=false to include sanitized data
---

--- 2025-12-11T08:07:50.863Z debug
-- END CF API REQUEST
---

--- 2025-12-11T08:07:51.869Z debug
-- START CF API RESPONSE: OK 200
---

--- 2025-12-11T08:07:51.869Z debug
HEADERS: omitted; set WRANGLER_LOG_SANITIZE=false to include sanitized data
---

--- 2025-12-11T08:07:51.869Z debug
RESPONSE: omitted; set WRANGLER_LOG_SANITIZE=false to include sanitized data
---

--- 2025-12-11T08:07:51.869Z debug
-- END CF API RESPONSE
---

--- 2025-12-11T08:07:51.870Z debug
Saving to cache: {"account_id":"2a19e225618239285dd1b8682a8796fa","project_name":"user-rentapoggy-com"}
---

--- 2025-12-11T08:07:51.870Z log
🌎 Deploying...
---

--- 2025-12-11T08:07:52.871Z debug
attempt #1: Attempting to fetch status for deployment with id "6dec29e1-0e50-4172-adca-3b78f3dc35e4" ...
---

--- 2025-12-11T08:07:52.871Z debug
-- START CF API REQUEST: GET https://api.cloudflare.com/client/v4/accounts/2a19e225618239285dd1b8682a8796fa/pages/projects/user-rentapoggy-com/deployments/6dec29e1-0e50-4172-adca-3b78f3dc35e4
---

--- 2025-12-11T08:07:52.871Z debug
QUERY STRING: omitted; set WRANGLER_LOG_SANITIZE=false to include sanitized data
---

--- 2025-12-11T08:07:52.871Z debug
HEADERS: omitted; set WRANGLER_LOG_SANITIZE=false to include sanitized data
---

--- 2025-12-11T08:07:52.871Z debug
INIT: omitted; set WRANGLER_LOG_SANITIZE=false to include sanitized data
---

--- 2025-12-11T08:07:52.871Z debug
-- END CF API REQUEST
---

--- 2025-12-11T08:07:53.126Z debug
-- START CF API RESPONSE: OK 200
---

--- 2025-12-11T08:07:53.126Z debug
HEADERS: omitted; set WRANGLER_LOG_SANITIZE=false to include sanitized data
---

--- 2025-12-11T08:07:53.126Z debug
RESPONSE: omitted; set WRANGLER_LOG_SANITIZE=false to include sanitized data
---

--- 2025-12-11T08:07:53.126Z debug
-- END CF API RESPONSE
---

--- 2025-12-11T08:07:55.127Z debug
attempt #2: Attempting to fetch status for deployment with id "6dec29e1-0e50-4172-adca-3b78f3dc35e4" ...
---

--- 2025-12-11T08:07:55.127Z debug
-- START CF API REQUEST: GET https://api.cloudflare.com/client/v4/accounts/2a19e225618239285dd1b8682a8796fa/pages/projects/user-rentapoggy-com/deployments/6dec29e1-0e50-4172-adca-3b78f3dc35e4
---

--- 2025-12-11T08:07:55.127Z debug
QUERY STRING: omitted; set WRANGLER_LOG_SANITIZE=false to include sanitized data
---

--- 2025-12-11T08:07:55.127Z debug
HEADERS: omitted; set WRANGLER_LOG_SANITIZE=false to include sanitized data
---

--- 2025-12-11T08:07:55.127Z debug
INIT: omitted; set WRANGLER_LOG_SANITIZE=false to include sanitized data
---

--- 2025-12-11T08:07:55.127Z debug
-- END CF API REQUEST
---

--- 2025-12-11T08:07:55.418Z debug
-- START CF API RESPONSE: OK 200
---

--- 2025-12-11T08:07:55.418Z debug
HEADERS: omitted; set WRANGLER_LOG_SANITIZE=false to include sanitized data
---

--- 2025-12-11T08:07:55.418Z debug
RESPONSE: omitted; set WRANGLER_LOG_SANITIZE=false to include sanitized data
---

--- 2025-12-11T08:07:55.418Z debug
-- END CF API RESPONSE
---

--- 2025-12-11T08:07:55.419Z log
✨ Deployment complete! Take a peek over at https://6dec29e1.user-rentapoggy-com.pages.dev
---

--- 2025-12-11T08:07:55.420Z debug
Metrics dispatcher: Posting data {"deviceId":"c40fc470-29b9-4f42-b094-78fda8e8d726","event":"create pages deployment","timestamp":1765440475420,"properties":{"category":"Workers","wranglerVersion":"4.53.0","os":"linux:x64"}}
---

--- 2025-12-11T08:07:55.423Z debug
Metrics dispatcher: Posting data {"deviceId":"c40fc470-29b9-4f42-b094-78fda8e8d726","event":"wrangler command completed","timestamp":1765440475423,"properties":{"amplitude_session_id":1765440467262,"amplitude_event_id":1,"wranglerVersion":"4.53.0","osPlatform":"Linux","osVersion":"#1-NixOS SMP PREEMPT_DYNAMIC Tue Jan  1 00:00:00 UTC 1980","nodeVersion":20,"packageManager":"npm","isFirstUsage":false,"configFileType":"none","isCI":false,"isPagesCI":false,"isWorkersCI":false,"isInteractive":false,"hasAssets":false,"argsUsed":[],"argsCombination":"","command":"wrangler pages deploy","args":{},"durationMs":8186,"durationSeconds":8.186,"durationMinutes":0.13643333333333332}}
---
