
--- 2025-12-11T08:19:20.725Z debug
🪵  Writing logs to "/home/runner/workspace/.config/.wrangler/logs/wrangler-2025-12-11_08-19-20_444.log"
---

--- 2025-12-11T08:19:20.725Z debug
Metrics dispatcher: Posting data {"deviceId":"c40fc470-29b9-4f42-b094-78fda8e8d726","event":"wrangler command started","timestamp":1765441160725,"properties":{"amplitude_session_id":1765441160711,"amplitude_event_id":0,"wranglerVersion":"4.53.0","osPlatform":"Linux","osVersion":"#1-NixOS SMP PREEMPT_DYNAMIC Tue Jan  1 00:00:00 UTC 1980","nodeVersion":20,"packageManager":"npm","isFirstUsage":false,"configFileType":"none","isCI":false,"isPagesCI":false,"isWorkersCI":false,"isInteractive":false,"hasAssets":false,"argsUsed":[],"argsCombination":"","command":"wrangler pages deploy","args":{}}}
---

--- 2025-12-11T08:19:20.741Z debug
.env file not found at "/home/runner/workspace/.env". Continuing... For more details, refer to https://developers.cloudflare.com/workers/wrangler/system-environment-variables/
---

--- 2025-12-11T08:19:20.741Z debug
.env file not found at "/home/runner/workspace/.env.local". Continuing... For more details, refer to https://developers.cloudflare.com/workers/wrangler/system-environment-variables/
---

--- 2025-12-11T08:19:20.793Z log

 ⛅️ wrangler 4.53.0
───────────────────
---

--- 2025-12-11T08:19:20.808Z debug
-- START CF API REQUEST: GET https://api.cloudflare.com/client/v4/accounts/2a19e225618239285dd1b8682a8796fa/pages/projects/user-rentapoggy-com
---

--- 2025-12-11T08:19:20.808Z debug
QUERY STRING: omitted; set WRANGLER_LOG_SANITIZE=false to include sanitized data
---

--- 2025-12-11T08:19:20.808Z debug
HEADERS: omitted; set WRANGLER_LOG_SANITIZE=false to include sanitized data
---

--- 2025-12-11T08:19:20.808Z debug
INIT: omitted; set WRANGLER_LOG_SANITIZE=false to include sanitized data
---

--- 2025-12-11T08:19:20.808Z debug
-- END CF API REQUEST
---

--- 2025-12-11T08:19:21.581Z debug
-- START CF API RESPONSE: OK 200
---

--- 2025-12-11T08:19:21.582Z debug
HEADERS: omitted; set WRANGLER_LOG_SANITIZE=false to include sanitized data
---

--- 2025-12-11T08:19:21.582Z debug
RESPONSE: omitted; set WRANGLER_LOG_SANITIZE=false to include sanitized data
---

--- 2025-12-11T08:19:21.582Z debug
-- END CF API RESPONSE
---

--- 2025-12-11T08:19:21.615Z debug
-- START CF API REQUEST: GET https://api.cloudflare.com/client/v4/accounts/2a19e225618239285dd1b8682a8796fa/pages/projects/user-rentapoggy-com
---

--- 2025-12-11T08:19:21.616Z debug
QUERY STRING: omitted; set WRANGLER_LOG_SANITIZE=false to include sanitized data
---

--- 2025-12-11T08:19:21.616Z debug
HEADERS: omitted; set WRANGLER_LOG_SANITIZE=false to include sanitized data
---

--- 2025-12-11T08:19:21.616Z debug
INIT: omitted; set WRANGLER_LOG_SANITIZE=false to include sanitized data
---

--- 2025-12-11T08:19:21.616Z debug
-- END CF API REQUEST
---

--- 2025-12-11T08:19:22.574Z debug
-- START CF API RESPONSE: OK 200
---

--- 2025-12-11T08:19:22.575Z debug
HEADERS: omitted; set WRANGLER_LOG_SANITIZE=false to include sanitized data
---

--- 2025-12-11T08:19:22.575Z debug
RESPONSE: omitted; set WRANGLER_LOG_SANITIZE=false to include sanitized data
---

--- 2025-12-11T08:19:22.575Z debug
-- END CF API RESPONSE
---

--- 2025-12-11T08:19:22.585Z debug
-- START CF API REQUEST: GET https://api.cloudflare.com/client/v4/accounts/2a19e225618239285dd1b8682a8796fa/pages/projects/user-rentapoggy-com/upload-token
---

--- 2025-12-11T08:19:22.585Z debug
QUERY STRING: omitted; set WRANGLER_LOG_SANITIZE=false to include sanitized data
---

--- 2025-12-11T08:19:22.585Z debug
HEADERS: omitted; set WRANGLER_LOG_SANITIZE=false to include sanitized data
---

--- 2025-12-11T08:19:22.585Z debug
INIT: omitted; set WRANGLER_LOG_SANITIZE=false to include sanitized data
---

--- 2025-12-11T08:19:22.585Z debug
-- END CF API REQUEST
---

--- 2025-12-11T08:19:22.705Z debug
-- START CF API RESPONSE: OK 200
---

--- 2025-12-11T08:19:22.706Z debug
HEADERS: omitted; set WRANGLER_LOG_SANITIZE=false to include sanitized data
---

--- 2025-12-11T08:19:22.706Z debug
RESPONSE: omitted; set WRANGLER_LOG_SANITIZE=false to include sanitized data
---

--- 2025-12-11T08:19:22.706Z debug
-- END CF API RESPONSE
---

--- 2025-12-11T08:19:22.706Z debug
-- START CF API REQUEST: POST https://api.cloudflare.com/client/v4/pages/assets/check-missing
---

--- 2025-12-11T08:19:22.706Z debug
QUERY STRING: omitted; set WRANGLER_LOG_SANITIZE=false to include sanitized data
---

--- 2025-12-11T08:19:22.706Z debug
HEADERS: omitted; set WRANGLER_LOG_SANITIZE=false to include sanitized data
---

--- 2025-12-11T08:19:22.707Z debug
INIT: omitted; set WRANGLER_LOG_SANITIZE=false to include sanitized data
---

--- 2025-12-11T08:19:22.707Z debug
-- END CF API REQUEST
---

--- 2025-12-11T08:19:22.964Z debug
-- START CF API RESPONSE: OK 200
---

--- 2025-12-11T08:19:22.965Z debug
HEADERS: omitted; set WRANGLER_LOG_SANITIZE=false to include sanitized data
---

--- 2025-12-11T08:19:22.965Z debug
RESPONSE: omitted; set WRANGLER_LOG_SANITIZE=false to include sanitized data
---

--- 2025-12-11T08:19:22.965Z debug
-- END CF API RESPONSE
---

--- 2025-12-11T08:19:22.965Z log
Uploading... (1/1)
---

--- 2025-12-11T08:19:22.966Z log
✨ Success! Uploaded 0 files (1 already uploaded) (0.26 sec)

---

--- 2025-12-11T08:19:22.966Z debug
-- START CF API REQUEST: POST https://api.cloudflare.com/client/v4/pages/assets/upsert-hashes
---

--- 2025-12-11T08:19:22.966Z debug
QUERY STRING: omitted; set WRANGLER_LOG_SANITIZE=false to include sanitized data
---

--- 2025-12-11T08:19:22.966Z debug
HEADERS: omitted; set WRANGLER_LOG_SANITIZE=false to include sanitized data
---

--- 2025-12-11T08:19:22.966Z debug
INIT: omitted; set WRANGLER_LOG_SANITIZE=false to include sanitized data
---

--- 2025-12-11T08:19:22.966Z debug
-- END CF API REQUEST
---

--- 2025-12-11T08:19:23.264Z debug
-- START CF API RESPONSE: OK 200
---

--- 2025-12-11T08:19:23.265Z debug
HEADERS: omitted; set WRANGLER_LOG_SANITIZE=false to include sanitized data
---

--- 2025-12-11T08:19:23.265Z debug
RESPONSE: omitted; set WRANGLER_LOG_SANITIZE=false to include sanitized data
---

--- 2025-12-11T08:19:23.265Z debug
-- END CF API RESPONSE
---

--- 2025-12-11T08:19:23.265Z debug
-- START CF API REQUEST: POST https://api.cloudflare.com/client/v4/accounts/2a19e225618239285dd1b8682a8796fa/pages/projects/user-rentapoggy-com/deployments
---

--- 2025-12-11T08:19:23.265Z debug
QUERY STRING: omitted; set WRANGLER_LOG_SANITIZE=false to include sanitized data
---

--- 2025-12-11T08:19:23.265Z debug
HEADERS: omitted; set WRANGLER_LOG_SANITIZE=false to include sanitized data
---

--- 2025-12-11T08:19:23.265Z debug
INIT: omitted; set WRANGLER_LOG_SANITIZE=false to include sanitized data
---

--- 2025-12-11T08:19:23.266Z debug
BODY: omitted; set WRANGLER_LOG_SANITIZE=false to include sanitized data
---

--- 2025-12-11T08:19:23.266Z debug
-- END CF API REQUEST
---

--- 2025-12-11T08:19:24.414Z debug
-- START CF API RESPONSE: OK 200
---

--- 2025-12-11T08:19:24.414Z debug
HEADERS: omitted; set WRANGLER_LOG_SANITIZE=false to include sanitized data
---

--- 2025-12-11T08:19:24.414Z debug
RESPONSE: omitted; set WRANGLER_LOG_SANITIZE=false to include sanitized data
---

--- 2025-12-11T08:19:24.414Z debug
-- END CF API RESPONSE
---

--- 2025-12-11T08:19:24.414Z debug
Saving to cache: {"account_id":"2a19e225618239285dd1b8682a8796fa","project_name":"user-rentapoggy-com"}
---

--- 2025-12-11T08:19:24.415Z log
🌎 Deploying...
---

--- 2025-12-11T08:19:25.415Z debug
attempt #1: Attempting to fetch status for deployment with id "a087583b-7e60-4982-bc7a-370f8d16ae41" ...
---

--- 2025-12-11T08:19:25.415Z debug
-- START CF API REQUEST: GET https://api.cloudflare.com/client/v4/accounts/2a19e225618239285dd1b8682a8796fa/pages/projects/user-rentapoggy-com/deployments/a087583b-7e60-4982-bc7a-370f8d16ae41
---

--- 2025-12-11T08:19:25.415Z debug
QUERY STRING: omitted; set WRANGLER_LOG_SANITIZE=false to include sanitized data
---

--- 2025-12-11T08:19:25.416Z debug
HEADERS: omitted; set WRANGLER_LOG_SANITIZE=false to include sanitized data
---

--- 2025-12-11T08:19:25.416Z debug
INIT: omitted; set WRANGLER_LOG_SANITIZE=false to include sanitized data
---

--- 2025-12-11T08:19:25.416Z debug
-- END CF API REQUEST
---

--- 2025-12-11T08:19:25.930Z debug
-- START CF API RESPONSE: OK 200
---

--- 2025-12-11T08:19:25.930Z debug
HEADERS: omitted; set WRANGLER_LOG_SANITIZE=false to include sanitized data
---

--- 2025-12-11T08:19:25.930Z debug
RESPONSE: omitted; set WRANGLER_LOG_SANITIZE=false to include sanitized data
---

--- 2025-12-11T08:19:25.930Z debug
-- END CF API RESPONSE
---

--- 2025-12-11T08:19:27.931Z debug
attempt #2: Attempting to fetch status for deployment with id "a087583b-7e60-4982-bc7a-370f8d16ae41" ...
---

--- 2025-12-11T08:19:27.932Z debug
-- START CF API REQUEST: GET https://api.cloudflare.com/client/v4/accounts/2a19e225618239285dd1b8682a8796fa/pages/projects/user-rentapoggy-com/deployments/a087583b-7e60-4982-bc7a-370f8d16ae41
---

--- 2025-12-11T08:19:27.932Z debug
QUERY STRING: omitted; set WRANGLER_LOG_SANITIZE=false to include sanitized data
---

--- 2025-12-11T08:19:27.932Z debug
HEADERS: omitted; set WRANGLER_LOG_SANITIZE=false to include sanitized data
---

--- 2025-12-11T08:19:27.932Z debug
INIT: omitted; set WRANGLER_LOG_SANITIZE=false to include sanitized data
---

--- 2025-12-11T08:19:27.932Z debug
-- END CF API REQUEST
---

--- 2025-12-11T08:19:28.182Z debug
-- START CF API RESPONSE: OK 200
---

--- 2025-12-11T08:19:28.182Z debug
HEADERS: omitted; set WRANGLER_LOG_SANITIZE=false to include sanitized data
---

--- 2025-12-11T08:19:28.182Z debug
RESPONSE: omitted; set WRANGLER_LOG_SANITIZE=false to include sanitized data
---

--- 2025-12-11T08:19:28.182Z debug
-- END CF API RESPONSE
---

--- 2025-12-11T08:19:28.183Z log
✨ Deployment complete! Take a peek over at https://a087583b.user-rentapoggy-com.pages.dev
---

--- 2025-12-11T08:19:28.184Z debug
Metrics dispatcher: Posting data {"deviceId":"c40fc470-29b9-4f42-b094-78fda8e8d726","event":"create pages deployment","timestamp":1765441168183,"properties":{"category":"Workers","wranglerVersion":"4.53.0","os":"linux:x64"}}
---

--- 2025-12-11T08:19:28.187Z debug
Metrics dispatcher: Posting data {"deviceId":"c40fc470-29b9-4f42-b094-78fda8e8d726","event":"wrangler command completed","timestamp":1765441168187,"properties":{"amplitude_session_id":1765441160711,"amplitude_event_id":1,"wranglerVersion":"4.53.0","osPlatform":"Linux","osVersion":"#1-NixOS SMP PREEMPT_DYNAMIC Tue Jan  1 00:00:00 UTC 1980","nodeVersion":20,"packageManager":"npm","isFirstUsage":false,"configFileType":"none","isCI":false,"isPagesCI":false,"isWorkersCI":false,"isInteractive":false,"hasAssets":false,"argsUsed":[],"argsCombination":"","command":"wrangler pages deploy","args":{},"durationMs":7520,"durationSeconds":7.52,"durationMinutes":0.12533333333333332}}
---
