
--- 2025-12-12T21:48:10.859Z debug
🪵  Writing logs to "/home/runner/workspace/.config/.wrangler/logs/wrangler-2025-12-12_21-48-10_616.log"
---

--- 2025-12-12T21:48:10.859Z debug
Metrics dispatcher: Posting data {"deviceId":"c40fc470-29b9-4f42-b094-78fda8e8d726","event":"wrangler command started","timestamp":1765576090858,"properties":{"amplitude_session_id":1765576090857,"amplitude_event_id":0,"wranglerVersion":"4.53.0","osPlatform":"Linux","osVersion":"#1-NixOS SMP PREEMPT_DYNAMIC Tue Jan  1 00:00:00 UTC 1980","nodeVersion":20,"packageManager":"npm","isFirstUsage":false,"configFileType":"none","isCI":false,"isPagesCI":false,"isWorkersCI":false,"isInteractive":false,"hasAssets":false,"argsUsed":[],"argsCombination":"","command":"wrangler pages deploy","args":{}}}
---

--- 2025-12-12T21:48:10.871Z debug
.env file not found at "/home/runner/workspace/.env". Continuing... For more details, refer to https://developers.cloudflare.com/workers/wrangler/system-environment-variables/
---

--- 2025-12-12T21:48:10.871Z debug
.env file not found at "/home/runner/workspace/.env.local". Continuing... For more details, refer to https://developers.cloudflare.com/workers/wrangler/system-environment-variables/
---

--- 2025-12-12T21:48:10.908Z log

 ⛅️ wrangler 4.53.0 (update available 4.54.0)
─────────────────────────────────────────────
---

--- 2025-12-12T21:48:10.924Z debug
-- START CF API REQUEST: GET https://api.cloudflare.com/client/v4/accounts/2a19e225618239285dd1b8682a8796fa/pages/projects/user-rentapoggy-com
---

--- 2025-12-12T21:48:10.924Z debug
QUERY STRING: omitted; set WRANGLER_LOG_SANITIZE=false to include sanitized data
---

--- 2025-12-12T21:48:10.924Z debug
HEADERS: omitted; set WRANGLER_LOG_SANITIZE=false to include sanitized data
---

--- 2025-12-12T21:48:10.924Z debug
INIT: omitted; set WRANGLER_LOG_SANITIZE=false to include sanitized data
---

--- 2025-12-12T21:48:10.924Z debug
-- END CF API REQUEST
---

--- 2025-12-12T21:48:11.343Z debug
-- START CF API RESPONSE: OK 200
---

--- 2025-12-12T21:48:11.344Z debug
HEADERS: omitted; set WRANGLER_LOG_SANITIZE=false to include sanitized data
---

--- 2025-12-12T21:48:11.345Z debug
RESPONSE: omitted; set WRANGLER_LOG_SANITIZE=false to include sanitized data
---

--- 2025-12-12T21:48:11.345Z debug
-- END CF API RESPONSE
---

--- 2025-12-12T21:48:11.425Z debug
-- START CF API REQUEST: GET https://api.cloudflare.com/client/v4/accounts/2a19e225618239285dd1b8682a8796fa/pages/projects/user-rentapoggy-com
---

--- 2025-12-12T21:48:11.425Z debug
QUERY STRING: omitted; set WRANGLER_LOG_SANITIZE=false to include sanitized data
---

--- 2025-12-12T21:48:11.425Z debug
HEADERS: omitted; set WRANGLER_LOG_SANITIZE=false to include sanitized data
---

--- 2025-12-12T21:48:11.425Z debug
INIT: omitted; set WRANGLER_LOG_SANITIZE=false to include sanitized data
---

--- 2025-12-12T21:48:11.425Z debug
-- END CF API REQUEST
---

--- 2025-12-12T21:48:11.810Z debug
-- START CF API RESPONSE: OK 200
---

--- 2025-12-12T21:48:11.810Z debug
HEADERS: omitted; set WRANGLER_LOG_SANITIZE=false to include sanitized data
---

--- 2025-12-12T21:48:11.810Z debug
RESPONSE: omitted; set WRANGLER_LOG_SANITIZE=false to include sanitized data
---

--- 2025-12-12T21:48:11.810Z debug
-- END CF API RESPONSE
---

--- 2025-12-12T21:48:11.821Z debug
-- START CF API REQUEST: GET https://api.cloudflare.com/client/v4/accounts/2a19e225618239285dd1b8682a8796fa/pages/projects/user-rentapoggy-com/upload-token
---

--- 2025-12-12T21:48:11.821Z debug
QUERY STRING: omitted; set WRANGLER_LOG_SANITIZE=false to include sanitized data
---

--- 2025-12-12T21:48:11.821Z debug
HEADERS: omitted; set WRANGLER_LOG_SANITIZE=false to include sanitized data
---

--- 2025-12-12T21:48:11.821Z debug
INIT: omitted; set WRANGLER_LOG_SANITIZE=false to include sanitized data
---

--- 2025-12-12T21:48:11.822Z debug
-- END CF API REQUEST
---

--- 2025-12-12T21:48:11.920Z debug
-- START CF API RESPONSE: OK 200
---

--- 2025-12-12T21:48:11.920Z debug
HEADERS: omitted; set WRANGLER_LOG_SANITIZE=false to include sanitized data
---

--- 2025-12-12T21:48:11.920Z debug
RESPONSE: omitted; set WRANGLER_LOG_SANITIZE=false to include sanitized data
---

--- 2025-12-12T21:48:11.920Z debug
-- END CF API RESPONSE
---

--- 2025-12-12T21:48:11.920Z debug
-- START CF API REQUEST: POST https://api.cloudflare.com/client/v4/pages/assets/check-missing
---

--- 2025-12-12T21:48:11.921Z debug
QUERY STRING: omitted; set WRANGLER_LOG_SANITIZE=false to include sanitized data
---

--- 2025-12-12T21:48:11.921Z debug
HEADERS: omitted; set WRANGLER_LOG_SANITIZE=false to include sanitized data
---

--- 2025-12-12T21:48:11.921Z debug
INIT: omitted; set WRANGLER_LOG_SANITIZE=false to include sanitized data
---

--- 2025-12-12T21:48:11.921Z debug
-- END CF API REQUEST
---

--- 2025-12-12T21:48:12.159Z debug
-- START CF API RESPONSE: OK 200
---

--- 2025-12-12T21:48:12.160Z debug
HEADERS: omitted; set WRANGLER_LOG_SANITIZE=false to include sanitized data
---

--- 2025-12-12T21:48:12.160Z debug
RESPONSE: omitted; set WRANGLER_LOG_SANITIZE=false to include sanitized data
---

--- 2025-12-12T21:48:12.160Z debug
-- END CF API RESPONSE
---

--- 2025-12-12T21:48:12.160Z log
Uploading... (0/1)
---

--- 2025-12-12T21:48:12.162Z debug
POST /pages/assets/upload
---

--- 2025-12-12T21:48:12.162Z debug
-- START CF API REQUEST: POST https://api.cloudflare.com/client/v4/pages/assets/upload
---

--- 2025-12-12T21:48:12.162Z debug
QUERY STRING: omitted; set WRANGLER_LOG_SANITIZE=false to include sanitized data
---

--- 2025-12-12T21:48:12.163Z debug
HEADERS: omitted; set WRANGLER_LOG_SANITIZE=false to include sanitized data
---

--- 2025-12-12T21:48:12.163Z debug
INIT: omitted; set WRANGLER_LOG_SANITIZE=false to include sanitized data
---

--- 2025-12-12T21:48:12.163Z debug
-- END CF API REQUEST
---

--- 2025-12-12T21:48:12.712Z debug
-- START CF API RESPONSE: OK 200
---

--- 2025-12-12T21:48:12.712Z debug
HEADERS: omitted; set WRANGLER_LOG_SANITIZE=false to include sanitized data
---

--- 2025-12-12T21:48:12.712Z debug
RESPONSE: omitted; set WRANGLER_LOG_SANITIZE=false to include sanitized data
---

--- 2025-12-12T21:48:12.712Z debug
-- END CF API RESPONSE
---

--- 2025-12-12T21:48:12.714Z debug
result: { successful_key_count: 1, unsuccessful_keys: [] }
---

--- 2025-12-12T21:48:12.714Z log
Uploading... (1/1)
---

--- 2025-12-12T21:48:12.714Z log
✨ Success! Uploaded 1 files (0.79 sec)

---

--- 2025-12-12T21:48:12.714Z debug
-- START CF API REQUEST: POST https://api.cloudflare.com/client/v4/pages/assets/upsert-hashes
---

--- 2025-12-12T21:48:12.714Z debug
QUERY STRING: omitted; set WRANGLER_LOG_SANITIZE=false to include sanitized data
---

--- 2025-12-12T21:48:12.714Z debug
HEADERS: omitted; set WRANGLER_LOG_SANITIZE=false to include sanitized data
---

--- 2025-12-12T21:48:12.714Z debug
INIT: omitted; set WRANGLER_LOG_SANITIZE=false to include sanitized data
---

--- 2025-12-12T21:48:12.714Z debug
-- END CF API REQUEST
---

--- 2025-12-12T21:48:13.022Z debug
-- START CF API RESPONSE: OK 200
---

--- 2025-12-12T21:48:13.022Z debug
HEADERS: omitted; set WRANGLER_LOG_SANITIZE=false to include sanitized data
---

--- 2025-12-12T21:48:13.022Z debug
RESPONSE: omitted; set WRANGLER_LOG_SANITIZE=false to include sanitized data
---

--- 2025-12-12T21:48:13.022Z debug
-- END CF API RESPONSE
---

--- 2025-12-12T21:48:13.023Z debug
-- START CF API REQUEST: POST https://api.cloudflare.com/client/v4/accounts/2a19e225618239285dd1b8682a8796fa/pages/projects/user-rentapoggy-com/deployments
---

--- 2025-12-12T21:48:13.023Z debug
QUERY STRING: omitted; set WRANGLER_LOG_SANITIZE=false to include sanitized data
---

--- 2025-12-12T21:48:13.023Z debug
HEADERS: omitted; set WRANGLER_LOG_SANITIZE=false to include sanitized data
---

--- 2025-12-12T21:48:13.023Z debug
INIT: omitted; set WRANGLER_LOG_SANITIZE=false to include sanitized data
---

--- 2025-12-12T21:48:13.024Z debug
BODY: omitted; set WRANGLER_LOG_SANITIZE=false to include sanitized data
---

--- 2025-12-12T21:48:13.024Z debug
-- END CF API REQUEST
---

--- 2025-12-12T21:48:14.111Z debug
-- START CF API RESPONSE: OK 200
---

--- 2025-12-12T21:48:14.111Z debug
HEADERS: omitted; set WRANGLER_LOG_SANITIZE=false to include sanitized data
---

--- 2025-12-12T21:48:14.111Z debug
RESPONSE: omitted; set WRANGLER_LOG_SANITIZE=false to include sanitized data
---

--- 2025-12-12T21:48:14.111Z debug
-- END CF API RESPONSE
---

--- 2025-12-12T21:48:14.112Z debug
Saving to cache: {"account_id":"2a19e225618239285dd1b8682a8796fa","project_name":"user-rentapoggy-com"}
---

--- 2025-12-12T21:48:14.113Z log
🌎 Deploying...
---

--- 2025-12-12T21:48:15.115Z debug
attempt #1: Attempting to fetch status for deployment with id "4a1e401a-0e3b-455e-92fc-4a47bfbce3f4" ...
---

--- 2025-12-12T21:48:15.115Z debug
-- START CF API REQUEST: GET https://api.cloudflare.com/client/v4/accounts/2a19e225618239285dd1b8682a8796fa/pages/projects/user-rentapoggy-com/deployments/4a1e401a-0e3b-455e-92fc-4a47bfbce3f4
---

--- 2025-12-12T21:48:15.115Z debug
QUERY STRING: omitted; set WRANGLER_LOG_SANITIZE=false to include sanitized data
---

--- 2025-12-12T21:48:15.115Z debug
HEADERS: omitted; set WRANGLER_LOG_SANITIZE=false to include sanitized data
---

--- 2025-12-12T21:48:15.115Z debug
INIT: omitted; set WRANGLER_LOG_SANITIZE=false to include sanitized data
---

--- 2025-12-12T21:48:15.115Z debug
-- END CF API REQUEST
---

--- 2025-12-12T21:48:15.364Z debug
-- START CF API RESPONSE: OK 200
---

--- 2025-12-12T21:48:15.364Z debug
HEADERS: omitted; set WRANGLER_LOG_SANITIZE=false to include sanitized data
---

--- 2025-12-12T21:48:15.364Z debug
RESPONSE: omitted; set WRANGLER_LOG_SANITIZE=false to include sanitized data
---

--- 2025-12-12T21:48:15.364Z debug
-- END CF API RESPONSE
---

--- 2025-12-12T21:48:17.365Z debug
attempt #2: Attempting to fetch status for deployment with id "4a1e401a-0e3b-455e-92fc-4a47bfbce3f4" ...
---

--- 2025-12-12T21:48:17.365Z debug
-- START CF API REQUEST: GET https://api.cloudflare.com/client/v4/accounts/2a19e225618239285dd1b8682a8796fa/pages/projects/user-rentapoggy-com/deployments/4a1e401a-0e3b-455e-92fc-4a47bfbce3f4
---

--- 2025-12-12T21:48:17.365Z debug
QUERY STRING: omitted; set WRANGLER_LOG_SANITIZE=false to include sanitized data
---

--- 2025-12-12T21:48:17.365Z debug
HEADERS: omitted; set WRANGLER_LOG_SANITIZE=false to include sanitized data
---

--- 2025-12-12T21:48:17.365Z debug
INIT: omitted; set WRANGLER_LOG_SANITIZE=false to include sanitized data
---

--- 2025-12-12T21:48:17.365Z debug
-- END CF API REQUEST
---

--- 2025-12-12T21:48:17.642Z debug
-- START CF API RESPONSE: OK 200
---

--- 2025-12-12T21:48:17.642Z debug
HEADERS: omitted; set WRANGLER_LOG_SANITIZE=false to include sanitized data
---

--- 2025-12-12T21:48:17.642Z debug
RESPONSE: omitted; set WRANGLER_LOG_SANITIZE=false to include sanitized data
---

--- 2025-12-12T21:48:17.642Z debug
-- END CF API RESPONSE
---

--- 2025-12-12T21:48:17.643Z log
✨ Deployment complete! Take a peek over at https://4a1e401a.user-rentapoggy-com.pages.dev
---

--- 2025-12-12T21:48:17.644Z debug
Metrics dispatcher: Posting data {"deviceId":"c40fc470-29b9-4f42-b094-78fda8e8d726","event":"create pages deployment","timestamp":1765576097644,"properties":{"category":"Workers","wranglerVersion":"4.53.0","os":"linux:x64"}}
---

--- 2025-12-12T21:48:17.646Z debug
Metrics dispatcher: Posting data {"deviceId":"c40fc470-29b9-4f42-b094-78fda8e8d726","event":"wrangler command completed","timestamp":1765576097646,"properties":{"amplitude_session_id":1765576090857,"amplitude_event_id":1,"wranglerVersion":"4.53.0","osPlatform":"Linux","osVersion":"#1-NixOS SMP PREEMPT_DYNAMIC Tue Jan  1 00:00:00 UTC 1980","nodeVersion":20,"packageManager":"npm","isFirstUsage":false,"configFileType":"none","isCI":false,"isPagesCI":false,"isWorkersCI":false,"isInteractive":false,"hasAssets":false,"argsUsed":[],"argsCombination":"","command":"wrangler pages deploy","args":{},"durationMs":6811,"durationSeconds":6.811,"durationMinutes":0.11351666666666667}}
---
