
--- 2025-12-12T22:03:45.223Z debug
🪵  Writing logs to "/home/runner/workspace/.config/.wrangler/logs/wrangler-2025-12-12_22-03-44_995.log"
---

--- 2025-12-12T22:03:45.223Z debug
Metrics dispatcher: Posting data {"deviceId":"c40fc470-29b9-4f42-b094-78fda8e8d726","event":"wrangler command started","timestamp":1765577025223,"properties":{"amplitude_session_id":1765577025221,"amplitude_event_id":0,"wranglerVersion":"4.53.0","osPlatform":"Linux","osVersion":"#1-NixOS SMP PREEMPT_DYNAMIC Tue Jan  1 00:00:00 UTC 1980","nodeVersion":20,"packageManager":"npm","isFirstUsage":false,"configFileType":"none","isCI":false,"isPagesCI":false,"isWorkersCI":false,"isInteractive":false,"hasAssets":false,"argsUsed":[],"argsCombination":"","command":"wrangler pages deploy","args":{}}}
---

--- 2025-12-12T22:03:45.243Z debug
.env file not found at "/home/runner/workspace/.env". Continuing... For more details, refer to https://developers.cloudflare.com/workers/wrangler/system-environment-variables/
---

--- 2025-12-12T22:03:45.243Z debug
.env file not found at "/home/runner/workspace/.env.local". Continuing... For more details, refer to https://developers.cloudflare.com/workers/wrangler/system-environment-variables/
---

--- 2025-12-12T22:03:45.277Z log

 ⛅️ wrangler 4.53.0 (update available 4.54.0)
─────────────────────────────────────────────
---

--- 2025-12-12T22:03:45.290Z debug
-- START CF API REQUEST: GET https://api.cloudflare.com/client/v4/accounts/2a19e225618239285dd1b8682a8796fa/pages/projects/user-rentapoggy-com
---

--- 2025-12-12T22:03:45.290Z debug
QUERY STRING: omitted; set WRANGLER_LOG_SANITIZE=false to include sanitized data
---

--- 2025-12-12T22:03:45.290Z debug
HEADERS: omitted; set WRANGLER_LOG_SANITIZE=false to include sanitized data
---

--- 2025-12-12T22:03:45.290Z debug
INIT: omitted; set WRANGLER_LOG_SANITIZE=false to include sanitized data
---

--- 2025-12-12T22:03:45.290Z debug
-- END CF API REQUEST
---

--- 2025-12-12T22:03:45.718Z debug
-- START CF API RESPONSE: OK 200
---

--- 2025-12-12T22:03:45.718Z debug
HEADERS: omitted; set WRANGLER_LOG_SANITIZE=false to include sanitized data
---

--- 2025-12-12T22:03:45.718Z debug
RESPONSE: omitted; set WRANGLER_LOG_SANITIZE=false to include sanitized data
---

--- 2025-12-12T22:03:45.718Z debug
-- END CF API RESPONSE
---

--- 2025-12-12T22:03:45.759Z debug
-- START CF API REQUEST: GET https://api.cloudflare.com/client/v4/accounts/2a19e225618239285dd1b8682a8796fa/pages/projects/user-rentapoggy-com
---

--- 2025-12-12T22:03:45.759Z debug
QUERY STRING: omitted; set WRANGLER_LOG_SANITIZE=false to include sanitized data
---

--- 2025-12-12T22:03:45.759Z debug
HEADERS: omitted; set WRANGLER_LOG_SANITIZE=false to include sanitized data
---

--- 2025-12-12T22:03:45.759Z debug
INIT: omitted; set WRANGLER_LOG_SANITIZE=false to include sanitized data
---

--- 2025-12-12T22:03:45.759Z debug
-- END CF API REQUEST
---

--- 2025-12-12T22:03:46.121Z debug
-- START CF API RESPONSE: OK 200
---

--- 2025-12-12T22:03:46.121Z debug
HEADERS: omitted; set WRANGLER_LOG_SANITIZE=false to include sanitized data
---

--- 2025-12-12T22:03:46.121Z debug
RESPONSE: omitted; set WRANGLER_LOG_SANITIZE=false to include sanitized data
---

--- 2025-12-12T22:03:46.121Z debug
-- END CF API RESPONSE
---

--- 2025-12-12T22:03:46.131Z debug
-- START CF API REQUEST: GET https://api.cloudflare.com/client/v4/accounts/2a19e225618239285dd1b8682a8796fa/pages/projects/user-rentapoggy-com/upload-token
---

--- 2025-12-12T22:03:46.131Z debug
QUERY STRING: omitted; set WRANGLER_LOG_SANITIZE=false to include sanitized data
---

--- 2025-12-12T22:03:46.131Z debug
HEADERS: omitted; set WRANGLER_LOG_SANITIZE=false to include sanitized data
---

--- 2025-12-12T22:03:46.131Z debug
INIT: omitted; set WRANGLER_LOG_SANITIZE=false to include sanitized data
---

--- 2025-12-12T22:03:46.131Z debug
-- END CF API REQUEST
---

--- 2025-12-12T22:03:46.538Z debug
-- START CF API RESPONSE: OK 200
---

--- 2025-12-12T22:03:46.538Z debug
HEADERS: omitted; set WRANGLER_LOG_SANITIZE=false to include sanitized data
---

--- 2025-12-12T22:03:46.538Z debug
RESPONSE: omitted; set WRANGLER_LOG_SANITIZE=false to include sanitized data
---

--- 2025-12-12T22:03:46.538Z debug
-- END CF API RESPONSE
---

--- 2025-12-12T22:03:46.538Z debug
-- START CF API REQUEST: POST https://api.cloudflare.com/client/v4/pages/assets/check-missing
---

--- 2025-12-12T22:03:46.538Z debug
QUERY STRING: omitted; set WRANGLER_LOG_SANITIZE=false to include sanitized data
---

--- 2025-12-12T22:03:46.538Z debug
HEADERS: omitted; set WRANGLER_LOG_SANITIZE=false to include sanitized data
---

--- 2025-12-12T22:03:46.538Z debug
INIT: omitted; set WRANGLER_LOG_SANITIZE=false to include sanitized data
---

--- 2025-12-12T22:03:46.538Z debug
-- END CF API REQUEST
---

--- 2025-12-12T22:03:46.753Z debug
-- START CF API RESPONSE: OK 200
---

--- 2025-12-12T22:03:46.754Z debug
HEADERS: omitted; set WRANGLER_LOG_SANITIZE=false to include sanitized data
---

--- 2025-12-12T22:03:46.754Z debug
RESPONSE: omitted; set WRANGLER_LOG_SANITIZE=false to include sanitized data
---

--- 2025-12-12T22:03:46.754Z debug
-- END CF API RESPONSE
---

--- 2025-12-12T22:03:46.754Z log
Uploading... (0/1)
---

--- 2025-12-12T22:03:46.756Z debug
POST /pages/assets/upload
---

--- 2025-12-12T22:03:46.757Z debug
-- START CF API REQUEST: POST https://api.cloudflare.com/client/v4/pages/assets/upload
---

--- 2025-12-12T22:03:46.757Z debug
QUERY STRING: omitted; set WRANGLER_LOG_SANITIZE=false to include sanitized data
---

--- 2025-12-12T22:03:46.757Z debug
HEADERS: omitted; set WRANGLER_LOG_SANITIZE=false to include sanitized data
---

--- 2025-12-12T22:03:46.757Z debug
INIT: omitted; set WRANGLER_LOG_SANITIZE=false to include sanitized data
---

--- 2025-12-12T22:03:46.757Z debug
-- END CF API REQUEST
---

--- 2025-12-12T22:03:47.296Z debug
-- START CF API RESPONSE: OK 200
---

--- 2025-12-12T22:03:47.296Z debug
HEADERS: omitted; set WRANGLER_LOG_SANITIZE=false to include sanitized data
---

--- 2025-12-12T22:03:47.296Z debug
RESPONSE: omitted; set WRANGLER_LOG_SANITIZE=false to include sanitized data
---

--- 2025-12-12T22:03:47.296Z debug
-- END CF API RESPONSE
---

--- 2025-12-12T22:03:47.298Z debug
result: { successful_key_count: 1, unsuccessful_keys: [] }
---

--- 2025-12-12T22:03:47.298Z log
Uploading... (1/1)
---

--- 2025-12-12T22:03:47.298Z log
✨ Success! Uploaded 1 files (0.76 sec)

---

--- 2025-12-12T22:03:47.298Z debug
-- START CF API REQUEST: POST https://api.cloudflare.com/client/v4/pages/assets/upsert-hashes
---

--- 2025-12-12T22:03:47.298Z debug
QUERY STRING: omitted; set WRANGLER_LOG_SANITIZE=false to include sanitized data
---

--- 2025-12-12T22:03:47.298Z debug
HEADERS: omitted; set WRANGLER_LOG_SANITIZE=false to include sanitized data
---

--- 2025-12-12T22:03:47.298Z debug
INIT: omitted; set WRANGLER_LOG_SANITIZE=false to include sanitized data
---

--- 2025-12-12T22:03:47.298Z debug
-- END CF API REQUEST
---

--- 2025-12-12T22:03:47.648Z debug
-- START CF API RESPONSE: OK 200
---

--- 2025-12-12T22:03:47.648Z debug
HEADERS: omitted; set WRANGLER_LOG_SANITIZE=false to include sanitized data
---

--- 2025-12-12T22:03:47.648Z debug
RESPONSE: omitted; set WRANGLER_LOG_SANITIZE=false to include sanitized data
---

--- 2025-12-12T22:03:47.648Z debug
-- END CF API RESPONSE
---

--- 2025-12-12T22:03:47.649Z debug
-- START CF API REQUEST: POST https://api.cloudflare.com/client/v4/accounts/2a19e225618239285dd1b8682a8796fa/pages/projects/user-rentapoggy-com/deployments
---

--- 2025-12-12T22:03:47.649Z debug
QUERY STRING: omitted; set WRANGLER_LOG_SANITIZE=false to include sanitized data
---

--- 2025-12-12T22:03:47.649Z debug
HEADERS: omitted; set WRANGLER_LOG_SANITIZE=false to include sanitized data
---

--- 2025-12-12T22:03:47.649Z debug
INIT: omitted; set WRANGLER_LOG_SANITIZE=false to include sanitized data
---

--- 2025-12-12T22:03:47.651Z debug
BODY: omitted; set WRANGLER_LOG_SANITIZE=false to include sanitized data
---

--- 2025-12-12T22:03:47.651Z debug
-- END CF API REQUEST
---

--- 2025-12-12T22:03:48.793Z debug
-- START CF API RESPONSE: OK 200
---

--- 2025-12-12T22:03:48.793Z debug
HEADERS: omitted; set WRANGLER_LOG_SANITIZE=false to include sanitized data
---

--- 2025-12-12T22:03:48.793Z debug
RESPONSE: omitted; set WRANGLER_LOG_SANITIZE=false to include sanitized data
---

--- 2025-12-12T22:03:48.793Z debug
-- END CF API RESPONSE
---

--- 2025-12-12T22:03:48.794Z debug
Saving to cache: {"account_id":"2a19e225618239285dd1b8682a8796fa","project_name":"user-rentapoggy-com"}
---

--- 2025-12-12T22:03:48.794Z log
🌎 Deploying...
---

--- 2025-12-12T22:03:49.796Z debug
attempt #1: Attempting to fetch status for deployment with id "081fd8e9-9669-4292-911b-0cadc4e1fd39" ...
---

--- 2025-12-12T22:03:49.796Z debug
-- START CF API REQUEST: GET https://api.cloudflare.com/client/v4/accounts/2a19e225618239285dd1b8682a8796fa/pages/projects/user-rentapoggy-com/deployments/081fd8e9-9669-4292-911b-0cadc4e1fd39
---

--- 2025-12-12T22:03:49.796Z debug
QUERY STRING: omitted; set WRANGLER_LOG_SANITIZE=false to include sanitized data
---

--- 2025-12-12T22:03:49.796Z debug
HEADERS: omitted; set WRANGLER_LOG_SANITIZE=false to include sanitized data
---

--- 2025-12-12T22:03:49.796Z debug
INIT: omitted; set WRANGLER_LOG_SANITIZE=false to include sanitized data
---

--- 2025-12-12T22:03:49.796Z debug
-- END CF API REQUEST
---

--- 2025-12-12T22:03:50.054Z debug
-- START CF API RESPONSE: OK 200
---

--- 2025-12-12T22:03:50.054Z debug
HEADERS: omitted; set WRANGLER_LOG_SANITIZE=false to include sanitized data
---

--- 2025-12-12T22:03:50.054Z debug
RESPONSE: omitted; set WRANGLER_LOG_SANITIZE=false to include sanitized data
---

--- 2025-12-12T22:03:50.054Z debug
-- END CF API RESPONSE
---

--- 2025-12-12T22:03:52.056Z debug
attempt #2: Attempting to fetch status for deployment with id "081fd8e9-9669-4292-911b-0cadc4e1fd39" ...
---

--- 2025-12-12T22:03:52.056Z debug
-- START CF API REQUEST: GET https://api.cloudflare.com/client/v4/accounts/2a19e225618239285dd1b8682a8796fa/pages/projects/user-rentapoggy-com/deployments/081fd8e9-9669-4292-911b-0cadc4e1fd39
---

--- 2025-12-12T22:03:52.056Z debug
QUERY STRING: omitted; set WRANGLER_LOG_SANITIZE=false to include sanitized data
---

--- 2025-12-12T22:03:52.056Z debug
HEADERS: omitted; set WRANGLER_LOG_SANITIZE=false to include sanitized data
---

--- 2025-12-12T22:03:52.056Z debug
INIT: omitted; set WRANGLER_LOG_SANITIZE=false to include sanitized data
---

--- 2025-12-12T22:03:52.056Z debug
-- END CF API REQUEST
---

--- 2025-12-12T22:03:52.541Z debug
-- START CF API RESPONSE: OK 200
---

--- 2025-12-12T22:03:52.541Z debug
HEADERS: omitted; set WRANGLER_LOG_SANITIZE=false to include sanitized data
---

--- 2025-12-12T22:03:52.541Z debug
RESPONSE: omitted; set WRANGLER_LOG_SANITIZE=false to include sanitized data
---

--- 2025-12-12T22:03:52.541Z debug
-- END CF API RESPONSE
---

--- 2025-12-12T22:03:52.542Z log
✨ Deployment complete! Take a peek over at https://081fd8e9.user-rentapoggy-com.pages.dev
---

--- 2025-12-12T22:03:52.543Z debug
Metrics dispatcher: Posting data {"deviceId":"c40fc470-29b9-4f42-b094-78fda8e8d726","event":"create pages deployment","timestamp":1765577032542,"properties":{"category":"Workers","wranglerVersion":"4.53.0","os":"linux:x64"}}
---

--- 2025-12-12T22:03:52.546Z debug
Metrics dispatcher: Posting data {"deviceId":"c40fc470-29b9-4f42-b094-78fda8e8d726","event":"wrangler command completed","timestamp":1765577032546,"properties":{"amplitude_session_id":1765577025221,"amplitude_event_id":1,"wranglerVersion":"4.53.0","osPlatform":"Linux","osVersion":"#1-NixOS SMP PREEMPT_DYNAMIC Tue Jan  1 00:00:00 UTC 1980","nodeVersion":20,"packageManager":"npm","isFirstUsage":false,"configFileType":"none","isCI":false,"isPagesCI":false,"isWorkersCI":false,"isInteractive":false,"hasAssets":false,"argsUsed":[],"argsCombination":"","command":"wrangler pages deploy","args":{},"durationMs":7346,"durationSeconds":7.346,"durationMinutes":0.12243333333333334}}
---
