
--- 2025-12-12T20:08:38.641Z debug
🪵  Writing logs to "/home/runner/workspace/.config/.wrangler/logs/wrangler-2025-12-12_20-08-38_375.log"
---

--- 2025-12-12T20:08:38.641Z debug
Metrics dispatcher: Posting data {"deviceId":"c40fc470-29b9-4f42-b094-78fda8e8d726","event":"wrangler command started","timestamp":1765570118641,"properties":{"amplitude_session_id":1765570118639,"amplitude_event_id":0,"wranglerVersion":"4.53.0","osPlatform":"Linux","osVersion":"#1-NixOS SMP PREEMPT_DYNAMIC Tue Jan  1 00:00:00 UTC 1980","nodeVersion":20,"packageManager":"npm","isFirstUsage":false,"configFileType":"none","isCI":false,"isPagesCI":false,"isWorkersCI":false,"isInteractive":false,"hasAssets":false,"argsUsed":[],"argsCombination":"","command":"wrangler pages deploy","args":{}}}
---

--- 2025-12-12T20:08:38.653Z debug
.env file not found at "/home/runner/workspace/.env". Continuing... For more details, refer to https://developers.cloudflare.com/workers/wrangler/system-environment-variables/
---

--- 2025-12-12T20:08:38.654Z debug
.env file not found at "/home/runner/workspace/.env.local". Continuing... For more details, refer to https://developers.cloudflare.com/workers/wrangler/system-environment-variables/
---

--- 2025-12-12T20:08:38.683Z log

 ⛅️ wrangler 4.53.0 (update available 4.54.0)
─────────────────────────────────────────────
---

--- 2025-12-12T20:08:38.695Z debug
-- START CF API REQUEST: GET https://api.cloudflare.com/client/v4/accounts/2a19e225618239285dd1b8682a8796fa/pages/projects/user-rentapoggy-com
---

--- 2025-12-12T20:08:38.696Z debug
QUERY STRING: omitted; set WRANGLER_LOG_SANITIZE=false to include sanitized data
---

--- 2025-12-12T20:08:38.696Z debug
HEADERS: omitted; set WRANGLER_LOG_SANITIZE=false to include sanitized data
---

--- 2025-12-12T20:08:38.696Z debug
INIT: omitted; set WRANGLER_LOG_SANITIZE=false to include sanitized data
---

--- 2025-12-12T20:08:38.696Z debug
-- END CF API REQUEST
---

--- 2025-12-12T20:08:38.901Z debug
-- START CF API RESPONSE: Forbidden 403
---

--- 2025-12-12T20:08:38.902Z debug
HEADERS: omitted; set WRANGLER_LOG_SANITIZE=false to include sanitized data
---

--- 2025-12-12T20:08:38.902Z debug
RESPONSE: omitted; set WRANGLER_LOG_SANITIZE=false to include sanitized data
---

--- 2025-12-12T20:08:38.902Z debug
-- END CF API RESPONSE
---

--- 2025-12-12T20:08:38.905Z log

---

--- 2025-12-12T20:08:38.956Z error
✘ [ERROR] A request to the Cloudflare API (/accounts/2a19e225618239285dd1b8682a8796fa/pages/projects/user-rentapoggy-com) failed.

  Authentication error [code: 10000]


---

--- 2025-12-12T20:08:38.956Z log
📎 It looks like you are authenticating Wrangler via a custom API token set in an environment variable.
Please ensure it has the correct permissions for this operation.

---

--- 2025-12-12T20:08:38.956Z log
Getting User settings...
---

--- 2025-12-12T20:08:38.957Z debug
-- START CF API REQUEST: GET https://api.cloudflare.com/client/v4/user/tokens/verify
---

--- 2025-12-12T20:08:38.957Z debug
QUERY STRING: omitted; set WRANGLER_LOG_SANITIZE=false to include sanitized data
---

--- 2025-12-12T20:08:38.957Z debug
HEADERS: omitted; set WRANGLER_LOG_SANITIZE=false to include sanitized data
---

--- 2025-12-12T20:08:38.957Z debug
INIT: omitted; set WRANGLER_LOG_SANITIZE=false to include sanitized data
---

--- 2025-12-12T20:08:38.957Z debug
-- END CF API REQUEST
---

--- 2025-12-12T20:08:39.058Z debug
-- START CF API RESPONSE: OK 200
---

--- 2025-12-12T20:08:39.058Z debug
HEADERS: omitted; set WRANGLER_LOG_SANITIZE=false to include sanitized data
---

--- 2025-12-12T20:08:39.058Z debug
RESPONSE: omitted; set WRANGLER_LOG_SANITIZE=false to include sanitized data
---

--- 2025-12-12T20:08:39.058Z debug
-- END CF API RESPONSE
---

--- 2025-12-12T20:08:39.059Z debug
-- START CF API REQUEST: GET https://api.cloudflare.com/client/v4/user
---

--- 2025-12-12T20:08:39.059Z debug
QUERY STRING: omitted; set WRANGLER_LOG_SANITIZE=false to include sanitized data
---

--- 2025-12-12T20:08:39.059Z debug
HEADERS: omitted; set WRANGLER_LOG_SANITIZE=false to include sanitized data
---

--- 2025-12-12T20:08:39.059Z debug
INIT: omitted; set WRANGLER_LOG_SANITIZE=false to include sanitized data
---

--- 2025-12-12T20:08:39.059Z debug
-- END CF API REQUEST
---

--- 2025-12-12T20:08:39.148Z debug
-- START CF API RESPONSE: Forbidden 403
---

--- 2025-12-12T20:08:39.148Z debug
HEADERS: omitted; set WRANGLER_LOG_SANITIZE=false to include sanitized data
---

--- 2025-12-12T20:08:39.148Z debug
RESPONSE: omitted; set WRANGLER_LOG_SANITIZE=false to include sanitized data
---

--- 2025-12-12T20:08:39.148Z debug
-- END CF API RESPONSE
---

--- 2025-12-12T20:08:39.149Z debug
-- START CF API REQUEST: GET https://api.cloudflare.com/client/v4/accounts
---

--- 2025-12-12T20:08:39.149Z debug
QUERY STRING: omitted; set WRANGLER_LOG_SANITIZE=false to include sanitized data
---

--- 2025-12-12T20:08:39.149Z debug
HEADERS: omitted; set WRANGLER_LOG_SANITIZE=false to include sanitized data
---

--- 2025-12-12T20:08:39.149Z debug
INIT: omitted; set WRANGLER_LOG_SANITIZE=false to include sanitized data
---

--- 2025-12-12T20:08:39.149Z debug
-- END CF API REQUEST
---

--- 2025-12-12T20:08:39.290Z debug
-- START CF API RESPONSE: OK 200
---

--- 2025-12-12T20:08:39.290Z debug
HEADERS: omitted; set WRANGLER_LOG_SANITIZE=false to include sanitized data
---

--- 2025-12-12T20:08:39.290Z debug
RESPONSE: omitted; set WRANGLER_LOG_SANITIZE=false to include sanitized data
---

--- 2025-12-12T20:08:39.290Z debug
-- END CF API RESPONSE
---

--- 2025-12-12T20:08:39.290Z log
👋 You are logged in with an User API Token. Unable to retrieve email for this user. Are you missing the `User->User Details->Read` permission?
---

--- 2025-12-12T20:08:39.291Z log
ℹ️  The API Token is read from the CLOUDFLARE_API_TOKEN environment variable.
---

--- 2025-12-12T20:08:39.291Z log

---

--- 2025-12-12T20:08:39.291Z log
🔓 To see token permissions visit https://dash.cloudflare.com/profile/api-tokens.
---

--- 2025-12-12T20:08:39.292Z debug
Metrics dispatcher: Posting data {"deviceId":"c40fc470-29b9-4f42-b094-78fda8e8d726","event":"wrangler command errored","timestamp":1765570119292,"properties":{"amplitude_session_id":1765570118639,"amplitude_event_id":1,"wranglerVersion":"4.53.0","osPlatform":"Linux","osVersion":"#1-NixOS SMP PREEMPT_DYNAMIC Tue Jan  1 00:00:00 UTC 1980","nodeVersion":20,"packageManager":"npm","isFirstUsage":false,"configFileType":"none","isCI":false,"isPagesCI":false,"isWorkersCI":false,"isInteractive":false,"hasAssets":false,"argsUsed":[],"argsCombination":"","command":"wrangler pages deploy","args":{},"durationMs":670,"durationSeconds":0.67,"durationMinutes":0.011166666666666667,"errorType":"AuthenticationError"}}
---
