
--- 2025-12-12T21:53:34.197Z debug
🪵  Writing logs to "/home/runner/workspace/.config/.wrangler/logs/wrangler-2025-12-12_21-53-33_996.log"
---

--- 2025-12-12T21:53:34.197Z debug
Metrics dispatcher: Posting data {"deviceId":"c40fc470-29b9-4f42-b094-78fda8e8d726","event":"wrangler command started","timestamp":1765576414197,"properties":{"amplitude_session_id":1765576414195,"amplitude_event_id":0,"wranglerVersion":"4.53.0","osPlatform":"Linux","osVersion":"#1-NixOS SMP PREEMPT_DYNAMIC Tue Jan  1 00:00:00 UTC 1980","nodeVersion":20,"packageManager":"npm","isFirstUsage":false,"configFileType":"none","isCI":false,"isPagesCI":false,"isWorkersCI":false,"isInteractive":false,"hasAssets":false,"argsUsed":[],"argsCombination":"","command":"wrangler pages deploy","args":{}}}
---

--- 2025-12-12T21:53:34.218Z debug
.env file not found at "/home/runner/workspace/.env". Continuing... For more details, refer to https://developers.cloudflare.com/workers/wrangler/system-environment-variables/
---

--- 2025-12-12T21:53:34.218Z debug
.env file not found at "/home/runner/workspace/.env.local". Continuing... For more details, refer to https://developers.cloudflare.com/workers/wrangler/system-environment-variables/
---

--- 2025-12-12T21:53:34.244Z log

 ⛅️ wrangler 4.53.0 (update available 4.54.0)
─────────────────────────────────────────────
---

--- 2025-12-12T21:53:34.256Z debug
-- START CF API REQUEST: GET https://api.cloudflare.com/client/v4/accounts/2a19e225618239285dd1b8682a8796fa/pages/projects/user-rentapoggy-com
---

--- 2025-12-12T21:53:34.256Z debug
QUERY STRING: omitted; set WRANGLER_LOG_SANITIZE=false to include sanitized data
---

--- 2025-12-12T21:53:34.256Z debug
HEADERS: omitted; set WRANGLER_LOG_SANITIZE=false to include sanitized data
---

--- 2025-12-12T21:53:34.256Z debug
INIT: omitted; set WRANGLER_LOG_SANITIZE=false to include sanitized data
---

--- 2025-12-12T21:53:34.256Z debug
-- END CF API REQUEST
---

--- 2025-12-12T21:53:34.664Z debug
-- START CF API RESPONSE: OK 200
---

--- 2025-12-12T21:53:34.664Z debug
HEADERS: omitted; set WRANGLER_LOG_SANITIZE=false to include sanitized data
---

--- 2025-12-12T21:53:34.664Z debug
RESPONSE: omitted; set WRANGLER_LOG_SANITIZE=false to include sanitized data
---

--- 2025-12-12T21:53:34.664Z debug
-- END CF API RESPONSE
---

--- 2025-12-12T21:53:34.720Z debug
-- START CF API REQUEST: GET https://api.cloudflare.com/client/v4/accounts/2a19e225618239285dd1b8682a8796fa/pages/projects/user-rentapoggy-com
---

--- 2025-12-12T21:53:34.720Z debug
QUERY STRING: omitted; set WRANGLER_LOG_SANITIZE=false to include sanitized data
---

--- 2025-12-12T21:53:34.720Z debug
HEADERS: omitted; set WRANGLER_LOG_SANITIZE=false to include sanitized data
---

--- 2025-12-12T21:53:34.720Z debug
INIT: omitted; set WRANGLER_LOG_SANITIZE=false to include sanitized data
---

--- 2025-12-12T21:53:34.720Z debug
-- END CF API REQUEST
---

--- 2025-12-12T21:53:35.009Z debug
-- START CF API RESPONSE: OK 200
---

--- 2025-12-12T21:53:35.010Z debug
HEADERS: omitted; set WRANGLER_LOG_SANITIZE=false to include sanitized data
---

--- 2025-12-12T21:53:35.010Z debug
RESPONSE: omitted; set WRANGLER_LOG_SANITIZE=false to include sanitized data
---

--- 2025-12-12T21:53:35.010Z debug
-- END CF API RESPONSE
---

--- 2025-12-12T21:53:35.016Z debug
-- START CF API REQUEST: GET https://api.cloudflare.com/client/v4/accounts/2a19e225618239285dd1b8682a8796fa/pages/projects/user-rentapoggy-com/upload-token
---

--- 2025-12-12T21:53:35.016Z debug
QUERY STRING: omitted; set WRANGLER_LOG_SANITIZE=false to include sanitized data
---

--- 2025-12-12T21:53:35.016Z debug
HEADERS: omitted; set WRANGLER_LOG_SANITIZE=false to include sanitized data
---

--- 2025-12-12T21:53:35.016Z debug
INIT: omitted; set WRANGLER_LOG_SANITIZE=false to include sanitized data
---

--- 2025-12-12T21:53:35.016Z debug
-- END CF API REQUEST
---

--- 2025-12-12T21:53:35.121Z debug
-- START CF API RESPONSE: OK 200
---

--- 2025-12-12T21:53:35.121Z debug
HEADERS: omitted; set WRANGLER_LOG_SANITIZE=false to include sanitized data
---

--- 2025-12-12T21:53:35.121Z debug
RESPONSE: omitted; set WRANGLER_LOG_SANITIZE=false to include sanitized data
---

--- 2025-12-12T21:53:35.121Z debug
-- END CF API RESPONSE
---

--- 2025-12-12T21:53:35.122Z debug
-- START CF API REQUEST: POST https://api.cloudflare.com/client/v4/pages/assets/check-missing
---

--- 2025-12-12T21:53:35.122Z debug
QUERY STRING: omitted; set WRANGLER_LOG_SANITIZE=false to include sanitized data
---

--- 2025-12-12T21:53:35.122Z debug
HEADERS: omitted; set WRANGLER_LOG_SANITIZE=false to include sanitized data
---

--- 2025-12-12T21:53:35.122Z debug
INIT: omitted; set WRANGLER_LOG_SANITIZE=false to include sanitized data
---

--- 2025-12-12T21:53:35.122Z debug
-- END CF API REQUEST
---

--- 2025-12-12T21:53:35.375Z debug
-- START CF API RESPONSE: OK 200
---

--- 2025-12-12T21:53:35.376Z debug
HEADERS: omitted; set WRANGLER_LOG_SANITIZE=false to include sanitized data
---

--- 2025-12-12T21:53:35.376Z debug
RESPONSE: omitted; set WRANGLER_LOG_SANITIZE=false to include sanitized data
---

--- 2025-12-12T21:53:35.376Z debug
-- END CF API RESPONSE
---

--- 2025-12-12T21:53:35.376Z log
Uploading... (0/1)
---

--- 2025-12-12T21:53:35.378Z debug
POST /pages/assets/upload
---

--- 2025-12-12T21:53:35.379Z debug
-- START CF API REQUEST: POST https://api.cloudflare.com/client/v4/pages/assets/upload
---

--- 2025-12-12T21:53:35.379Z debug
QUERY STRING: omitted; set WRANGLER_LOG_SANITIZE=false to include sanitized data
---

--- 2025-12-12T21:53:35.379Z debug
HEADERS: omitted; set WRANGLER_LOG_SANITIZE=false to include sanitized data
---

--- 2025-12-12T21:53:35.379Z debug
INIT: omitted; set WRANGLER_LOG_SANITIZE=false to include sanitized data
---

--- 2025-12-12T21:53:35.379Z debug
-- END CF API REQUEST
---

--- 2025-12-12T21:53:35.882Z debug
-- START CF API RESPONSE: OK 200
---

--- 2025-12-12T21:53:35.882Z debug
HEADERS: omitted; set WRANGLER_LOG_SANITIZE=false to include sanitized data
---

--- 2025-12-12T21:53:35.882Z debug
RESPONSE: omitted; set WRANGLER_LOG_SANITIZE=false to include sanitized data
---

--- 2025-12-12T21:53:35.882Z debug
-- END CF API RESPONSE
---

--- 2025-12-12T21:53:35.884Z debug
result: { successful_key_count: 1, unsuccessful_keys: [] }
---

--- 2025-12-12T21:53:35.884Z log
Uploading... (1/1)
---

--- 2025-12-12T21:53:35.884Z log
✨ Success! Uploaded 1 files (0.76 sec)

---

--- 2025-12-12T21:53:35.884Z debug
-- START CF API REQUEST: POST https://api.cloudflare.com/client/v4/pages/assets/upsert-hashes
---

--- 2025-12-12T21:53:35.884Z debug
QUERY STRING: omitted; set WRANGLER_LOG_SANITIZE=false to include sanitized data
---

--- 2025-12-12T21:53:35.885Z debug
HEADERS: omitted; set WRANGLER_LOG_SANITIZE=false to include sanitized data
---

--- 2025-12-12T21:53:35.885Z debug
INIT: omitted; set WRANGLER_LOG_SANITIZE=false to include sanitized data
---

--- 2025-12-12T21:53:35.885Z debug
-- END CF API REQUEST
---

--- 2025-12-12T21:53:36.242Z debug
-- START CF API RESPONSE: OK 200
---

--- 2025-12-12T21:53:36.242Z debug
HEADERS: omitted; set WRANGLER_LOG_SANITIZE=false to include sanitized data
---

--- 2025-12-12T21:53:36.242Z debug
RESPONSE: omitted; set WRANGLER_LOG_SANITIZE=false to include sanitized data
---

--- 2025-12-12T21:53:36.242Z debug
-- END CF API RESPONSE
---

--- 2025-12-12T21:53:36.243Z debug
-- START CF API REQUEST: POST https://api.cloudflare.com/client/v4/accounts/2a19e225618239285dd1b8682a8796fa/pages/projects/user-rentapoggy-com/deployments
---

--- 2025-12-12T21:53:36.243Z debug
QUERY STRING: omitted; set WRANGLER_LOG_SANITIZE=false to include sanitized data
---

--- 2025-12-12T21:53:36.243Z debug
HEADERS: omitted; set WRANGLER_LOG_SANITIZE=false to include sanitized data
---

--- 2025-12-12T21:53:36.243Z debug
INIT: omitted; set WRANGLER_LOG_SANITIZE=false to include sanitized data
---

--- 2025-12-12T21:53:36.244Z debug
BODY: omitted; set WRANGLER_LOG_SANITIZE=false to include sanitized data
---

--- 2025-12-12T21:53:36.244Z debug
-- END CF API REQUEST
---

--- 2025-12-12T21:53:37.313Z debug
-- START CF API RESPONSE: OK 200
---

--- 2025-12-12T21:53:37.313Z debug
HEADERS: omitted; set WRANGLER_LOG_SANITIZE=false to include sanitized data
---

--- 2025-12-12T21:53:37.313Z debug
RESPONSE: omitted; set WRANGLER_LOG_SANITIZE=false to include sanitized data
---

--- 2025-12-12T21:53:37.313Z debug
-- END CF API RESPONSE
---

--- 2025-12-12T21:53:37.313Z debug
Saving to cache: {"account_id":"2a19e225618239285dd1b8682a8796fa","project_name":"user-rentapoggy-com"}
---

--- 2025-12-12T21:53:37.314Z log
🌎 Deploying...
---

--- 2025-12-12T21:53:38.314Z debug
attempt #1: Attempting to fetch status for deployment with id "6933b4c7-fa25-4c11-bd6a-ffb53c6aa8de" ...
---

--- 2025-12-12T21:53:38.314Z debug
-- START CF API REQUEST: GET https://api.cloudflare.com/client/v4/accounts/2a19e225618239285dd1b8682a8796fa/pages/projects/user-rentapoggy-com/deployments/6933b4c7-fa25-4c11-bd6a-ffb53c6aa8de
---

--- 2025-12-12T21:53:38.314Z debug
QUERY STRING: omitted; set WRANGLER_LOG_SANITIZE=false to include sanitized data
---

--- 2025-12-12T21:53:38.314Z debug
HEADERS: omitted; set WRANGLER_LOG_SANITIZE=false to include sanitized data
---

--- 2025-12-12T21:53:38.314Z debug
INIT: omitted; set WRANGLER_LOG_SANITIZE=false to include sanitized data
---

--- 2025-12-12T21:53:38.314Z debug
-- END CF API REQUEST
---

--- 2025-12-12T21:53:38.850Z debug
-- START CF API RESPONSE: OK 200
---

--- 2025-12-12T21:53:38.850Z debug
HEADERS: omitted; set WRANGLER_LOG_SANITIZE=false to include sanitized data
---

--- 2025-12-12T21:53:38.850Z debug
RESPONSE: omitted; set WRANGLER_LOG_SANITIZE=false to include sanitized data
---

--- 2025-12-12T21:53:38.850Z debug
-- END CF API RESPONSE
---

--- 2025-12-12T21:53:40.852Z debug
attempt #2: Attempting to fetch status for deployment with id "6933b4c7-fa25-4c11-bd6a-ffb53c6aa8de" ...
---

--- 2025-12-12T21:53:40.852Z debug
-- START CF API REQUEST: GET https://api.cloudflare.com/client/v4/accounts/2a19e225618239285dd1b8682a8796fa/pages/projects/user-rentapoggy-com/deployments/6933b4c7-fa25-4c11-bd6a-ffb53c6aa8de
---

--- 2025-12-12T21:53:40.852Z debug
QUERY STRING: omitted; set WRANGLER_LOG_SANITIZE=false to include sanitized data
---

--- 2025-12-12T21:53:40.852Z debug
HEADERS: omitted; set WRANGLER_LOG_SANITIZE=false to include sanitized data
---

--- 2025-12-12T21:53:40.852Z debug
INIT: omitted; set WRANGLER_LOG_SANITIZE=false to include sanitized data
---

--- 2025-12-12T21:53:40.852Z debug
-- END CF API REQUEST
---

--- 2025-12-12T21:53:41.423Z debug
-- START CF API RESPONSE: OK 200
---

--- 2025-12-12T21:53:41.423Z debug
HEADERS: omitted; set WRANGLER_LOG_SANITIZE=false to include sanitized data
---

--- 2025-12-12T21:53:41.423Z debug
RESPONSE: omitted; set WRANGLER_LOG_SANITIZE=false to include sanitized data
---

--- 2025-12-12T21:53:41.423Z debug
-- END CF API RESPONSE
---

--- 2025-12-12T21:53:41.424Z log
✨ Deployment complete! Take a peek over at https://6933b4c7.user-rentapoggy-com.pages.dev
---

--- 2025-12-12T21:53:41.424Z debug
Metrics dispatcher: Posting data {"deviceId":"c40fc470-29b9-4f42-b094-78fda8e8d726","event":"create pages deployment","timestamp":1765576421424,"properties":{"category":"Workers","wranglerVersion":"4.53.0","os":"linux:x64"}}
---

--- 2025-12-12T21:53:41.431Z debug
Metrics dispatcher: Posting data {"deviceId":"c40fc470-29b9-4f42-b094-78fda8e8d726","event":"wrangler command completed","timestamp":1765576421431,"properties":{"amplitude_session_id":1765576414195,"amplitude_event_id":1,"wranglerVersion":"4.53.0","osPlatform":"Linux","osVersion":"#1-NixOS SMP PREEMPT_DYNAMIC Tue Jan  1 00:00:00 UTC 1980","nodeVersion":20,"packageManager":"npm","isFirstUsage":false,"configFileType":"none","isCI":false,"isPagesCI":false,"isWorkersCI":false,"isInteractive":false,"hasAssets":false,"argsUsed":[],"argsCombination":"","command":"wrangler pages deploy","args":{},"durationMs":7261,"durationSeconds":7.261,"durationMinutes":0.12101666666666668}}
---
