
--- 2025-12-12T21:32:38.532Z debug
🪵  Writing logs to "/home/runner/workspace/.config/.wrangler/logs/wrangler-2025-12-12_21-32-38_309.log"
---

--- 2025-12-12T21:32:38.532Z debug
Metrics dispatcher: Posting data {"deviceId":"c40fc470-29b9-4f42-b094-78fda8e8d726","event":"wrangler command started","timestamp":1765575158531,"properties":{"amplitude_session_id":1765575158530,"amplitude_event_id":0,"wranglerVersion":"4.53.0","osPlatform":"Linux","osVersion":"#1-NixOS SMP PREEMPT_DYNAMIC Tue Jan  1 00:00:00 UTC 1980","nodeVersion":20,"packageManager":"npm","isFirstUsage":false,"configFileType":"none","isCI":false,"isPagesCI":false,"isWorkersCI":false,"isInteractive":false,"hasAssets":false,"argsUsed":[],"argsCombination":"","command":"wrangler pages deploy","args":{}}}
---

--- 2025-12-12T21:32:38.552Z debug
.env file not found at "/home/runner/workspace/.env". Continuing... For more details, refer to https://developers.cloudflare.com/workers/wrangler/system-environment-variables/
---

--- 2025-12-12T21:32:38.552Z debug
.env file not found at "/home/runner/workspace/.env.local". Continuing... For more details, refer to https://developers.cloudflare.com/workers/wrangler/system-environment-variables/
---

--- 2025-12-12T21:32:38.573Z log

 ⛅️ wrangler 4.53.0 (update available 4.54.0)
─────────────────────────────────────────────
---

--- 2025-12-12T21:32:38.584Z debug
-- START CF API REQUEST: GET https://api.cloudflare.com/client/v4/accounts/2a19e225618239285dd1b8682a8796fa/pages/projects/user-rentapoggy-com
---

--- 2025-12-12T21:32:38.584Z debug
QUERY STRING: omitted; set WRANGLER_LOG_SANITIZE=false to include sanitized data
---

--- 2025-12-12T21:32:38.584Z debug
HEADERS: omitted; set WRANGLER_LOG_SANITIZE=false to include sanitized data
---

--- 2025-12-12T21:32:38.584Z debug
INIT: omitted; set WRANGLER_LOG_SANITIZE=false to include sanitized data
---

--- 2025-12-12T21:32:38.584Z debug
-- END CF API REQUEST
---

--- 2025-12-12T21:32:38.923Z debug
-- START CF API RESPONSE: OK 200
---

--- 2025-12-12T21:32:38.923Z debug
HEADERS: omitted; set WRANGLER_LOG_SANITIZE=false to include sanitized data
---

--- 2025-12-12T21:32:38.923Z debug
RESPONSE: omitted; set WRANGLER_LOG_SANITIZE=false to include sanitized data
---

--- 2025-12-12T21:32:38.923Z debug
-- END CF API RESPONSE
---

--- 2025-12-12T21:32:38.961Z debug
-- START CF API REQUEST: GET https://api.cloudflare.com/client/v4/accounts/2a19e225618239285dd1b8682a8796fa/pages/projects/user-rentapoggy-com
---

--- 2025-12-12T21:32:38.961Z debug
QUERY STRING: omitted; set WRANGLER_LOG_SANITIZE=false to include sanitized data
---

--- 2025-12-12T21:32:38.962Z debug
HEADERS: omitted; set WRANGLER_LOG_SANITIZE=false to include sanitized data
---

--- 2025-12-12T21:32:38.962Z debug
INIT: omitted; set WRANGLER_LOG_SANITIZE=false to include sanitized data
---

--- 2025-12-12T21:32:38.962Z debug
-- END CF API REQUEST
---

--- 2025-12-12T21:32:39.278Z debug
-- START CF API RESPONSE: OK 200
---

--- 2025-12-12T21:32:39.278Z debug
HEADERS: omitted; set WRANGLER_LOG_SANITIZE=false to include sanitized data
---

--- 2025-12-12T21:32:39.278Z debug
RESPONSE: omitted; set WRANGLER_LOG_SANITIZE=false to include sanitized data
---

--- 2025-12-12T21:32:39.278Z debug
-- END CF API RESPONSE
---

--- 2025-12-12T21:32:39.287Z debug
-- START CF API REQUEST: GET https://api.cloudflare.com/client/v4/accounts/2a19e225618239285dd1b8682a8796fa/pages/projects/user-rentapoggy-com/upload-token
---

--- 2025-12-12T21:32:39.287Z debug
QUERY STRING: omitted; set WRANGLER_LOG_SANITIZE=false to include sanitized data
---

--- 2025-12-12T21:32:39.287Z debug
HEADERS: omitted; set WRANGLER_LOG_SANITIZE=false to include sanitized data
---

--- 2025-12-12T21:32:39.287Z debug
INIT: omitted; set WRANGLER_LOG_SANITIZE=false to include sanitized data
---

--- 2025-12-12T21:32:39.287Z debug
-- END CF API REQUEST
---

--- 2025-12-12T21:32:39.402Z debug
-- START CF API RESPONSE: OK 200
---

--- 2025-12-12T21:32:39.402Z debug
HEADERS: omitted; set WRANGLER_LOG_SANITIZE=false to include sanitized data
---

--- 2025-12-12T21:32:39.402Z debug
RESPONSE: omitted; set WRANGLER_LOG_SANITIZE=false to include sanitized data
---

--- 2025-12-12T21:32:39.402Z debug
-- END CF API RESPONSE
---

--- 2025-12-12T21:32:39.403Z debug
-- START CF API REQUEST: POST https://api.cloudflare.com/client/v4/pages/assets/check-missing
---

--- 2025-12-12T21:32:39.403Z debug
QUERY STRING: omitted; set WRANGLER_LOG_SANITIZE=false to include sanitized data
---

--- 2025-12-12T21:32:39.403Z debug
HEADERS: omitted; set WRANGLER_LOG_SANITIZE=false to include sanitized data
---

--- 2025-12-12T21:32:39.403Z debug
INIT: omitted; set WRANGLER_LOG_SANITIZE=false to include sanitized data
---

--- 2025-12-12T21:32:39.403Z debug
-- END CF API REQUEST
---

--- 2025-12-12T21:32:39.621Z debug
-- START CF API RESPONSE: OK 200
---

--- 2025-12-12T21:32:39.621Z debug
HEADERS: omitted; set WRANGLER_LOG_SANITIZE=false to include sanitized data
---

--- 2025-12-12T21:32:39.621Z debug
RESPONSE: omitted; set WRANGLER_LOG_SANITIZE=false to include sanitized data
---

--- 2025-12-12T21:32:39.621Z debug
-- END CF API RESPONSE
---

--- 2025-12-12T21:32:39.622Z log
Uploading... (0/1)
---

--- 2025-12-12T21:32:39.623Z debug
POST /pages/assets/upload
---

--- 2025-12-12T21:32:39.624Z debug
-- START CF API REQUEST: POST https://api.cloudflare.com/client/v4/pages/assets/upload
---

--- 2025-12-12T21:32:39.624Z debug
QUERY STRING: omitted; set WRANGLER_LOG_SANITIZE=false to include sanitized data
---

--- 2025-12-12T21:32:39.624Z debug
HEADERS: omitted; set WRANGLER_LOG_SANITIZE=false to include sanitized data
---

--- 2025-12-12T21:32:39.624Z debug
INIT: omitted; set WRANGLER_LOG_SANITIZE=false to include sanitized data
---

--- 2025-12-12T21:32:39.624Z debug
-- END CF API REQUEST
---

--- 2025-12-12T21:32:40.363Z debug
-- START CF API RESPONSE: OK 200
---

--- 2025-12-12T21:32:40.364Z debug
HEADERS: omitted; set WRANGLER_LOG_SANITIZE=false to include sanitized data
---

--- 2025-12-12T21:32:40.364Z debug
RESPONSE: omitted; set WRANGLER_LOG_SANITIZE=false to include sanitized data
---

--- 2025-12-12T21:32:40.364Z debug
-- END CF API RESPONSE
---

--- 2025-12-12T21:32:40.365Z debug
result: { successful_key_count: 1, unsuccessful_keys: [] }
---

--- 2025-12-12T21:32:40.365Z log
Uploading... (1/1)
---

--- 2025-12-12T21:32:40.365Z log
✨ Success! Uploaded 1 files (0.96 sec)

---

--- 2025-12-12T21:32:40.366Z debug
-- START CF API REQUEST: POST https://api.cloudflare.com/client/v4/pages/assets/upsert-hashes
---

--- 2025-12-12T21:32:40.366Z debug
QUERY STRING: omitted; set WRANGLER_LOG_SANITIZE=false to include sanitized data
---

--- 2025-12-12T21:32:40.366Z debug
HEADERS: omitted; set WRANGLER_LOG_SANITIZE=false to include sanitized data
---

--- 2025-12-12T21:32:40.366Z debug
INIT: omitted; set WRANGLER_LOG_SANITIZE=false to include sanitized data
---

--- 2025-12-12T21:32:40.366Z debug
-- END CF API REQUEST
---

--- 2025-12-12T21:32:40.691Z debug
-- START CF API RESPONSE: OK 200
---

--- 2025-12-12T21:32:40.691Z debug
HEADERS: omitted; set WRANGLER_LOG_SANITIZE=false to include sanitized data
---

--- 2025-12-12T21:32:40.691Z debug
RESPONSE: omitted; set WRANGLER_LOG_SANITIZE=false to include sanitized data
---

--- 2025-12-12T21:32:40.691Z debug
-- END CF API RESPONSE
---

--- 2025-12-12T21:32:40.692Z debug
-- START CF API REQUEST: POST https://api.cloudflare.com/client/v4/accounts/2a19e225618239285dd1b8682a8796fa/pages/projects/user-rentapoggy-com/deployments
---

--- 2025-12-12T21:32:40.692Z debug
QUERY STRING: omitted; set WRANGLER_LOG_SANITIZE=false to include sanitized data
---

--- 2025-12-12T21:32:40.692Z debug
HEADERS: omitted; set WRANGLER_LOG_SANITIZE=false to include sanitized data
---

--- 2025-12-12T21:32:40.692Z debug
INIT: omitted; set WRANGLER_LOG_SANITIZE=false to include sanitized data
---

--- 2025-12-12T21:32:40.693Z debug
BODY: omitted; set WRANGLER_LOG_SANITIZE=false to include sanitized data
---

--- 2025-12-12T21:32:40.693Z debug
-- END CF API REQUEST
---

--- 2025-12-12T21:32:41.700Z debug
-- START CF API RESPONSE: OK 200
---

--- 2025-12-12T21:32:41.700Z debug
HEADERS: omitted; set WRANGLER_LOG_SANITIZE=false to include sanitized data
---

--- 2025-12-12T21:32:41.700Z debug
RESPONSE: omitted; set WRANGLER_LOG_SANITIZE=false to include sanitized data
---

--- 2025-12-12T21:32:41.700Z debug
-- END CF API RESPONSE
---

--- 2025-12-12T21:32:41.701Z debug
Saving to cache: {"account_id":"2a19e225618239285dd1b8682a8796fa","project_name":"user-rentapoggy-com"}
---

--- 2025-12-12T21:32:41.701Z log
🌎 Deploying...
---

--- 2025-12-12T21:32:42.701Z debug
attempt #1: Attempting to fetch status for deployment with id "e82f8139-9c1f-46fc-a09b-4160c111fe5a" ...
---

--- 2025-12-12T21:32:42.701Z debug
-- START CF API REQUEST: GET https://api.cloudflare.com/client/v4/accounts/2a19e225618239285dd1b8682a8796fa/pages/projects/user-rentapoggy-com/deployments/e82f8139-9c1f-46fc-a09b-4160c111fe5a
---

--- 2025-12-12T21:32:42.701Z debug
QUERY STRING: omitted; set WRANGLER_LOG_SANITIZE=false to include sanitized data
---

--- 2025-12-12T21:32:42.701Z debug
HEADERS: omitted; set WRANGLER_LOG_SANITIZE=false to include sanitized data
---

--- 2025-12-12T21:32:42.701Z debug
INIT: omitted; set WRANGLER_LOG_SANITIZE=false to include sanitized data
---

--- 2025-12-12T21:32:42.701Z debug
-- END CF API REQUEST
---

--- 2025-12-12T21:32:42.954Z debug
-- START CF API RESPONSE: OK 200
---

--- 2025-12-12T21:32:42.954Z debug
HEADERS: omitted; set WRANGLER_LOG_SANITIZE=false to include sanitized data
---

--- 2025-12-12T21:32:42.954Z debug
RESPONSE: omitted; set WRANGLER_LOG_SANITIZE=false to include sanitized data
---

--- 2025-12-12T21:32:42.954Z debug
-- END CF API RESPONSE
---

--- 2025-12-12T21:32:44.955Z debug
attempt #2: Attempting to fetch status for deployment with id "e82f8139-9c1f-46fc-a09b-4160c111fe5a" ...
---

--- 2025-12-12T21:32:44.955Z debug
-- START CF API REQUEST: GET https://api.cloudflare.com/client/v4/accounts/2a19e225618239285dd1b8682a8796fa/pages/projects/user-rentapoggy-com/deployments/e82f8139-9c1f-46fc-a09b-4160c111fe5a
---

--- 2025-12-12T21:32:44.955Z debug
QUERY STRING: omitted; set WRANGLER_LOG_SANITIZE=false to include sanitized data
---

--- 2025-12-12T21:32:44.955Z debug
HEADERS: omitted; set WRANGLER_LOG_SANITIZE=false to include sanitized data
---

--- 2025-12-12T21:32:44.955Z debug
INIT: omitted; set WRANGLER_LOG_SANITIZE=false to include sanitized data
---

--- 2025-12-12T21:32:44.955Z debug
-- END CF API REQUEST
---

--- 2025-12-12T21:32:45.338Z debug
-- START CF API RESPONSE: OK 200
---

--- 2025-12-12T21:32:45.338Z debug
HEADERS: omitted; set WRANGLER_LOG_SANITIZE=false to include sanitized data
---

--- 2025-12-12T21:32:45.338Z debug
RESPONSE: omitted; set WRANGLER_LOG_SANITIZE=false to include sanitized data
---

--- 2025-12-12T21:32:45.338Z debug
-- END CF API RESPONSE
---

--- 2025-12-12T21:32:45.339Z log
✨ Deployment complete! Take a peek over at https://e82f8139.user-rentapoggy-com.pages.dev
---

--- 2025-12-12T21:32:45.339Z debug
Metrics dispatcher: Posting data {"deviceId":"c40fc470-29b9-4f42-b094-78fda8e8d726","event":"create pages deployment","timestamp":1765575165339,"properties":{"category":"Workers","wranglerVersion":"4.53.0","os":"linux:x64"}}
---

--- 2025-12-12T21:32:45.341Z debug
Metrics dispatcher: Posting data {"deviceId":"c40fc470-29b9-4f42-b094-78fda8e8d726","event":"wrangler command completed","timestamp":1765575165341,"properties":{"amplitude_session_id":1765575158530,"amplitude_event_id":1,"wranglerVersion":"4.53.0","osPlatform":"Linux","osVersion":"#1-NixOS SMP PREEMPT_DYNAMIC Tue Jan  1 00:00:00 UTC 1980","nodeVersion":20,"packageManager":"npm","isFirstUsage":false,"configFileType":"none","isCI":false,"isPagesCI":false,"isWorkersCI":false,"isInteractive":false,"hasAssets":false,"argsUsed":[],"argsCombination":"","command":"wrangler pages deploy","args":{},"durationMs":6829,"durationSeconds":6.829,"durationMinutes":0.11381666666666666}}
---
