
--- 2025-12-12T19:57:44.985Z debug
🪵  Writing logs to "/home/runner/workspace/.config/.wrangler/logs/wrangler-2025-12-12_19-57-44_791.log"
---

--- 2025-12-12T19:57:44.985Z debug
Metrics dispatcher: Posting data {"deviceId":"c40fc470-29b9-4f42-b094-78fda8e8d726","event":"wrangler command started","timestamp":1765569464985,"properties":{"amplitude_session_id":1765569464983,"amplitude_event_id":0,"wranglerVersion":"4.53.0","osPlatform":"Linux","osVersion":"#1-NixOS SMP PREEMPT_DYNAMIC Tue Jan  1 00:00:00 UTC 1980","nodeVersion":20,"packageManager":"npm","isFirstUsage":false,"configFileType":"none","isCI":false,"isPagesCI":false,"isWorkersCI":false,"isInteractive":false,"hasAssets":false,"argsUsed":[],"argsCombination":"","command":"wrangler pages deploy","args":{}}}
---

--- 2025-12-12T19:57:44.998Z debug
.env file not found at "/home/runner/workspace/.env". Continuing... For more details, refer to https://developers.cloudflare.com/workers/wrangler/system-environment-variables/
---

--- 2025-12-12T19:57:44.998Z debug
.env file not found at "/home/runner/workspace/.env.local". Continuing... For more details, refer to https://developers.cloudflare.com/workers/wrangler/system-environment-variables/
---

--- 2025-12-12T19:57:45.054Z log

 ⛅️ wrangler 4.53.0 (update available 4.54.0)
─────────────────────────────────────────────
---

--- 2025-12-12T19:57:45.072Z debug
-- START CF API REQUEST: GET https://api.cloudflare.com/client/v4/accounts/2a19e225618239285dd1b8682a8796fa/pages/projects/user-rentapoggy-com
---

--- 2025-12-12T19:57:45.073Z debug
QUERY STRING: omitted; set WRANGLER_LOG_SANITIZE=false to include sanitized data
---

--- 2025-12-12T19:57:45.073Z debug
HEADERS: omitted; set WRANGLER_LOG_SANITIZE=false to include sanitized data
---

--- 2025-12-12T19:57:45.073Z debug
INIT: omitted; set WRANGLER_LOG_SANITIZE=false to include sanitized data
---

--- 2025-12-12T19:57:45.073Z debug
-- END CF API REQUEST
---

--- 2025-12-12T19:57:45.280Z debug
-- START CF API RESPONSE: Forbidden 403
---

--- 2025-12-12T19:57:45.281Z debug
HEADERS: omitted; set WRANGLER_LOG_SANITIZE=false to include sanitized data
---

--- 2025-12-12T19:57:45.281Z debug
RESPONSE: omitted; set WRANGLER_LOG_SANITIZE=false to include sanitized data
---

--- 2025-12-12T19:57:45.281Z debug
-- END CF API RESPONSE
---

--- 2025-12-12T19:57:45.284Z log

---

--- 2025-12-12T19:57:45.332Z error
✘ [ERROR] A request to the Cloudflare API (/accounts/2a19e225618239285dd1b8682a8796fa/pages/projects/user-rentapoggy-com) failed.

  Authentication error [code: 10000]


---

--- 2025-12-12T19:57:45.332Z log
📎 It looks like you are authenticating Wrangler via a custom API token set in an environment variable.
Please ensure it has the correct permissions for this operation.

---

--- 2025-12-12T19:57:45.332Z log
Getting User settings...
---

--- 2025-12-12T19:57:45.333Z debug
-- START CF API REQUEST: GET https://api.cloudflare.com/client/v4/user/tokens/verify
---

--- 2025-12-12T19:57:45.333Z debug
QUERY STRING: omitted; set WRANGLER_LOG_SANITIZE=false to include sanitized data
---

--- 2025-12-12T19:57:45.333Z debug
HEADERS: omitted; set WRANGLER_LOG_SANITIZE=false to include sanitized data
---

--- 2025-12-12T19:57:45.333Z debug
INIT: omitted; set WRANGLER_LOG_SANITIZE=false to include sanitized data
---

--- 2025-12-12T19:57:45.333Z debug
-- END CF API REQUEST
---

--- 2025-12-12T19:57:45.413Z debug
-- START CF API RESPONSE: OK 200
---

--- 2025-12-12T19:57:45.413Z debug
HEADERS: omitted; set WRANGLER_LOG_SANITIZE=false to include sanitized data
---

--- 2025-12-12T19:57:45.413Z debug
RESPONSE: omitted; set WRANGLER_LOG_SANITIZE=false to include sanitized data
---

--- 2025-12-12T19:57:45.413Z debug
-- END CF API RESPONSE
---

--- 2025-12-12T19:57:45.414Z debug
-- START CF API REQUEST: GET https://api.cloudflare.com/client/v4/user
---

--- 2025-12-12T19:57:45.414Z debug
QUERY STRING: omitted; set WRANGLER_LOG_SANITIZE=false to include sanitized data
---

--- 2025-12-12T19:57:45.414Z debug
HEADERS: omitted; set WRANGLER_LOG_SANITIZE=false to include sanitized data
---

--- 2025-12-12T19:57:45.414Z debug
INIT: omitted; set WRANGLER_LOG_SANITIZE=false to include sanitized data
---

--- 2025-12-12T19:57:45.414Z debug
-- END CF API REQUEST
---

--- 2025-12-12T19:57:45.513Z debug
-- START CF API RESPONSE: Forbidden 403
---

--- 2025-12-12T19:57:45.513Z debug
HEADERS: omitted; set WRANGLER_LOG_SANITIZE=false to include sanitized data
---

--- 2025-12-12T19:57:45.513Z debug
RESPONSE: omitted; set WRANGLER_LOG_SANITIZE=false to include sanitized data
---

--- 2025-12-12T19:57:45.513Z debug
-- END CF API RESPONSE
---

--- 2025-12-12T19:57:45.514Z debug
-- START CF API REQUEST: GET https://api.cloudflare.com/client/v4/accounts
---

--- 2025-12-12T19:57:45.514Z debug
QUERY STRING: omitted; set WRANGLER_LOG_SANITIZE=false to include sanitized data
---

--- 2025-12-12T19:57:45.514Z debug
HEADERS: omitted; set WRANGLER_LOG_SANITIZE=false to include sanitized data
---

--- 2025-12-12T19:57:45.514Z debug
INIT: omitted; set WRANGLER_LOG_SANITIZE=false to include sanitized data
---

--- 2025-12-12T19:57:45.514Z debug
-- END CF API REQUEST
---

--- 2025-12-12T19:57:45.675Z debug
-- START CF API RESPONSE: OK 200
---

--- 2025-12-12T19:57:45.676Z debug
HEADERS: omitted; set WRANGLER_LOG_SANITIZE=false to include sanitized data
---

--- 2025-12-12T19:57:45.676Z debug
RESPONSE: omitted; set WRANGLER_LOG_SANITIZE=false to include sanitized data
---

--- 2025-12-12T19:57:45.676Z debug
-- END CF API RESPONSE
---

--- 2025-12-12T19:57:45.676Z log
👋 You are logged in with an User API Token. Unable to retrieve email for this user. Are you missing the `User->User Details->Read` permission?
---

--- 2025-12-12T19:57:45.676Z log
ℹ️  The API Token is read from the CLOUDFLARE_API_TOKEN environment variable.
---

--- 2025-12-12T19:57:45.677Z log

---

--- 2025-12-12T19:57:45.677Z log
🔓 To see token permissions visit https://dash.cloudflare.com/profile/api-tokens.
---

--- 2025-12-12T19:57:45.678Z debug
Metrics dispatcher: Posting data {"deviceId":"c40fc470-29b9-4f42-b094-78fda8e8d726","event":"wrangler command errored","timestamp":1765569465678,"properties":{"amplitude_session_id":1765569464983,"amplitude_event_id":1,"wranglerVersion":"4.53.0","osPlatform":"Linux","osVersion":"#1-NixOS SMP PREEMPT_DYNAMIC Tue Jan  1 00:00:00 UTC 1980","nodeVersion":20,"packageManager":"npm","isFirstUsage":false,"configFileType":"none","isCI":false,"isPagesCI":false,"isWorkersCI":false,"isInteractive":false,"hasAssets":false,"argsUsed":[],"argsCombination":"","command":"wrangler pages deploy","args":{},"durationMs":718,"durationSeconds":0.718,"durationMinutes":0.011966666666666665,"errorType":"AuthenticationError"}}
---
