
--- 2025-12-12T21:10:00.998Z debug
🪵  Writing logs to "/home/runner/workspace/.config/.wrangler/logs/wrangler-2025-12-12_21-10-00_822.log"
---

--- 2025-12-12T21:10:00.998Z debug
Metrics dispatcher: Posting data {"deviceId":"c40fc470-29b9-4f42-b094-78fda8e8d726","event":"wrangler command started","timestamp":1765573800998,"properties":{"amplitude_session_id":1765573800996,"amplitude_event_id":0,"wranglerVersion":"4.53.0","osPlatform":"Linux","osVersion":"#1-NixOS SMP PREEMPT_DYNAMIC Tue Jan  1 00:00:00 UTC 1980","nodeVersion":20,"packageManager":"npm","isFirstUsage":false,"configFileType":"none","isCI":false,"isPagesCI":false,"isWorkersCI":false,"isInteractive":false,"hasAssets":false,"argsUsed":[],"argsCombination":"","command":"wrangler pages deploy","args":{}}}
---

--- 2025-12-12T21:10:01.008Z debug
.env file not found at "/home/runner/workspace/.env". Continuing... For more details, refer to https://developers.cloudflare.com/workers/wrangler/system-environment-variables/
---

--- 2025-12-12T21:10:01.009Z debug
.env file not found at "/home/runner/workspace/.env.local". Continuing... For more details, refer to https://developers.cloudflare.com/workers/wrangler/system-environment-variables/
---

--- 2025-12-12T21:10:01.039Z log

 ⛅️ wrangler 4.53.0 (update available 4.54.0)
─────────────────────────────────────────────
---

--- 2025-12-12T21:10:01.055Z debug
-- START CF API REQUEST: GET https://api.cloudflare.com/client/v4/accounts/2a19e225618239285dd1b8682a8796fa/pages/projects/user-rentapoggy-com
---

--- 2025-12-12T21:10:01.055Z debug
QUERY STRING: omitted; set WRANGLER_LOG_SANITIZE=false to include sanitized data
---

--- 2025-12-12T21:10:01.056Z debug
HEADERS: omitted; set WRANGLER_LOG_SANITIZE=false to include sanitized data
---

--- 2025-12-12T21:10:01.056Z debug
INIT: omitted; set WRANGLER_LOG_SANITIZE=false to include sanitized data
---

--- 2025-12-12T21:10:01.056Z debug
-- END CF API REQUEST
---

--- 2025-12-12T21:10:04.713Z debug
-- START CF API RESPONSE: OK 200
---

--- 2025-12-12T21:10:04.714Z debug
HEADERS: omitted; set WRANGLER_LOG_SANITIZE=false to include sanitized data
---

--- 2025-12-12T21:10:04.714Z debug
RESPONSE: omitted; set WRANGLER_LOG_SANITIZE=false to include sanitized data
---

--- 2025-12-12T21:10:04.714Z debug
-- END CF API RESPONSE
---

--- 2025-12-12T21:10:04.751Z debug
-- START CF API REQUEST: GET https://api.cloudflare.com/client/v4/accounts/2a19e225618239285dd1b8682a8796fa/pages/projects/user-rentapoggy-com
---

--- 2025-12-12T21:10:04.751Z debug
QUERY STRING: omitted; set WRANGLER_LOG_SANITIZE=false to include sanitized data
---

--- 2025-12-12T21:10:04.751Z debug
HEADERS: omitted; set WRANGLER_LOG_SANITIZE=false to include sanitized data
---

--- 2025-12-12T21:10:04.751Z debug
INIT: omitted; set WRANGLER_LOG_SANITIZE=false to include sanitized data
---

--- 2025-12-12T21:10:04.751Z debug
-- END CF API REQUEST
---

--- 2025-12-12T21:10:08.771Z debug
-- START CF API RESPONSE: OK 200
---

--- 2025-12-12T21:10:08.772Z debug
HEADERS: omitted; set WRANGLER_LOG_SANITIZE=false to include sanitized data
---

--- 2025-12-12T21:10:08.772Z debug
RESPONSE: omitted; set WRANGLER_LOG_SANITIZE=false to include sanitized data
---

--- 2025-12-12T21:10:08.772Z debug
-- END CF API RESPONSE
---

--- 2025-12-12T21:10:08.778Z debug
-- START CF API REQUEST: GET https://api.cloudflare.com/client/v4/accounts/2a19e225618239285dd1b8682a8796fa/pages/projects/user-rentapoggy-com/upload-token
---

--- 2025-12-12T21:10:08.778Z debug
QUERY STRING: omitted; set WRANGLER_LOG_SANITIZE=false to include sanitized data
---

--- 2025-12-12T21:10:08.778Z debug
HEADERS: omitted; set WRANGLER_LOG_SANITIZE=false to include sanitized data
---

--- 2025-12-12T21:10:08.778Z debug
INIT: omitted; set WRANGLER_LOG_SANITIZE=false to include sanitized data
---

--- 2025-12-12T21:10:08.778Z debug
-- END CF API REQUEST
---

--- 2025-12-12T21:10:10.277Z debug
-- START CF API RESPONSE: OK 200
---

--- 2025-12-12T21:10:10.278Z debug
HEADERS: omitted; set WRANGLER_LOG_SANITIZE=false to include sanitized data
---

--- 2025-12-12T21:10:10.278Z debug
RESPONSE: omitted; set WRANGLER_LOG_SANITIZE=false to include sanitized data
---

--- 2025-12-12T21:10:10.278Z debug
-- END CF API RESPONSE
---

--- 2025-12-12T21:10:10.278Z debug
-- START CF API REQUEST: POST https://api.cloudflare.com/client/v4/pages/assets/check-missing
---

--- 2025-12-12T21:10:10.278Z debug
QUERY STRING: omitted; set WRANGLER_LOG_SANITIZE=false to include sanitized data
---

--- 2025-12-12T21:10:10.278Z debug
HEADERS: omitted; set WRANGLER_LOG_SANITIZE=false to include sanitized data
---

--- 2025-12-12T21:10:10.278Z debug
INIT: omitted; set WRANGLER_LOG_SANITIZE=false to include sanitized data
---

--- 2025-12-12T21:10:10.278Z debug
-- END CF API REQUEST
---

--- 2025-12-12T21:10:10.575Z debug
-- START CF API RESPONSE: OK 200
---

--- 2025-12-12T21:10:10.576Z debug
HEADERS: omitted; set WRANGLER_LOG_SANITIZE=false to include sanitized data
---

--- 2025-12-12T21:10:10.576Z debug
RESPONSE: omitted; set WRANGLER_LOG_SANITIZE=false to include sanitized data
---

--- 2025-12-12T21:10:10.576Z debug
-- END CF API RESPONSE
---

--- 2025-12-12T21:10:10.576Z log
Uploading... (0/1)
---

--- 2025-12-12T21:10:10.578Z debug
POST /pages/assets/upload
---

--- 2025-12-12T21:10:10.578Z debug
-- START CF API REQUEST: POST https://api.cloudflare.com/client/v4/pages/assets/upload
---

--- 2025-12-12T21:10:10.579Z debug
QUERY STRING: omitted; set WRANGLER_LOG_SANITIZE=false to include sanitized data
---

--- 2025-12-12T21:10:10.579Z debug
HEADERS: omitted; set WRANGLER_LOG_SANITIZE=false to include sanitized data
---

--- 2025-12-12T21:10:10.579Z debug
INIT: omitted; set WRANGLER_LOG_SANITIZE=false to include sanitized data
---

--- 2025-12-12T21:10:10.579Z debug
-- END CF API REQUEST
---

--- 2025-12-12T21:10:11.123Z debug
-- START CF API RESPONSE: OK 200
---

--- 2025-12-12T21:10:11.123Z debug
HEADERS: omitted; set WRANGLER_LOG_SANITIZE=false to include sanitized data
---

--- 2025-12-12T21:10:11.123Z debug
RESPONSE: omitted; set WRANGLER_LOG_SANITIZE=false to include sanitized data
---

--- 2025-12-12T21:10:11.123Z debug
-- END CF API RESPONSE
---

--- 2025-12-12T21:10:11.125Z debug
result: { successful_key_count: 1, unsuccessful_keys: [] }
---

--- 2025-12-12T21:10:11.125Z log
Uploading... (1/1)
---

--- 2025-12-12T21:10:11.126Z log
✨ Success! Uploaded 1 files (0.85 sec)

---

--- 2025-12-12T21:10:11.126Z debug
-- START CF API REQUEST: POST https://api.cloudflare.com/client/v4/pages/assets/upsert-hashes
---

--- 2025-12-12T21:10:11.126Z debug
QUERY STRING: omitted; set WRANGLER_LOG_SANITIZE=false to include sanitized data
---

--- 2025-12-12T21:10:11.126Z debug
HEADERS: omitted; set WRANGLER_LOG_SANITIZE=false to include sanitized data
---

--- 2025-12-12T21:10:11.126Z debug
INIT: omitted; set WRANGLER_LOG_SANITIZE=false to include sanitized data
---

--- 2025-12-12T21:10:11.126Z debug
-- END CF API REQUEST
---

--- 2025-12-12T21:10:11.517Z debug
-- START CF API RESPONSE: OK 200
---

--- 2025-12-12T21:10:11.517Z debug
HEADERS: omitted; set WRANGLER_LOG_SANITIZE=false to include sanitized data
---

--- 2025-12-12T21:10:11.517Z debug
RESPONSE: omitted; set WRANGLER_LOG_SANITIZE=false to include sanitized data
---

--- 2025-12-12T21:10:11.517Z debug
-- END CF API RESPONSE
---

--- 2025-12-12T21:10:11.517Z debug
-- START CF API REQUEST: POST https://api.cloudflare.com/client/v4/accounts/2a19e225618239285dd1b8682a8796fa/pages/projects/user-rentapoggy-com/deployments
---

--- 2025-12-12T21:10:11.517Z debug
QUERY STRING: omitted; set WRANGLER_LOG_SANITIZE=false to include sanitized data
---

--- 2025-12-12T21:10:11.517Z debug
HEADERS: omitted; set WRANGLER_LOG_SANITIZE=false to include sanitized data
---

--- 2025-12-12T21:10:11.517Z debug
INIT: omitted; set WRANGLER_LOG_SANITIZE=false to include sanitized data
---

--- 2025-12-12T21:10:11.519Z debug
BODY: omitted; set WRANGLER_LOG_SANITIZE=false to include sanitized data
---

--- 2025-12-12T21:10:11.519Z debug
-- END CF API REQUEST
---

--- 2025-12-12T21:10:13.157Z debug
-- START CF API RESPONSE: OK 200
---

--- 2025-12-12T21:10:13.157Z debug
HEADERS: omitted; set WRANGLER_LOG_SANITIZE=false to include sanitized data
---

--- 2025-12-12T21:10:13.157Z debug
RESPONSE: omitted; set WRANGLER_LOG_SANITIZE=false to include sanitized data
---

--- 2025-12-12T21:10:13.157Z debug
-- END CF API RESPONSE
---

--- 2025-12-12T21:10:13.158Z debug
Saving to cache: {"account_id":"2a19e225618239285dd1b8682a8796fa","project_name":"user-rentapoggy-com"}
---

--- 2025-12-12T21:10:13.158Z log
🌎 Deploying...
---

--- 2025-12-12T21:10:14.160Z debug
attempt #1: Attempting to fetch status for deployment with id "47680e5f-2e64-4384-89a3-027c8a21c00e" ...
---

--- 2025-12-12T21:10:14.160Z debug
-- START CF API REQUEST: GET https://api.cloudflare.com/client/v4/accounts/2a19e225618239285dd1b8682a8796fa/pages/projects/user-rentapoggy-com/deployments/47680e5f-2e64-4384-89a3-027c8a21c00e
---

--- 2025-12-12T21:10:14.160Z debug
QUERY STRING: omitted; set WRANGLER_LOG_SANITIZE=false to include sanitized data
---

--- 2025-12-12T21:10:14.160Z debug
HEADERS: omitted; set WRANGLER_LOG_SANITIZE=false to include sanitized data
---

--- 2025-12-12T21:10:14.160Z debug
INIT: omitted; set WRANGLER_LOG_SANITIZE=false to include sanitized data
---

--- 2025-12-12T21:10:14.160Z debug
-- END CF API REQUEST
---

--- 2025-12-12T21:10:15.544Z debug
-- START CF API RESPONSE: OK 200
---

--- 2025-12-12T21:10:15.545Z debug
HEADERS: omitted; set WRANGLER_LOG_SANITIZE=false to include sanitized data
---

--- 2025-12-12T21:10:15.545Z debug
RESPONSE: omitted; set WRANGLER_LOG_SANITIZE=false to include sanitized data
---

--- 2025-12-12T21:10:15.545Z debug
-- END CF API RESPONSE
---

--- 2025-12-12T21:10:17.546Z debug
attempt #2: Attempting to fetch status for deployment with id "47680e5f-2e64-4384-89a3-027c8a21c00e" ...
---

--- 2025-12-12T21:10:17.546Z debug
-- START CF API REQUEST: GET https://api.cloudflare.com/client/v4/accounts/2a19e225618239285dd1b8682a8796fa/pages/projects/user-rentapoggy-com/deployments/47680e5f-2e64-4384-89a3-027c8a21c00e
---

--- 2025-12-12T21:10:17.546Z debug
QUERY STRING: omitted; set WRANGLER_LOG_SANITIZE=false to include sanitized data
---

--- 2025-12-12T21:10:17.546Z debug
HEADERS: omitted; set WRANGLER_LOG_SANITIZE=false to include sanitized data
---

--- 2025-12-12T21:10:17.546Z debug
INIT: omitted; set WRANGLER_LOG_SANITIZE=false to include sanitized data
---

--- 2025-12-12T21:10:17.546Z debug
-- END CF API REQUEST
---

--- 2025-12-12T21:10:17.893Z debug
-- START CF API RESPONSE: OK 200
---

--- 2025-12-12T21:10:17.894Z debug
HEADERS: omitted; set WRANGLER_LOG_SANITIZE=false to include sanitized data
---

--- 2025-12-12T21:10:17.894Z debug
RESPONSE: omitted; set WRANGLER_LOG_SANITIZE=false to include sanitized data
---

--- 2025-12-12T21:10:17.894Z debug
-- END CF API RESPONSE
---

--- 2025-12-12T21:10:17.894Z log
✨ Deployment complete! Take a peek over at https://47680e5f.user-rentapoggy-com.pages.dev
---

--- 2025-12-12T21:10:17.895Z debug
Metrics dispatcher: Posting data {"deviceId":"c40fc470-29b9-4f42-b094-78fda8e8d726","event":"create pages deployment","timestamp":1765573817895,"properties":{"category":"Workers","wranglerVersion":"4.53.0","os":"linux:x64"}}
---

--- 2025-12-12T21:10:17.899Z debug
Metrics dispatcher: Posting data {"deviceId":"c40fc470-29b9-4f42-b094-78fda8e8d726","event":"wrangler command completed","timestamp":1765573817898,"properties":{"amplitude_session_id":1765573800996,"amplitude_event_id":1,"wranglerVersion":"4.53.0","osPlatform":"Linux","osVersion":"#1-NixOS SMP PREEMPT_DYNAMIC Tue Jan  1 00:00:00 UTC 1980","nodeVersion":20,"packageManager":"npm","isFirstUsage":false,"configFileType":"none","isCI":false,"isPagesCI":false,"isWorkersCI":false,"isInteractive":false,"hasAssets":false,"argsUsed":[],"argsCombination":"","command":"wrangler pages deploy","args":{},"durationMs":16921,"durationSeconds":16.921,"durationMinutes":0.28201666666666664}}
---
