
--- 2025-12-12T20:01:34.951Z debug
🪵  Writing logs to "/home/runner/workspace/.config/.wrangler/logs/wrangler-2025-12-12_20-01-34_737.log"
---

--- 2025-12-12T20:01:34.951Z debug
Metrics dispatcher: Posting data {"deviceId":"c40fc470-29b9-4f42-b094-78fda8e8d726","event":"wrangler command started","timestamp":1765569694950,"properties":{"amplitude_session_id":1765569694949,"amplitude_event_id":0,"wranglerVersion":"4.53.0","osPlatform":"Linux","osVersion":"#1-NixOS SMP PREEMPT_DYNAMIC Tue Jan  1 00:00:00 UTC 1980","nodeVersion":20,"packageManager":"npm","isFirstUsage":false,"configFileType":"none","isCI":false,"isPagesCI":false,"isWorkersCI":false,"isInteractive":false,"hasAssets":false,"argsUsed":[],"argsCombination":"","command":"wrangler pages deploy","args":{}}}
---

--- 2025-12-12T20:01:34.968Z debug
.env file not found at "/home/runner/workspace/.env". Continuing... For more details, refer to https://developers.cloudflare.com/workers/wrangler/system-environment-variables/
---

--- 2025-12-12T20:01:34.968Z debug
.env file not found at "/home/runner/workspace/.env.local". Continuing... For more details, refer to https://developers.cloudflare.com/workers/wrangler/system-environment-variables/
---

--- 2025-12-12T20:01:34.997Z log

 ⛅️ wrangler 4.53.0 (update available 4.54.0)
─────────────────────────────────────────────
---

--- 2025-12-12T20:01:35.016Z debug
-- START CF API REQUEST: GET https://api.cloudflare.com/client/v4/accounts/2a19e225618239285dd1b8682a8796fa/pages/projects/user-rentapoggy-com
---

--- 2025-12-12T20:01:35.016Z debug
QUERY STRING: omitted; set WRANGLER_LOG_SANITIZE=false to include sanitized data
---

--- 2025-12-12T20:01:35.016Z debug
HEADERS: omitted; set WRANGLER_LOG_SANITIZE=false to include sanitized data
---

--- 2025-12-12T20:01:35.016Z debug
INIT: omitted; set WRANGLER_LOG_SANITIZE=false to include sanitized data
---

--- 2025-12-12T20:01:35.016Z debug
-- END CF API REQUEST
---

--- 2025-12-12T20:01:35.218Z debug
-- START CF API RESPONSE: Forbidden 403
---

--- 2025-12-12T20:01:35.218Z debug
HEADERS: omitted; set WRANGLER_LOG_SANITIZE=false to include sanitized data
---

--- 2025-12-12T20:01:35.218Z debug
RESPONSE: omitted; set WRANGLER_LOG_SANITIZE=false to include sanitized data
---

--- 2025-12-12T20:01:35.218Z debug
-- END CF API RESPONSE
---

--- 2025-12-12T20:01:35.220Z log

---

--- 2025-12-12T20:01:35.275Z error
✘ [ERROR] A request to the Cloudflare API (/accounts/2a19e225618239285dd1b8682a8796fa/pages/projects/user-rentapoggy-com) failed.

  Authentication error [code: 10000]


---

--- 2025-12-12T20:01:35.276Z log
📎 It looks like you are authenticating Wrangler via a custom API token set in an environment variable.
Please ensure it has the correct permissions for this operation.

---

--- 2025-12-12T20:01:35.279Z log
Getting User settings...
---

--- 2025-12-12T20:01:35.279Z debug
-- START CF API REQUEST: GET https://api.cloudflare.com/client/v4/user/tokens/verify
---

--- 2025-12-12T20:01:35.279Z debug
QUERY STRING: omitted; set WRANGLER_LOG_SANITIZE=false to include sanitized data
---

--- 2025-12-12T20:01:35.280Z debug
HEADERS: omitted; set WRANGLER_LOG_SANITIZE=false to include sanitized data
---

--- 2025-12-12T20:01:35.280Z debug
INIT: omitted; set WRANGLER_LOG_SANITIZE=false to include sanitized data
---

--- 2025-12-12T20:01:35.280Z debug
-- END CF API REQUEST
---

--- 2025-12-12T20:01:35.364Z debug
-- START CF API RESPONSE: OK 200
---

--- 2025-12-12T20:01:35.364Z debug
HEADERS: omitted; set WRANGLER_LOG_SANITIZE=false to include sanitized data
---

--- 2025-12-12T20:01:35.364Z debug
RESPONSE: omitted; set WRANGLER_LOG_SANITIZE=false to include sanitized data
---

--- 2025-12-12T20:01:35.364Z debug
-- END CF API RESPONSE
---

--- 2025-12-12T20:01:35.365Z debug
-- START CF API REQUEST: GET https://api.cloudflare.com/client/v4/user
---

--- 2025-12-12T20:01:35.365Z debug
QUERY STRING: omitted; set WRANGLER_LOG_SANITIZE=false to include sanitized data
---

--- 2025-12-12T20:01:35.365Z debug
HEADERS: omitted; set WRANGLER_LOG_SANITIZE=false to include sanitized data
---

--- 2025-12-12T20:01:35.365Z debug
INIT: omitted; set WRANGLER_LOG_SANITIZE=false to include sanitized data
---

--- 2025-12-12T20:01:35.365Z debug
-- END CF API REQUEST
---

--- 2025-12-12T20:01:35.480Z debug
-- START CF API RESPONSE: Forbidden 403
---

--- 2025-12-12T20:01:35.480Z debug
HEADERS: omitted; set WRANGLER_LOG_SANITIZE=false to include sanitized data
---

--- 2025-12-12T20:01:35.480Z debug
RESPONSE: omitted; set WRANGLER_LOG_SANITIZE=false to include sanitized data
---

--- 2025-12-12T20:01:35.480Z debug
-- END CF API RESPONSE
---

--- 2025-12-12T20:01:35.482Z debug
-- START CF API REQUEST: GET https://api.cloudflare.com/client/v4/accounts
---

--- 2025-12-12T20:01:35.482Z debug
QUERY STRING: omitted; set WRANGLER_LOG_SANITIZE=false to include sanitized data
---

--- 2025-12-12T20:01:35.482Z debug
HEADERS: omitted; set WRANGLER_LOG_SANITIZE=false to include sanitized data
---

--- 2025-12-12T20:01:35.482Z debug
INIT: omitted; set WRANGLER_LOG_SANITIZE=false to include sanitized data
---

--- 2025-12-12T20:01:35.482Z debug
-- END CF API REQUEST
---

--- 2025-12-12T20:01:35.648Z debug
-- START CF API RESPONSE: OK 200
---

--- 2025-12-12T20:01:35.648Z debug
HEADERS: omitted; set WRANGLER_LOG_SANITIZE=false to include sanitized data
---

--- 2025-12-12T20:01:35.648Z debug
RESPONSE: omitted; set WRANGLER_LOG_SANITIZE=false to include sanitized data
---

--- 2025-12-12T20:01:35.648Z debug
-- END CF API RESPONSE
---

--- 2025-12-12T20:01:35.649Z log
👋 You are logged in with an User API Token. Unable to retrieve email for this user. Are you missing the `User->User Details->Read` permission?
---

--- 2025-12-12T20:01:35.649Z log
ℹ️  The API Token is read from the CLOUDFLARE_API_TOKEN environment variable.
---

--- 2025-12-12T20:01:35.650Z log

---

--- 2025-12-12T20:01:35.650Z log
🔓 To see token permissions visit https://dash.cloudflare.com/profile/api-tokens.
---

--- 2025-12-12T20:01:35.651Z debug
Metrics dispatcher: Posting data {"deviceId":"c40fc470-29b9-4f42-b094-78fda8e8d726","event":"wrangler command errored","timestamp":1765569695651,"properties":{"amplitude_session_id":1765569694949,"amplitude_event_id":1,"wranglerVersion":"4.53.0","osPlatform":"Linux","osVersion":"#1-NixOS SMP PREEMPT_DYNAMIC Tue Jan  1 00:00:00 UTC 1980","nodeVersion":20,"packageManager":"npm","isFirstUsage":false,"configFileType":"none","isCI":false,"isPagesCI":false,"isWorkersCI":false,"isInteractive":false,"hasAssets":false,"argsUsed":[],"argsCombination":"","command":"wrangler pages deploy","args":{},"durationMs":719,"durationSeconds":0.719,"durationMinutes":0.011983333333333334,"errorType":"AuthenticationError"}}
---
