
--- 2025-12-12T21:35:23.092Z debug
🪵  Writing logs to "/home/runner/workspace/.config/.wrangler/logs/wrangler-2025-12-12_21-35-22_776.log"
---

--- 2025-12-12T21:35:23.092Z debug
Metrics dispatcher: Posting data {"deviceId":"c40fc470-29b9-4f42-b094-78fda8e8d726","event":"wrangler command started","timestamp":1765575323091,"properties":{"amplitude_session_id":1765575323090,"amplitude_event_id":0,"wranglerVersion":"4.53.0","osPlatform":"Linux","osVersion":"#1-NixOS SMP PREEMPT_DYNAMIC Tue Jan  1 00:00:00 UTC 1980","nodeVersion":20,"packageManager":"npm","isFirstUsage":false,"configFileType":"none","isCI":false,"isPagesCI":false,"isWorkersCI":false,"isInteractive":false,"hasAssets":false,"argsUsed":[],"argsCombination":"","command":"wrangler pages deploy","args":{}}}
---

--- 2025-12-12T21:35:23.161Z debug
.env file not found at "/home/runner/workspace/.env". Continuing... For more details, refer to https://developers.cloudflare.com/workers/wrangler/system-environment-variables/
---

--- 2025-12-12T21:35:23.161Z debug
.env file not found at "/home/runner/workspace/.env.local". Continuing... For more details, refer to https://developers.cloudflare.com/workers/wrangler/system-environment-variables/
---

--- 2025-12-12T21:35:23.207Z log

 ⛅️ wrangler 4.53.0 (update available 4.54.0)
─────────────────────────────────────────────
---

--- 2025-12-12T21:35:23.226Z debug
-- START CF API REQUEST: GET https://api.cloudflare.com/client/v4/accounts/2a19e225618239285dd1b8682a8796fa/pages/projects/user-rentapoggy-com
---

--- 2025-12-12T21:35:23.226Z debug
QUERY STRING: omitted; set WRANGLER_LOG_SANITIZE=false to include sanitized data
---

--- 2025-12-12T21:35:23.227Z debug
HEADERS: omitted; set WRANGLER_LOG_SANITIZE=false to include sanitized data
---

--- 2025-12-12T21:35:23.227Z debug
INIT: omitted; set WRANGLER_LOG_SANITIZE=false to include sanitized data
---

--- 2025-12-12T21:35:23.227Z debug
-- END CF API REQUEST
---

--- 2025-12-12T21:35:23.591Z debug
-- START CF API RESPONSE: OK 200
---

--- 2025-12-12T21:35:23.592Z debug
HEADERS: omitted; set WRANGLER_LOG_SANITIZE=false to include sanitized data
---

--- 2025-12-12T21:35:23.592Z debug
RESPONSE: omitted; set WRANGLER_LOG_SANITIZE=false to include sanitized data
---

--- 2025-12-12T21:35:23.592Z debug
-- END CF API RESPONSE
---

--- 2025-12-12T21:35:23.673Z debug
-- START CF API REQUEST: GET https://api.cloudflare.com/client/v4/accounts/2a19e225618239285dd1b8682a8796fa/pages/projects/user-rentapoggy-com
---

--- 2025-12-12T21:35:23.673Z debug
QUERY STRING: omitted; set WRANGLER_LOG_SANITIZE=false to include sanitized data
---

--- 2025-12-12T21:35:23.673Z debug
HEADERS: omitted; set WRANGLER_LOG_SANITIZE=false to include sanitized data
---

--- 2025-12-12T21:35:23.673Z debug
INIT: omitted; set WRANGLER_LOG_SANITIZE=false to include sanitized data
---

--- 2025-12-12T21:35:23.673Z debug
-- END CF API REQUEST
---

--- 2025-12-12T21:35:24.373Z debug
-- START CF API RESPONSE: OK 200
---

--- 2025-12-12T21:35:24.374Z debug
HEADERS: omitted; set WRANGLER_LOG_SANITIZE=false to include sanitized data
---

--- 2025-12-12T21:35:24.374Z debug
RESPONSE: omitted; set WRANGLER_LOG_SANITIZE=false to include sanitized data
---

--- 2025-12-12T21:35:24.374Z debug
-- END CF API RESPONSE
---

--- 2025-12-12T21:35:24.383Z debug
-- START CF API REQUEST: GET https://api.cloudflare.com/client/v4/accounts/2a19e225618239285dd1b8682a8796fa/pages/projects/user-rentapoggy-com/upload-token
---

--- 2025-12-12T21:35:24.383Z debug
QUERY STRING: omitted; set WRANGLER_LOG_SANITIZE=false to include sanitized data
---

--- 2025-12-12T21:35:24.383Z debug
HEADERS: omitted; set WRANGLER_LOG_SANITIZE=false to include sanitized data
---

--- 2025-12-12T21:35:24.383Z debug
INIT: omitted; set WRANGLER_LOG_SANITIZE=false to include sanitized data
---

--- 2025-12-12T21:35:24.383Z debug
-- END CF API REQUEST
---

--- 2025-12-12T21:35:24.488Z debug
-- START CF API RESPONSE: OK 200
---

--- 2025-12-12T21:35:24.488Z debug
HEADERS: omitted; set WRANGLER_LOG_SANITIZE=false to include sanitized data
---

--- 2025-12-12T21:35:24.488Z debug
RESPONSE: omitted; set WRANGLER_LOG_SANITIZE=false to include sanitized data
---

--- 2025-12-12T21:35:24.488Z debug
-- END CF API RESPONSE
---

--- 2025-12-12T21:35:24.489Z debug
-- START CF API REQUEST: POST https://api.cloudflare.com/client/v4/pages/assets/check-missing
---

--- 2025-12-12T21:35:24.489Z debug
QUERY STRING: omitted; set WRANGLER_LOG_SANITIZE=false to include sanitized data
---

--- 2025-12-12T21:35:24.489Z debug
HEADERS: omitted; set WRANGLER_LOG_SANITIZE=false to include sanitized data
---

--- 2025-12-12T21:35:24.489Z debug
INIT: omitted; set WRANGLER_LOG_SANITIZE=false to include sanitized data
---

--- 2025-12-12T21:35:24.489Z debug
-- END CF API REQUEST
---

--- 2025-12-12T21:35:24.725Z debug
-- START CF API RESPONSE: OK 200
---

--- 2025-12-12T21:35:24.725Z debug
HEADERS: omitted; set WRANGLER_LOG_SANITIZE=false to include sanitized data
---

--- 2025-12-12T21:35:24.725Z debug
RESPONSE: omitted; set WRANGLER_LOG_SANITIZE=false to include sanitized data
---

--- 2025-12-12T21:35:24.725Z debug
-- END CF API RESPONSE
---

--- 2025-12-12T21:35:24.725Z log
Uploading... (0/1)
---

--- 2025-12-12T21:35:24.728Z debug
POST /pages/assets/upload
---

--- 2025-12-12T21:35:24.728Z debug
-- START CF API REQUEST: POST https://api.cloudflare.com/client/v4/pages/assets/upload
---

--- 2025-12-12T21:35:24.728Z debug
QUERY STRING: omitted; set WRANGLER_LOG_SANITIZE=false to include sanitized data
---

--- 2025-12-12T21:35:24.728Z debug
HEADERS: omitted; set WRANGLER_LOG_SANITIZE=false to include sanitized data
---

--- 2025-12-12T21:35:24.729Z debug
INIT: omitted; set WRANGLER_LOG_SANITIZE=false to include sanitized data
---

--- 2025-12-12T21:35:24.729Z debug
-- END CF API REQUEST
---

--- 2025-12-12T21:35:25.254Z debug
-- START CF API RESPONSE: OK 200
---

--- 2025-12-12T21:35:25.254Z debug
HEADERS: omitted; set WRANGLER_LOG_SANITIZE=false to include sanitized data
---

--- 2025-12-12T21:35:25.254Z debug
RESPONSE: omitted; set WRANGLER_LOG_SANITIZE=false to include sanitized data
---

--- 2025-12-12T21:35:25.254Z debug
-- END CF API RESPONSE
---

--- 2025-12-12T21:35:25.255Z debug
result: { successful_key_count: 1, unsuccessful_keys: [] }
---

--- 2025-12-12T21:35:25.255Z log
Uploading... (1/1)
---

--- 2025-12-12T21:35:25.256Z log
✨ Success! Uploaded 1 files (0.77 sec)

---

--- 2025-12-12T21:35:25.256Z debug
-- START CF API REQUEST: POST https://api.cloudflare.com/client/v4/pages/assets/upsert-hashes
---

--- 2025-12-12T21:35:25.256Z debug
QUERY STRING: omitted; set WRANGLER_LOG_SANITIZE=false to include sanitized data
---

--- 2025-12-12T21:35:25.256Z debug
HEADERS: omitted; set WRANGLER_LOG_SANITIZE=false to include sanitized data
---

--- 2025-12-12T21:35:25.256Z debug
INIT: omitted; set WRANGLER_LOG_SANITIZE=false to include sanitized data
---

--- 2025-12-12T21:35:25.256Z debug
-- END CF API REQUEST
---

--- 2025-12-12T21:35:25.608Z debug
-- START CF API RESPONSE: OK 200
---

--- 2025-12-12T21:35:25.609Z debug
HEADERS: omitted; set WRANGLER_LOG_SANITIZE=false to include sanitized data
---

--- 2025-12-12T21:35:25.609Z debug
RESPONSE: omitted; set WRANGLER_LOG_SANITIZE=false to include sanitized data
---

--- 2025-12-12T21:35:25.609Z debug
-- END CF API RESPONSE
---

--- 2025-12-12T21:35:25.610Z debug
-- START CF API REQUEST: POST https://api.cloudflare.com/client/v4/accounts/2a19e225618239285dd1b8682a8796fa/pages/projects/user-rentapoggy-com/deployments
---

--- 2025-12-12T21:35:25.610Z debug
QUERY STRING: omitted; set WRANGLER_LOG_SANITIZE=false to include sanitized data
---

--- 2025-12-12T21:35:25.610Z debug
HEADERS: omitted; set WRANGLER_LOG_SANITIZE=false to include sanitized data
---

--- 2025-12-12T21:35:25.610Z debug
INIT: omitted; set WRANGLER_LOG_SANITIZE=false to include sanitized data
---

--- 2025-12-12T21:35:25.611Z debug
BODY: omitted; set WRANGLER_LOG_SANITIZE=false to include sanitized data
---

--- 2025-12-12T21:35:25.611Z debug
-- END CF API REQUEST
---

--- 2025-12-12T21:35:26.757Z debug
-- START CF API RESPONSE: OK 200
---

--- 2025-12-12T21:35:26.757Z debug
HEADERS: omitted; set WRANGLER_LOG_SANITIZE=false to include sanitized data
---

--- 2025-12-12T21:35:26.757Z debug
RESPONSE: omitted; set WRANGLER_LOG_SANITIZE=false to include sanitized data
---

--- 2025-12-12T21:35:26.757Z debug
-- END CF API RESPONSE
---

--- 2025-12-12T21:35:26.759Z debug
Saving to cache: {"account_id":"2a19e225618239285dd1b8682a8796fa","project_name":"user-rentapoggy-com"}
---

--- 2025-12-12T21:35:26.759Z log
🌎 Deploying...
---

--- 2025-12-12T21:35:27.762Z debug
attempt #1: Attempting to fetch status for deployment with id "9906fbc7-047f-451a-93bb-9e021e0c8d19" ...
---

--- 2025-12-12T21:35:27.762Z debug
-- START CF API REQUEST: GET https://api.cloudflare.com/client/v4/accounts/2a19e225618239285dd1b8682a8796fa/pages/projects/user-rentapoggy-com/deployments/9906fbc7-047f-451a-93bb-9e021e0c8d19
---

--- 2025-12-12T21:35:27.762Z debug
QUERY STRING: omitted; set WRANGLER_LOG_SANITIZE=false to include sanitized data
---

--- 2025-12-12T21:35:27.762Z debug
HEADERS: omitted; set WRANGLER_LOG_SANITIZE=false to include sanitized data
---

--- 2025-12-12T21:35:27.762Z debug
INIT: omitted; set WRANGLER_LOG_SANITIZE=false to include sanitized data
---

--- 2025-12-12T21:35:27.762Z debug
-- END CF API REQUEST
---

--- 2025-12-12T21:35:28.059Z debug
-- START CF API RESPONSE: OK 200
---

--- 2025-12-12T21:35:28.060Z debug
HEADERS: omitted; set WRANGLER_LOG_SANITIZE=false to include sanitized data
---

--- 2025-12-12T21:35:28.060Z debug
RESPONSE: omitted; set WRANGLER_LOG_SANITIZE=false to include sanitized data
---

--- 2025-12-12T21:35:28.060Z debug
-- END CF API RESPONSE
---

--- 2025-12-12T21:35:30.061Z debug
attempt #2: Attempting to fetch status for deployment with id "9906fbc7-047f-451a-93bb-9e021e0c8d19" ...
---

--- 2025-12-12T21:35:30.061Z debug
-- START CF API REQUEST: GET https://api.cloudflare.com/client/v4/accounts/2a19e225618239285dd1b8682a8796fa/pages/projects/user-rentapoggy-com/deployments/9906fbc7-047f-451a-93bb-9e021e0c8d19
---

--- 2025-12-12T21:35:30.061Z debug
QUERY STRING: omitted; set WRANGLER_LOG_SANITIZE=false to include sanitized data
---

--- 2025-12-12T21:35:30.061Z debug
HEADERS: omitted; set WRANGLER_LOG_SANITIZE=false to include sanitized data
---

--- 2025-12-12T21:35:30.061Z debug
INIT: omitted; set WRANGLER_LOG_SANITIZE=false to include sanitized data
---

--- 2025-12-12T21:35:30.061Z debug
-- END CF API REQUEST
---

--- 2025-12-12T21:35:30.392Z debug
-- START CF API RESPONSE: OK 200
---

--- 2025-12-12T21:35:30.392Z debug
HEADERS: omitted; set WRANGLER_LOG_SANITIZE=false to include sanitized data
---

--- 2025-12-12T21:35:30.392Z debug
RESPONSE: omitted; set WRANGLER_LOG_SANITIZE=false to include sanitized data
---

--- 2025-12-12T21:35:30.392Z debug
-- END CF API RESPONSE
---

--- 2025-12-12T21:35:30.393Z log
✨ Deployment complete! Take a peek over at https://9906fbc7.user-rentapoggy-com.pages.dev
---

--- 2025-12-12T21:35:30.393Z debug
Metrics dispatcher: Posting data {"deviceId":"c40fc470-29b9-4f42-b094-78fda8e8d726","event":"create pages deployment","timestamp":1765575330393,"properties":{"category":"Workers","wranglerVersion":"4.53.0","os":"linux:x64"}}
---

--- 2025-12-12T21:35:30.396Z debug
Metrics dispatcher: Posting data {"deviceId":"c40fc470-29b9-4f42-b094-78fda8e8d726","event":"wrangler command completed","timestamp":1765575330396,"properties":{"amplitude_session_id":1765575323090,"amplitude_event_id":1,"wranglerVersion":"4.53.0","osPlatform":"Linux","osVersion":"#1-NixOS SMP PREEMPT_DYNAMIC Tue Jan  1 00:00:00 UTC 1980","nodeVersion":20,"packageManager":"npm","isFirstUsage":false,"configFileType":"none","isCI":false,"isPagesCI":false,"isWorkersCI":false,"isInteractive":false,"hasAssets":false,"argsUsed":[],"argsCombination":"","command":"wrangler pages deploy","args":{},"durationMs":7330,"durationSeconds":7.33,"durationMinutes":0.12216666666666667}}
---
