
--- 2025-12-12T21:58:26.890Z debug
🪵  Writing logs to "/home/runner/workspace/.config/.wrangler/logs/wrangler-2025-12-12_21-58-26_688.log"
---

--- 2025-12-12T21:58:26.889Z debug
Metrics dispatcher: Posting data {"deviceId":"c40fc470-29b9-4f42-b094-78fda8e8d726","event":"wrangler command started","timestamp":1765576706889,"properties":{"amplitude_session_id":1765576706888,"amplitude_event_id":0,"wranglerVersion":"4.53.0","osPlatform":"Linux","osVersion":"#1-NixOS SMP PREEMPT_DYNAMIC Tue Jan  1 00:00:00 UTC 1980","nodeVersion":20,"packageManager":"npm","isFirstUsage":false,"configFileType":"none","isCI":false,"isPagesCI":false,"isWorkersCI":false,"isInteractive":false,"hasAssets":false,"argsUsed":[],"argsCombination":"","command":"wrangler pages deploy","args":{}}}
---

--- 2025-12-12T21:58:26.902Z debug
.env file not found at "/home/runner/workspace/.env". Continuing... For more details, refer to https://developers.cloudflare.com/workers/wrangler/system-environment-variables/
---

--- 2025-12-12T21:58:26.902Z debug
.env file not found at "/home/runner/workspace/.env.local". Continuing... For more details, refer to https://developers.cloudflare.com/workers/wrangler/system-environment-variables/
---

--- 2025-12-12T21:58:26.942Z log

 ⛅️ wrangler 4.53.0 (update available 4.54.0)
─────────────────────────────────────────────
---

--- 2025-12-12T21:58:26.954Z debug
-- START CF API REQUEST: GET https://api.cloudflare.com/client/v4/accounts/2a19e225618239285dd1b8682a8796fa/pages/projects/user-rentapoggy-com
---

--- 2025-12-12T21:58:26.955Z debug
QUERY STRING: omitted; set WRANGLER_LOG_SANITIZE=false to include sanitized data
---

--- 2025-12-12T21:58:26.955Z debug
HEADERS: omitted; set WRANGLER_LOG_SANITIZE=false to include sanitized data
---

--- 2025-12-12T21:58:26.955Z debug
INIT: omitted; set WRANGLER_LOG_SANITIZE=false to include sanitized data
---

--- 2025-12-12T21:58:26.955Z debug
-- END CF API REQUEST
---

--- 2025-12-12T21:58:27.315Z debug
-- START CF API RESPONSE: OK 200
---

--- 2025-12-12T21:58:27.316Z debug
HEADERS: omitted; set WRANGLER_LOG_SANITIZE=false to include sanitized data
---

--- 2025-12-12T21:58:27.316Z debug
RESPONSE: omitted; set WRANGLER_LOG_SANITIZE=false to include sanitized data
---

--- 2025-12-12T21:58:27.316Z debug
-- END CF API RESPONSE
---

--- 2025-12-12T21:58:27.383Z debug
-- START CF API REQUEST: GET https://api.cloudflare.com/client/v4/accounts/2a19e225618239285dd1b8682a8796fa/pages/projects/user-rentapoggy-com
---

--- 2025-12-12T21:58:27.383Z debug
QUERY STRING: omitted; set WRANGLER_LOG_SANITIZE=false to include sanitized data
---

--- 2025-12-12T21:58:27.383Z debug
HEADERS: omitted; set WRANGLER_LOG_SANITIZE=false to include sanitized data
---

--- 2025-12-12T21:58:27.383Z debug
INIT: omitted; set WRANGLER_LOG_SANITIZE=false to include sanitized data
---

--- 2025-12-12T21:58:27.383Z debug
-- END CF API REQUEST
---

--- 2025-12-12T21:58:27.677Z debug
-- START CF API RESPONSE: OK 200
---

--- 2025-12-12T21:58:27.677Z debug
HEADERS: omitted; set WRANGLER_LOG_SANITIZE=false to include sanitized data
---

--- 2025-12-12T21:58:27.677Z debug
RESPONSE: omitted; set WRANGLER_LOG_SANITIZE=false to include sanitized data
---

--- 2025-12-12T21:58:27.677Z debug
-- END CF API RESPONSE
---

--- 2025-12-12T21:58:27.684Z debug
-- START CF API REQUEST: GET https://api.cloudflare.com/client/v4/accounts/2a19e225618239285dd1b8682a8796fa/pages/projects/user-rentapoggy-com/upload-token
---

--- 2025-12-12T21:58:27.684Z debug
QUERY STRING: omitted; set WRANGLER_LOG_SANITIZE=false to include sanitized data
---

--- 2025-12-12T21:58:27.684Z debug
HEADERS: omitted; set WRANGLER_LOG_SANITIZE=false to include sanitized data
---

--- 2025-12-12T21:58:27.684Z debug
INIT: omitted; set WRANGLER_LOG_SANITIZE=false to include sanitized data
---

--- 2025-12-12T21:58:27.684Z debug
-- END CF API REQUEST
---

--- 2025-12-12T21:58:27.787Z debug
-- START CF API RESPONSE: OK 200
---

--- 2025-12-12T21:58:27.787Z debug
HEADERS: omitted; set WRANGLER_LOG_SANITIZE=false to include sanitized data
---

--- 2025-12-12T21:58:27.787Z debug
RESPONSE: omitted; set WRANGLER_LOG_SANITIZE=false to include sanitized data
---

--- 2025-12-12T21:58:27.787Z debug
-- END CF API RESPONSE
---

--- 2025-12-12T21:58:27.788Z debug
-- START CF API REQUEST: POST https://api.cloudflare.com/client/v4/pages/assets/check-missing
---

--- 2025-12-12T21:58:27.788Z debug
QUERY STRING: omitted; set WRANGLER_LOG_SANITIZE=false to include sanitized data
---

--- 2025-12-12T21:58:27.788Z debug
HEADERS: omitted; set WRANGLER_LOG_SANITIZE=false to include sanitized data
---

--- 2025-12-12T21:58:27.788Z debug
INIT: omitted; set WRANGLER_LOG_SANITIZE=false to include sanitized data
---

--- 2025-12-12T21:58:27.788Z debug
-- END CF API REQUEST
---

--- 2025-12-12T21:58:28.017Z debug
-- START CF API RESPONSE: OK 200
---

--- 2025-12-12T21:58:28.017Z debug
HEADERS: omitted; set WRANGLER_LOG_SANITIZE=false to include sanitized data
---

--- 2025-12-12T21:58:28.017Z debug
RESPONSE: omitted; set WRANGLER_LOG_SANITIZE=false to include sanitized data
---

--- 2025-12-12T21:58:28.017Z debug
-- END CF API RESPONSE
---

--- 2025-12-12T21:58:28.018Z log
Uploading... (0/1)
---

--- 2025-12-12T21:58:28.020Z debug
POST /pages/assets/upload
---

--- 2025-12-12T21:58:28.020Z debug
-- START CF API REQUEST: POST https://api.cloudflare.com/client/v4/pages/assets/upload
---

--- 2025-12-12T21:58:28.020Z debug
QUERY STRING: omitted; set WRANGLER_LOG_SANITIZE=false to include sanitized data
---

--- 2025-12-12T21:58:28.020Z debug
HEADERS: omitted; set WRANGLER_LOG_SANITIZE=false to include sanitized data
---

--- 2025-12-12T21:58:28.020Z debug
INIT: omitted; set WRANGLER_LOG_SANITIZE=false to include sanitized data
---

--- 2025-12-12T21:58:28.020Z debug
-- END CF API REQUEST
---

--- 2025-12-12T21:58:28.796Z debug
-- START CF API RESPONSE: OK 200
---

--- 2025-12-12T21:58:28.796Z debug
HEADERS: omitted; set WRANGLER_LOG_SANITIZE=false to include sanitized data
---

--- 2025-12-12T21:58:28.796Z debug
RESPONSE: omitted; set WRANGLER_LOG_SANITIZE=false to include sanitized data
---

--- 2025-12-12T21:58:28.796Z debug
-- END CF API RESPONSE
---

--- 2025-12-12T21:58:28.799Z debug
result: { successful_key_count: 1, unsuccessful_keys: [] }
---

--- 2025-12-12T21:58:28.799Z log
Uploading... (1/1)
---

--- 2025-12-12T21:58:28.800Z log
✨ Success! Uploaded 1 files (1.01 sec)

---

--- 2025-12-12T21:58:28.800Z debug
-- START CF API REQUEST: POST https://api.cloudflare.com/client/v4/pages/assets/upsert-hashes
---

--- 2025-12-12T21:58:28.800Z debug
QUERY STRING: omitted; set WRANGLER_LOG_SANITIZE=false to include sanitized data
---

--- 2025-12-12T21:58:28.800Z debug
HEADERS: omitted; set WRANGLER_LOG_SANITIZE=false to include sanitized data
---

--- 2025-12-12T21:58:28.800Z debug
INIT: omitted; set WRANGLER_LOG_SANITIZE=false to include sanitized data
---

--- 2025-12-12T21:58:28.800Z debug
-- END CF API REQUEST
---

--- 2025-12-12T21:58:29.095Z debug
-- START CF API RESPONSE: OK 200
---

--- 2025-12-12T21:58:29.095Z debug
HEADERS: omitted; set WRANGLER_LOG_SANITIZE=false to include sanitized data
---

--- 2025-12-12T21:58:29.095Z debug
RESPONSE: omitted; set WRANGLER_LOG_SANITIZE=false to include sanitized data
---

--- 2025-12-12T21:58:29.095Z debug
-- END CF API RESPONSE
---

--- 2025-12-12T21:58:29.096Z debug
-- START CF API REQUEST: POST https://api.cloudflare.com/client/v4/accounts/2a19e225618239285dd1b8682a8796fa/pages/projects/user-rentapoggy-com/deployments
---

--- 2025-12-12T21:58:29.096Z debug
QUERY STRING: omitted; set WRANGLER_LOG_SANITIZE=false to include sanitized data
---

--- 2025-12-12T21:58:29.096Z debug
HEADERS: omitted; set WRANGLER_LOG_SANITIZE=false to include sanitized data
---

--- 2025-12-12T21:58:29.096Z debug
INIT: omitted; set WRANGLER_LOG_SANITIZE=false to include sanitized data
---

--- 2025-12-12T21:58:29.097Z debug
BODY: omitted; set WRANGLER_LOG_SANITIZE=false to include sanitized data
---

--- 2025-12-12T21:58:29.097Z debug
-- END CF API REQUEST
---

--- 2025-12-12T21:58:29.894Z debug
-- START CF API RESPONSE: OK 200
---

--- 2025-12-12T21:58:29.895Z debug
HEADERS: omitted; set WRANGLER_LOG_SANITIZE=false to include sanitized data
---

--- 2025-12-12T21:58:29.895Z debug
RESPONSE: omitted; set WRANGLER_LOG_SANITIZE=false to include sanitized data
---

--- 2025-12-12T21:58:29.895Z debug
-- END CF API RESPONSE
---

--- 2025-12-12T21:58:29.895Z debug
Saving to cache: {"account_id":"2a19e225618239285dd1b8682a8796fa","project_name":"user-rentapoggy-com"}
---

--- 2025-12-12T21:58:29.896Z log
🌎 Deploying...
---

--- 2025-12-12T21:58:30.897Z debug
attempt #1: Attempting to fetch status for deployment with id "8cdcd600-60ba-4ccd-9f48-4ac4c6d520b6" ...
---

--- 2025-12-12T21:58:30.897Z debug
-- START CF API REQUEST: GET https://api.cloudflare.com/client/v4/accounts/2a19e225618239285dd1b8682a8796fa/pages/projects/user-rentapoggy-com/deployments/8cdcd600-60ba-4ccd-9f48-4ac4c6d520b6
---

--- 2025-12-12T21:58:30.897Z debug
QUERY STRING: omitted; set WRANGLER_LOG_SANITIZE=false to include sanitized data
---

--- 2025-12-12T21:58:30.897Z debug
HEADERS: omitted; set WRANGLER_LOG_SANITIZE=false to include sanitized data
---

--- 2025-12-12T21:58:30.897Z debug
INIT: omitted; set WRANGLER_LOG_SANITIZE=false to include sanitized data
---

--- 2025-12-12T21:58:30.897Z debug
-- END CF API REQUEST
---

--- 2025-12-12T21:58:31.129Z debug
-- START CF API RESPONSE: OK 200
---

--- 2025-12-12T21:58:31.129Z debug
HEADERS: omitted; set WRANGLER_LOG_SANITIZE=false to include sanitized data
---

--- 2025-12-12T21:58:31.129Z debug
RESPONSE: omitted; set WRANGLER_LOG_SANITIZE=false to include sanitized data
---

--- 2025-12-12T21:58:31.129Z debug
-- END CF API RESPONSE
---

--- 2025-12-12T21:58:33.131Z debug
attempt #2: Attempting to fetch status for deployment with id "8cdcd600-60ba-4ccd-9f48-4ac4c6d520b6" ...
---

--- 2025-12-12T21:58:33.131Z debug
-- START CF API REQUEST: GET https://api.cloudflare.com/client/v4/accounts/2a19e225618239285dd1b8682a8796fa/pages/projects/user-rentapoggy-com/deployments/8cdcd600-60ba-4ccd-9f48-4ac4c6d520b6
---

--- 2025-12-12T21:58:33.131Z debug
QUERY STRING: omitted; set WRANGLER_LOG_SANITIZE=false to include sanitized data
---

--- 2025-12-12T21:58:33.131Z debug
HEADERS: omitted; set WRANGLER_LOG_SANITIZE=false to include sanitized data
---

--- 2025-12-12T21:58:33.131Z debug
INIT: omitted; set WRANGLER_LOG_SANITIZE=false to include sanitized data
---

--- 2025-12-12T21:58:33.131Z debug
-- END CF API REQUEST
---

--- 2025-12-12T21:58:33.656Z debug
-- START CF API RESPONSE: OK 200
---

--- 2025-12-12T21:58:33.656Z debug
HEADERS: omitted; set WRANGLER_LOG_SANITIZE=false to include sanitized data
---

--- 2025-12-12T21:58:33.656Z debug
RESPONSE: omitted; set WRANGLER_LOG_SANITIZE=false to include sanitized data
---

--- 2025-12-12T21:58:33.656Z debug
-- END CF API RESPONSE
---

--- 2025-12-12T21:58:33.657Z log
✨ Deployment complete! Take a peek over at https://8cdcd600.user-rentapoggy-com.pages.dev
---

--- 2025-12-12T21:58:33.657Z debug
Metrics dispatcher: Posting data {"deviceId":"c40fc470-29b9-4f42-b094-78fda8e8d726","event":"create pages deployment","timestamp":1765576713657,"properties":{"category":"Workers","wranglerVersion":"4.53.0","os":"linux:x64"}}
---

--- 2025-12-12T21:58:33.659Z debug
Metrics dispatcher: Posting data {"deviceId":"c40fc470-29b9-4f42-b094-78fda8e8d726","event":"wrangler command completed","timestamp":1765576713659,"properties":{"amplitude_session_id":1765576706888,"amplitude_event_id":1,"wranglerVersion":"4.53.0","osPlatform":"Linux","osVersion":"#1-NixOS SMP PREEMPT_DYNAMIC Tue Jan  1 00:00:00 UTC 1980","nodeVersion":20,"packageManager":"npm","isFirstUsage":false,"configFileType":"none","isCI":false,"isPagesCI":false,"isWorkersCI":false,"isInteractive":false,"hasAssets":false,"argsUsed":[],"argsCombination":"","command":"wrangler pages deploy","args":{},"durationMs":6793,"durationSeconds":6.793,"durationMinutes":0.11321666666666667}}
---
