
--- 2025-12-12T20:42:45.719Z debug
🪵  Writing logs to "/home/runner/workspace/.config/.wrangler/logs/wrangler-2025-12-12_20-42-45_454.log"
---

--- 2025-12-12T20:42:45.719Z debug
Metrics dispatcher: Posting data {"deviceId":"c40fc470-29b9-4f42-b094-78fda8e8d726","event":"wrangler command started","timestamp":1765572165718,"properties":{"amplitude_session_id":1765572165717,"amplitude_event_id":0,"wranglerVersion":"4.53.0","osPlatform":"Linux","osVersion":"#1-NixOS SMP PREEMPT_DYNAMIC Tue Jan  1 00:00:00 UTC 1980","nodeVersion":20,"packageManager":"npm","isFirstUsage":false,"configFileType":"none","isCI":false,"isPagesCI":false,"isWorkersCI":false,"isInteractive":false,"hasAssets":false,"argsUsed":[],"argsCombination":"","command":"wrangler pages deploy","args":{}}}
---

--- 2025-12-12T20:42:45.751Z debug
.env file not found at "/home/runner/workspace/.env". Continuing... For more details, refer to https://developers.cloudflare.com/workers/wrangler/system-environment-variables/
---

--- 2025-12-12T20:42:45.753Z debug
.env file not found at "/home/runner/workspace/.env.local". Continuing... For more details, refer to https://developers.cloudflare.com/workers/wrangler/system-environment-variables/
---

--- 2025-12-12T20:42:45.825Z log

 ⛅️ wrangler 4.53.0 (update available 4.54.0)
─────────────────────────────────────────────
---

--- 2025-12-12T20:42:45.846Z debug
-- START CF API REQUEST: GET https://api.cloudflare.com/client/v4/accounts/2a19e225618239285dd1b8682a8796fa/pages/projects/user-rentapoggy-com
---

--- 2025-12-12T20:42:45.846Z debug
QUERY STRING: omitted; set WRANGLER_LOG_SANITIZE=false to include sanitized data
---

--- 2025-12-12T20:42:45.847Z debug
HEADERS: omitted; set WRANGLER_LOG_SANITIZE=false to include sanitized data
---

--- 2025-12-12T20:42:45.847Z debug
INIT: omitted; set WRANGLER_LOG_SANITIZE=false to include sanitized data
---

--- 2025-12-12T20:42:45.847Z debug
-- END CF API REQUEST
---

--- 2025-12-12T20:42:46.775Z debug
-- START CF API RESPONSE: OK 200
---

--- 2025-12-12T20:42:46.775Z debug
HEADERS: omitted; set WRANGLER_LOG_SANITIZE=false to include sanitized data
---

--- 2025-12-12T20:42:46.775Z debug
RESPONSE: omitted; set WRANGLER_LOG_SANITIZE=false to include sanitized data
---

--- 2025-12-12T20:42:46.775Z debug
-- END CF API RESPONSE
---

--- 2025-12-12T20:42:46.835Z debug
-- START CF API REQUEST: GET https://api.cloudflare.com/client/v4/accounts/2a19e225618239285dd1b8682a8796fa/pages/projects/user-rentapoggy-com
---

--- 2025-12-12T20:42:46.835Z debug
QUERY STRING: omitted; set WRANGLER_LOG_SANITIZE=false to include sanitized data
---

--- 2025-12-12T20:42:46.836Z debug
HEADERS: omitted; set WRANGLER_LOG_SANITIZE=false to include sanitized data
---

--- 2025-12-12T20:42:46.836Z debug
INIT: omitted; set WRANGLER_LOG_SANITIZE=false to include sanitized data
---

--- 2025-12-12T20:42:46.837Z debug
-- END CF API REQUEST
---

--- 2025-12-12T20:42:47.178Z debug
-- START CF API RESPONSE: OK 200
---

--- 2025-12-12T20:42:47.178Z debug
HEADERS: omitted; set WRANGLER_LOG_SANITIZE=false to include sanitized data
---

--- 2025-12-12T20:42:47.178Z debug
RESPONSE: omitted; set WRANGLER_LOG_SANITIZE=false to include sanitized data
---

--- 2025-12-12T20:42:47.178Z debug
-- END CF API RESPONSE
---

--- 2025-12-12T20:42:47.185Z debug
-- START CF API REQUEST: GET https://api.cloudflare.com/client/v4/accounts/2a19e225618239285dd1b8682a8796fa/pages/projects/user-rentapoggy-com/upload-token
---

--- 2025-12-12T20:42:47.185Z debug
QUERY STRING: omitted; set WRANGLER_LOG_SANITIZE=false to include sanitized data
---

--- 2025-12-12T20:42:47.186Z debug
HEADERS: omitted; set WRANGLER_LOG_SANITIZE=false to include sanitized data
---

--- 2025-12-12T20:42:47.186Z debug
INIT: omitted; set WRANGLER_LOG_SANITIZE=false to include sanitized data
---

--- 2025-12-12T20:42:47.186Z debug
-- END CF API REQUEST
---

--- 2025-12-12T20:42:47.292Z debug
-- START CF API RESPONSE: OK 200
---

--- 2025-12-12T20:42:47.292Z debug
HEADERS: omitted; set WRANGLER_LOG_SANITIZE=false to include sanitized data
---

--- 2025-12-12T20:42:47.292Z debug
RESPONSE: omitted; set WRANGLER_LOG_SANITIZE=false to include sanitized data
---

--- 2025-12-12T20:42:47.292Z debug
-- END CF API RESPONSE
---

--- 2025-12-12T20:42:47.293Z debug
-- START CF API REQUEST: POST https://api.cloudflare.com/client/v4/pages/assets/check-missing
---

--- 2025-12-12T20:42:47.293Z debug
QUERY STRING: omitted; set WRANGLER_LOG_SANITIZE=false to include sanitized data
---

--- 2025-12-12T20:42:47.293Z debug
HEADERS: omitted; set WRANGLER_LOG_SANITIZE=false to include sanitized data
---

--- 2025-12-12T20:42:47.293Z debug
INIT: omitted; set WRANGLER_LOG_SANITIZE=false to include sanitized data
---

--- 2025-12-12T20:42:47.293Z debug
-- END CF API REQUEST
---

--- 2025-12-12T20:42:47.740Z debug
-- START CF API RESPONSE: OK 200
---

--- 2025-12-12T20:42:47.743Z debug
HEADERS: omitted; set WRANGLER_LOG_SANITIZE=false to include sanitized data
---

--- 2025-12-12T20:42:47.743Z debug
RESPONSE: omitted; set WRANGLER_LOG_SANITIZE=false to include sanitized data
---

--- 2025-12-12T20:42:47.743Z debug
-- END CF API RESPONSE
---

--- 2025-12-12T20:42:47.743Z log
Uploading... (0/1)
---

--- 2025-12-12T20:42:47.745Z debug
POST /pages/assets/upload
---

--- 2025-12-12T20:42:47.746Z debug
-- START CF API REQUEST: POST https://api.cloudflare.com/client/v4/pages/assets/upload
---

--- 2025-12-12T20:42:47.746Z debug
QUERY STRING: omitted; set WRANGLER_LOG_SANITIZE=false to include sanitized data
---

--- 2025-12-12T20:42:47.746Z debug
HEADERS: omitted; set WRANGLER_LOG_SANITIZE=false to include sanitized data
---

--- 2025-12-12T20:42:47.746Z debug
INIT: omitted; set WRANGLER_LOG_SANITIZE=false to include sanitized data
---

--- 2025-12-12T20:42:47.746Z debug
-- END CF API REQUEST
---

--- 2025-12-12T20:42:48.388Z debug
-- START CF API RESPONSE: OK 200
---

--- 2025-12-12T20:42:48.388Z debug
HEADERS: omitted; set WRANGLER_LOG_SANITIZE=false to include sanitized data
---

--- 2025-12-12T20:42:48.388Z debug
RESPONSE: omitted; set WRANGLER_LOG_SANITIZE=false to include sanitized data
---

--- 2025-12-12T20:42:48.388Z debug
-- END CF API RESPONSE
---

--- 2025-12-12T20:42:48.398Z debug
result: { successful_key_count: 1, unsuccessful_keys: [] }
---

--- 2025-12-12T20:42:48.398Z log
Uploading... (1/1)
---

--- 2025-12-12T20:42:48.401Z log
✨ Success! Uploaded 1 files (1.11 sec)

---

--- 2025-12-12T20:42:48.402Z debug
-- START CF API REQUEST: POST https://api.cloudflare.com/client/v4/pages/assets/upsert-hashes
---

--- 2025-12-12T20:42:48.402Z debug
QUERY STRING: omitted; set WRANGLER_LOG_SANITIZE=false to include sanitized data
---

--- 2025-12-12T20:42:48.402Z debug
HEADERS: omitted; set WRANGLER_LOG_SANITIZE=false to include sanitized data
---

--- 2025-12-12T20:42:48.402Z debug
INIT: omitted; set WRANGLER_LOG_SANITIZE=false to include sanitized data
---

--- 2025-12-12T20:42:48.402Z debug
-- END CF API REQUEST
---

--- 2025-12-12T20:42:48.870Z debug
-- START CF API RESPONSE: OK 200
---

--- 2025-12-12T20:42:48.870Z debug
HEADERS: omitted; set WRANGLER_LOG_SANITIZE=false to include sanitized data
---

--- 2025-12-12T20:42:48.870Z debug
RESPONSE: omitted; set WRANGLER_LOG_SANITIZE=false to include sanitized data
---

--- 2025-12-12T20:42:48.870Z debug
-- END CF API RESPONSE
---

--- 2025-12-12T20:42:48.871Z debug
-- START CF API REQUEST: POST https://api.cloudflare.com/client/v4/accounts/2a19e225618239285dd1b8682a8796fa/pages/projects/user-rentapoggy-com/deployments
---

--- 2025-12-12T20:42:48.871Z debug
QUERY STRING: omitted; set WRANGLER_LOG_SANITIZE=false to include sanitized data
---

--- 2025-12-12T20:42:48.871Z debug
HEADERS: omitted; set WRANGLER_LOG_SANITIZE=false to include sanitized data
---

--- 2025-12-12T20:42:48.871Z debug
INIT: omitted; set WRANGLER_LOG_SANITIZE=false to include sanitized data
---

--- 2025-12-12T20:42:48.875Z debug
BODY: omitted; set WRANGLER_LOG_SANITIZE=false to include sanitized data
---

--- 2025-12-12T20:42:48.875Z debug
-- END CF API REQUEST
---

--- 2025-12-12T20:42:49.857Z debug
-- START CF API RESPONSE: OK 200
---

--- 2025-12-12T20:42:49.857Z debug
HEADERS: omitted; set WRANGLER_LOG_SANITIZE=false to include sanitized data
---

--- 2025-12-12T20:42:49.857Z debug
RESPONSE: omitted; set WRANGLER_LOG_SANITIZE=false to include sanitized data
---

--- 2025-12-12T20:42:49.857Z debug
-- END CF API RESPONSE
---

--- 2025-12-12T20:42:49.858Z debug
Saving to cache: {"account_id":"2a19e225618239285dd1b8682a8796fa","project_name":"user-rentapoggy-com"}
---

--- 2025-12-12T20:42:49.859Z log
🌎 Deploying...
---

--- 2025-12-12T20:42:50.862Z debug
attempt #1: Attempting to fetch status for deployment with id "93f6f904-fd79-4058-aa84-3f9f84b2b631" ...
---

--- 2025-12-12T20:42:50.862Z debug
-- START CF API REQUEST: GET https://api.cloudflare.com/client/v4/accounts/2a19e225618239285dd1b8682a8796fa/pages/projects/user-rentapoggy-com/deployments/93f6f904-fd79-4058-aa84-3f9f84b2b631
---

--- 2025-12-12T20:42:50.862Z debug
QUERY STRING: omitted; set WRANGLER_LOG_SANITIZE=false to include sanitized data
---

--- 2025-12-12T20:42:50.862Z debug
HEADERS: omitted; set WRANGLER_LOG_SANITIZE=false to include sanitized data
---

--- 2025-12-12T20:42:50.862Z debug
INIT: omitted; set WRANGLER_LOG_SANITIZE=false to include sanitized data
---

--- 2025-12-12T20:42:50.862Z debug
-- END CF API REQUEST
---

--- 2025-12-12T20:42:51.167Z debug
-- START CF API RESPONSE: OK 200
---

--- 2025-12-12T20:42:51.167Z debug
HEADERS: omitted; set WRANGLER_LOG_SANITIZE=false to include sanitized data
---

--- 2025-12-12T20:42:51.167Z debug
RESPONSE: omitted; set WRANGLER_LOG_SANITIZE=false to include sanitized data
---

--- 2025-12-12T20:42:51.167Z debug
-- END CF API RESPONSE
---

--- 2025-12-12T20:42:53.168Z debug
attempt #2: Attempting to fetch status for deployment with id "93f6f904-fd79-4058-aa84-3f9f84b2b631" ...
---

--- 2025-12-12T20:42:53.168Z debug
-- START CF API REQUEST: GET https://api.cloudflare.com/client/v4/accounts/2a19e225618239285dd1b8682a8796fa/pages/projects/user-rentapoggy-com/deployments/93f6f904-fd79-4058-aa84-3f9f84b2b631
---

--- 2025-12-12T20:42:53.168Z debug
QUERY STRING: omitted; set WRANGLER_LOG_SANITIZE=false to include sanitized data
---

--- 2025-12-12T20:42:53.168Z debug
HEADERS: omitted; set WRANGLER_LOG_SANITIZE=false to include sanitized data
---

--- 2025-12-12T20:42:53.168Z debug
INIT: omitted; set WRANGLER_LOG_SANITIZE=false to include sanitized data
---

--- 2025-12-12T20:42:53.168Z debug
-- END CF API REQUEST
---

--- 2025-12-12T20:42:53.845Z debug
-- START CF API RESPONSE: OK 200
---

--- 2025-12-12T20:42:53.845Z debug
HEADERS: omitted; set WRANGLER_LOG_SANITIZE=false to include sanitized data
---

--- 2025-12-12T20:42:53.845Z debug
RESPONSE: omitted; set WRANGLER_LOG_SANITIZE=false to include sanitized data
---

--- 2025-12-12T20:42:53.845Z debug
-- END CF API RESPONSE
---

--- 2025-12-12T20:42:53.848Z log
✨ Deployment complete! Take a peek over at https://93f6f904.user-rentapoggy-com.pages.dev
---

--- 2025-12-12T20:42:53.849Z debug
Metrics dispatcher: Posting data {"deviceId":"c40fc470-29b9-4f42-b094-78fda8e8d726","event":"create pages deployment","timestamp":1765572173849,"properties":{"category":"Workers","wranglerVersion":"4.53.0","os":"linux:x64"}}
---

--- 2025-12-12T20:42:53.861Z debug
Metrics dispatcher: Posting data {"deviceId":"c40fc470-29b9-4f42-b094-78fda8e8d726","event":"wrangler command completed","timestamp":1765572173861,"properties":{"amplitude_session_id":1765572165717,"amplitude_event_id":1,"wranglerVersion":"4.53.0","osPlatform":"Linux","osVersion":"#1-NixOS SMP PREEMPT_DYNAMIC Tue Jan  1 00:00:00 UTC 1980","nodeVersion":20,"packageManager":"npm","isFirstUsage":false,"configFileType":"none","isCI":false,"isPagesCI":false,"isWorkersCI":false,"isInteractive":false,"hasAssets":false,"argsUsed":[],"argsCombination":"","command":"wrangler pages deploy","args":{},"durationMs":8158,"durationSeconds":8.158,"durationMinutes":0.13596666666666665}}
---
