
--- 2025-12-12T21:10:54.413Z debug
🪵  Writing logs to "/home/runner/workspace/.config/.wrangler/logs/wrangler-2025-12-12_21-10-54_193.log"
---

--- 2025-12-12T21:10:54.413Z debug
Metrics dispatcher: Posting data {"deviceId":"c40fc470-29b9-4f42-b094-78fda8e8d726","event":"wrangler command started","timestamp":1765573854413,"properties":{"amplitude_session_id":1765573854412,"amplitude_event_id":0,"wranglerVersion":"4.53.0","osPlatform":"Linux","osVersion":"#1-NixOS SMP PREEMPT_DYNAMIC Tue Jan  1 00:00:00 UTC 1980","nodeVersion":20,"packageManager":"npm","isFirstUsage":false,"configFileType":"none","isCI":false,"isPagesCI":false,"isWorkersCI":false,"isInteractive":false,"hasAssets":false,"argsUsed":[],"argsCombination":"","command":"wrangler pages deploy","args":{}}}
---

--- 2025-12-12T21:10:54.428Z debug
.env file not found at "/home/runner/workspace/.env". Continuing... For more details, refer to https://developers.cloudflare.com/workers/wrangler/system-environment-variables/
---

--- 2025-12-12T21:10:54.429Z debug
.env file not found at "/home/runner/workspace/.env.local". Continuing... For more details, refer to https://developers.cloudflare.com/workers/wrangler/system-environment-variables/
---

--- 2025-12-12T21:10:54.487Z log

 ⛅️ wrangler 4.53.0 (update available 4.54.0)
─────────────────────────────────────────────
---

--- 2025-12-12T21:10:54.504Z debug
-- START CF API REQUEST: GET https://api.cloudflare.com/client/v4/accounts/2a19e225618239285dd1b8682a8796fa/pages/projects/user-rentapoggy-com
---

--- 2025-12-12T21:10:54.504Z debug
QUERY STRING: omitted; set WRANGLER_LOG_SANITIZE=false to include sanitized data
---

--- 2025-12-12T21:10:54.505Z debug
HEADERS: omitted; set WRANGLER_LOG_SANITIZE=false to include sanitized data
---

--- 2025-12-12T21:10:54.505Z debug
INIT: omitted; set WRANGLER_LOG_SANITIZE=false to include sanitized data
---

--- 2025-12-12T21:10:54.505Z debug
-- END CF API REQUEST
---

--- 2025-12-12T21:10:54.877Z debug
-- START CF API RESPONSE: OK 200
---

--- 2025-12-12T21:10:54.877Z debug
HEADERS: omitted; set WRANGLER_LOG_SANITIZE=false to include sanitized data
---

--- 2025-12-12T21:10:54.877Z debug
RESPONSE: omitted; set WRANGLER_LOG_SANITIZE=false to include sanitized data
---

--- 2025-12-12T21:10:54.877Z debug
-- END CF API RESPONSE
---

--- 2025-12-12T21:10:54.908Z debug
-- START CF API REQUEST: GET https://api.cloudflare.com/client/v4/accounts/2a19e225618239285dd1b8682a8796fa/pages/projects/user-rentapoggy-com
---

--- 2025-12-12T21:10:54.908Z debug
QUERY STRING: omitted; set WRANGLER_LOG_SANITIZE=false to include sanitized data
---

--- 2025-12-12T21:10:54.908Z debug
HEADERS: omitted; set WRANGLER_LOG_SANITIZE=false to include sanitized data
---

--- 2025-12-12T21:10:54.908Z debug
INIT: omitted; set WRANGLER_LOG_SANITIZE=false to include sanitized data
---

--- 2025-12-12T21:10:54.908Z debug
-- END CF API REQUEST
---

--- 2025-12-12T21:10:55.313Z debug
-- START CF API RESPONSE: OK 200
---

--- 2025-12-12T21:10:55.313Z debug
HEADERS: omitted; set WRANGLER_LOG_SANITIZE=false to include sanitized data
---

--- 2025-12-12T21:10:55.313Z debug
RESPONSE: omitted; set WRANGLER_LOG_SANITIZE=false to include sanitized data
---

--- 2025-12-12T21:10:55.313Z debug
-- END CF API RESPONSE
---

--- 2025-12-12T21:10:55.324Z debug
-- START CF API REQUEST: GET https://api.cloudflare.com/client/v4/accounts/2a19e225618239285dd1b8682a8796fa/pages/projects/user-rentapoggy-com/upload-token
---

--- 2025-12-12T21:10:55.324Z debug
QUERY STRING: omitted; set WRANGLER_LOG_SANITIZE=false to include sanitized data
---

--- 2025-12-12T21:10:55.324Z debug
HEADERS: omitted; set WRANGLER_LOG_SANITIZE=false to include sanitized data
---

--- 2025-12-12T21:10:55.324Z debug
INIT: omitted; set WRANGLER_LOG_SANITIZE=false to include sanitized data
---

--- 2025-12-12T21:10:55.324Z debug
-- END CF API REQUEST
---

--- 2025-12-12T21:10:55.428Z debug
-- START CF API RESPONSE: OK 200
---

--- 2025-12-12T21:10:55.429Z debug
HEADERS: omitted; set WRANGLER_LOG_SANITIZE=false to include sanitized data
---

--- 2025-12-12T21:10:55.429Z debug
RESPONSE: omitted; set WRANGLER_LOG_SANITIZE=false to include sanitized data
---

--- 2025-12-12T21:10:55.429Z debug
-- END CF API RESPONSE
---

--- 2025-12-12T21:10:55.429Z debug
-- START CF API REQUEST: POST https://api.cloudflare.com/client/v4/pages/assets/check-missing
---

--- 2025-12-12T21:10:55.429Z debug
QUERY STRING: omitted; set WRANGLER_LOG_SANITIZE=false to include sanitized data
---

--- 2025-12-12T21:10:55.429Z debug
HEADERS: omitted; set WRANGLER_LOG_SANITIZE=false to include sanitized data
---

--- 2025-12-12T21:10:55.429Z debug
INIT: omitted; set WRANGLER_LOG_SANITIZE=false to include sanitized data
---

--- 2025-12-12T21:10:55.429Z debug
-- END CF API REQUEST
---

--- 2025-12-12T21:10:55.545Z debug
-- START CF API RESPONSE: OK 200
---

--- 2025-12-12T21:10:55.545Z debug
HEADERS: omitted; set WRANGLER_LOG_SANITIZE=false to include sanitized data
---

--- 2025-12-12T21:10:55.545Z debug
RESPONSE: omitted; set WRANGLER_LOG_SANITIZE=false to include sanitized data
---

--- 2025-12-12T21:10:55.545Z debug
-- END CF API RESPONSE
---

--- 2025-12-12T21:10:55.545Z log
Uploading... (0/1)
---

--- 2025-12-12T21:10:55.548Z debug
POST /pages/assets/upload
---

--- 2025-12-12T21:10:55.548Z debug
-- START CF API REQUEST: POST https://api.cloudflare.com/client/v4/pages/assets/upload
---

--- 2025-12-12T21:10:55.548Z debug
QUERY STRING: omitted; set WRANGLER_LOG_SANITIZE=false to include sanitized data
---

--- 2025-12-12T21:10:55.548Z debug
HEADERS: omitted; set WRANGLER_LOG_SANITIZE=false to include sanitized data
---

--- 2025-12-12T21:10:55.548Z debug
INIT: omitted; set WRANGLER_LOG_SANITIZE=false to include sanitized data
---

--- 2025-12-12T21:10:55.548Z debug
-- END CF API REQUEST
---

--- 2025-12-12T21:10:56.008Z debug
-- START CF API RESPONSE: OK 200
---

--- 2025-12-12T21:10:56.008Z debug
HEADERS: omitted; set WRANGLER_LOG_SANITIZE=false to include sanitized data
---

--- 2025-12-12T21:10:56.008Z debug
RESPONSE: omitted; set WRANGLER_LOG_SANITIZE=false to include sanitized data
---

--- 2025-12-12T21:10:56.008Z debug
-- END CF API RESPONSE
---

--- 2025-12-12T21:10:56.009Z debug
result: { successful_key_count: 1, unsuccessful_keys: [] }
---

--- 2025-12-12T21:10:56.009Z log
Uploading... (1/1)
---

--- 2025-12-12T21:10:56.009Z log
✨ Success! Uploaded 1 files (0.58 sec)

---

--- 2025-12-12T21:10:56.010Z debug
-- START CF API REQUEST: POST https://api.cloudflare.com/client/v4/pages/assets/upsert-hashes
---

--- 2025-12-12T21:10:56.010Z debug
QUERY STRING: omitted; set WRANGLER_LOG_SANITIZE=false to include sanitized data
---

--- 2025-12-12T21:10:56.010Z debug
HEADERS: omitted; set WRANGLER_LOG_SANITIZE=false to include sanitized data
---

--- 2025-12-12T21:10:56.010Z debug
INIT: omitted; set WRANGLER_LOG_SANITIZE=false to include sanitized data
---

--- 2025-12-12T21:10:56.010Z debug
-- END CF API REQUEST
---

--- 2025-12-12T21:10:56.317Z debug
-- START CF API RESPONSE: OK 200
---

--- 2025-12-12T21:10:56.317Z debug
HEADERS: omitted; set WRANGLER_LOG_SANITIZE=false to include sanitized data
---

--- 2025-12-12T21:10:56.317Z debug
RESPONSE: omitted; set WRANGLER_LOG_SANITIZE=false to include sanitized data
---

--- 2025-12-12T21:10:56.317Z debug
-- END CF API RESPONSE
---

--- 2025-12-12T21:10:56.317Z debug
-- START CF API REQUEST: POST https://api.cloudflare.com/client/v4/accounts/2a19e225618239285dd1b8682a8796fa/pages/projects/user-rentapoggy-com/deployments
---

--- 2025-12-12T21:10:56.317Z debug
QUERY STRING: omitted; set WRANGLER_LOG_SANITIZE=false to include sanitized data
---

--- 2025-12-12T21:10:56.317Z debug
HEADERS: omitted; set WRANGLER_LOG_SANITIZE=false to include sanitized data
---

--- 2025-12-12T21:10:56.317Z debug
INIT: omitted; set WRANGLER_LOG_SANITIZE=false to include sanitized data
---

--- 2025-12-12T21:10:56.319Z debug
BODY: omitted; set WRANGLER_LOG_SANITIZE=false to include sanitized data
---

--- 2025-12-12T21:10:56.319Z debug
-- END CF API REQUEST
---

--- 2025-12-12T21:10:57.689Z debug
-- START CF API RESPONSE: OK 200
---

--- 2025-12-12T21:10:57.689Z debug
HEADERS: omitted; set WRANGLER_LOG_SANITIZE=false to include sanitized data
---

--- 2025-12-12T21:10:57.689Z debug
RESPONSE: omitted; set WRANGLER_LOG_SANITIZE=false to include sanitized data
---

--- 2025-12-12T21:10:57.689Z debug
-- END CF API RESPONSE
---

--- 2025-12-12T21:10:57.690Z debug
Saving to cache: {"account_id":"2a19e225618239285dd1b8682a8796fa","project_name":"user-rentapoggy-com"}
---

--- 2025-12-12T21:10:57.690Z log
🌎 Deploying...
---

--- 2025-12-12T21:10:58.690Z debug
attempt #1: Attempting to fetch status for deployment with id "89d499d1-f526-4632-ac4a-b95cf60eace0" ...
---

--- 2025-12-12T21:10:58.690Z debug
-- START CF API REQUEST: GET https://api.cloudflare.com/client/v4/accounts/2a19e225618239285dd1b8682a8796fa/pages/projects/user-rentapoggy-com/deployments/89d499d1-f526-4632-ac4a-b95cf60eace0
---

--- 2025-12-12T21:10:58.690Z debug
QUERY STRING: omitted; set WRANGLER_LOG_SANITIZE=false to include sanitized data
---

--- 2025-12-12T21:10:58.690Z debug
HEADERS: omitted; set WRANGLER_LOG_SANITIZE=false to include sanitized data
---

--- 2025-12-12T21:10:58.690Z debug
INIT: omitted; set WRANGLER_LOG_SANITIZE=false to include sanitized data
---

--- 2025-12-12T21:10:58.690Z debug
-- END CF API REQUEST
---

--- 2025-12-12T21:10:58.926Z debug
-- START CF API RESPONSE: OK 200
---

--- 2025-12-12T21:10:58.927Z debug
HEADERS: omitted; set WRANGLER_LOG_SANITIZE=false to include sanitized data
---

--- 2025-12-12T21:10:58.927Z debug
RESPONSE: omitted; set WRANGLER_LOG_SANITIZE=false to include sanitized data
---

--- 2025-12-12T21:10:58.927Z debug
-- END CF API RESPONSE
---

--- 2025-12-12T21:11:00.929Z debug
attempt #2: Attempting to fetch status for deployment with id "89d499d1-f526-4632-ac4a-b95cf60eace0" ...
---

--- 2025-12-12T21:11:00.929Z debug
-- START CF API REQUEST: GET https://api.cloudflare.com/client/v4/accounts/2a19e225618239285dd1b8682a8796fa/pages/projects/user-rentapoggy-com/deployments/89d499d1-f526-4632-ac4a-b95cf60eace0
---

--- 2025-12-12T21:11:00.929Z debug
QUERY STRING: omitted; set WRANGLER_LOG_SANITIZE=false to include sanitized data
---

--- 2025-12-12T21:11:00.929Z debug
HEADERS: omitted; set WRANGLER_LOG_SANITIZE=false to include sanitized data
---

--- 2025-12-12T21:11:00.929Z debug
INIT: omitted; set WRANGLER_LOG_SANITIZE=false to include sanitized data
---

--- 2025-12-12T21:11:00.929Z debug
-- END CF API REQUEST
---

--- 2025-12-12T21:11:01.303Z debug
-- START CF API RESPONSE: OK 200
---

--- 2025-12-12T21:11:01.303Z debug
HEADERS: omitted; set WRANGLER_LOG_SANITIZE=false to include sanitized data
---

--- 2025-12-12T21:11:01.303Z debug
RESPONSE: omitted; set WRANGLER_LOG_SANITIZE=false to include sanitized data
---

--- 2025-12-12T21:11:01.303Z debug
-- END CF API RESPONSE
---

--- 2025-12-12T21:11:01.303Z log
✨ Deployment complete! Take a peek over at https://89d499d1.user-rentapoggy-com.pages.dev
---

--- 2025-12-12T21:11:01.304Z debug
Metrics dispatcher: Posting data {"deviceId":"c40fc470-29b9-4f42-b094-78fda8e8d726","event":"create pages deployment","timestamp":1765573861304,"properties":{"category":"Workers","wranglerVersion":"4.53.0","os":"linux:x64"}}
---

--- 2025-12-12T21:11:01.306Z debug
Metrics dispatcher: Posting data {"deviceId":"c40fc470-29b9-4f42-b094-78fda8e8d726","event":"wrangler command completed","timestamp":1765573861306,"properties":{"amplitude_session_id":1765573854412,"amplitude_event_id":1,"wranglerVersion":"4.53.0","osPlatform":"Linux","osVersion":"#1-NixOS SMP PREEMPT_DYNAMIC Tue Jan  1 00:00:00 UTC 1980","nodeVersion":20,"packageManager":"npm","isFirstUsage":false,"configFileType":"none","isCI":false,"isPagesCI":false,"isWorkersCI":false,"isInteractive":false,"hasAssets":false,"argsUsed":[],"argsCombination":"","command":"wrangler pages deploy","args":{},"durationMs":6913,"durationSeconds":6.913,"durationMinutes":0.11521666666666668}}
---
