
--- 2025-12-12T20:50:23.614Z debug
🪵  Writing logs to "/home/runner/workspace/.config/.wrangler/logs/wrangler-2025-12-12_20-50-23_330.log"
---

--- 2025-12-12T20:50:23.613Z debug
Metrics dispatcher: Posting data {"deviceId":"c40fc470-29b9-4f42-b094-78fda8e8d726","event":"wrangler command started","timestamp":1765572623613,"properties":{"amplitude_session_id":1765572623612,"amplitude_event_id":0,"wranglerVersion":"4.53.0","osPlatform":"Linux","osVersion":"#1-NixOS SMP PREEMPT_DYNAMIC Tue Jan  1 00:00:00 UTC 1980","nodeVersion":20,"packageManager":"npm","isFirstUsage":false,"configFileType":"none","isCI":false,"isPagesCI":false,"isWorkersCI":false,"isInteractive":false,"hasAssets":false,"argsUsed":[],"argsCombination":"","command":"wrangler pages deploy","args":{}}}
---

--- 2025-12-12T20:50:23.641Z debug
.env file not found at "/home/runner/workspace/.env". Continuing... For more details, refer to https://developers.cloudflare.com/workers/wrangler/system-environment-variables/
---

--- 2025-12-12T20:50:23.641Z debug
.env file not found at "/home/runner/workspace/.env.local". Continuing... For more details, refer to https://developers.cloudflare.com/workers/wrangler/system-environment-variables/
---

--- 2025-12-12T20:50:23.697Z log

 ⛅️ wrangler 4.53.0 (update available 4.54.0)
─────────────────────────────────────────────
---

--- 2025-12-12T20:50:23.714Z debug
-- START CF API REQUEST: GET https://api.cloudflare.com/client/v4/accounts/2a19e225618239285dd1b8682a8796fa/pages/projects/user-rentapoggy-com
---

--- 2025-12-12T20:50:23.715Z debug
QUERY STRING: omitted; set WRANGLER_LOG_SANITIZE=false to include sanitized data
---

--- 2025-12-12T20:50:23.715Z debug
HEADERS: omitted; set WRANGLER_LOG_SANITIZE=false to include sanitized data
---

--- 2025-12-12T20:50:23.715Z debug
INIT: omitted; set WRANGLER_LOG_SANITIZE=false to include sanitized data
---

--- 2025-12-12T20:50:23.715Z debug
-- END CF API REQUEST
---

--- 2025-12-12T20:50:24.556Z debug
-- START CF API RESPONSE: OK 200
---

--- 2025-12-12T20:50:24.556Z debug
HEADERS: omitted; set WRANGLER_LOG_SANITIZE=false to include sanitized data
---

--- 2025-12-12T20:50:24.556Z debug
RESPONSE: omitted; set WRANGLER_LOG_SANITIZE=false to include sanitized data
---

--- 2025-12-12T20:50:24.556Z debug
-- END CF API RESPONSE
---

--- 2025-12-12T20:50:24.603Z debug
-- START CF API REQUEST: GET https://api.cloudflare.com/client/v4/accounts/2a19e225618239285dd1b8682a8796fa/pages/projects/user-rentapoggy-com
---

--- 2025-12-12T20:50:24.603Z debug
QUERY STRING: omitted; set WRANGLER_LOG_SANITIZE=false to include sanitized data
---

--- 2025-12-12T20:50:24.604Z debug
HEADERS: omitted; set WRANGLER_LOG_SANITIZE=false to include sanitized data
---

--- 2025-12-12T20:50:24.604Z debug
INIT: omitted; set WRANGLER_LOG_SANITIZE=false to include sanitized data
---

--- 2025-12-12T20:50:24.604Z debug
-- END CF API REQUEST
---

--- 2025-12-12T20:50:25.004Z debug
-- START CF API RESPONSE: OK 200
---

--- 2025-12-12T20:50:25.004Z debug
HEADERS: omitted; set WRANGLER_LOG_SANITIZE=false to include sanitized data
---

--- 2025-12-12T20:50:25.004Z debug
RESPONSE: omitted; set WRANGLER_LOG_SANITIZE=false to include sanitized data
---

--- 2025-12-12T20:50:25.004Z debug
-- END CF API RESPONSE
---

--- 2025-12-12T20:50:25.013Z debug
-- START CF API REQUEST: GET https://api.cloudflare.com/client/v4/accounts/2a19e225618239285dd1b8682a8796fa/pages/projects/user-rentapoggy-com/upload-token
---

--- 2025-12-12T20:50:25.013Z debug
QUERY STRING: omitted; set WRANGLER_LOG_SANITIZE=false to include sanitized data
---

--- 2025-12-12T20:50:25.013Z debug
HEADERS: omitted; set WRANGLER_LOG_SANITIZE=false to include sanitized data
---

--- 2025-12-12T20:50:25.013Z debug
INIT: omitted; set WRANGLER_LOG_SANITIZE=false to include sanitized data
---

--- 2025-12-12T20:50:25.013Z debug
-- END CF API REQUEST
---

--- 2025-12-12T20:50:25.155Z debug
-- START CF API RESPONSE: OK 200
---

--- 2025-12-12T20:50:25.155Z debug
HEADERS: omitted; set WRANGLER_LOG_SANITIZE=false to include sanitized data
---

--- 2025-12-12T20:50:25.155Z debug
RESPONSE: omitted; set WRANGLER_LOG_SANITIZE=false to include sanitized data
---

--- 2025-12-12T20:50:25.155Z debug
-- END CF API RESPONSE
---

--- 2025-12-12T20:50:25.156Z debug
-- START CF API REQUEST: POST https://api.cloudflare.com/client/v4/pages/assets/check-missing
---

--- 2025-12-12T20:50:25.156Z debug
QUERY STRING: omitted; set WRANGLER_LOG_SANITIZE=false to include sanitized data
---

--- 2025-12-12T20:50:25.156Z debug
HEADERS: omitted; set WRANGLER_LOG_SANITIZE=false to include sanitized data
---

--- 2025-12-12T20:50:25.156Z debug
INIT: omitted; set WRANGLER_LOG_SANITIZE=false to include sanitized data
---

--- 2025-12-12T20:50:25.156Z debug
-- END CF API REQUEST
---

--- 2025-12-12T20:50:25.578Z debug
-- START CF API RESPONSE: OK 200
---

--- 2025-12-12T20:50:25.578Z debug
HEADERS: omitted; set WRANGLER_LOG_SANITIZE=false to include sanitized data
---

--- 2025-12-12T20:50:25.578Z debug
RESPONSE: omitted; set WRANGLER_LOG_SANITIZE=false to include sanitized data
---

--- 2025-12-12T20:50:25.578Z debug
-- END CF API RESPONSE
---

--- 2025-12-12T20:50:25.579Z log
Uploading... (1/1)
---

--- 2025-12-12T20:50:25.581Z log
✨ Success! Uploaded 0 files (1 already uploaded) (0.43 sec)

---

--- 2025-12-12T20:50:25.582Z debug
-- START CF API REQUEST: POST https://api.cloudflare.com/client/v4/pages/assets/upsert-hashes
---

--- 2025-12-12T20:50:25.582Z debug
QUERY STRING: omitted; set WRANGLER_LOG_SANITIZE=false to include sanitized data
---

--- 2025-12-12T20:50:25.582Z debug
HEADERS: omitted; set WRANGLER_LOG_SANITIZE=false to include sanitized data
---

--- 2025-12-12T20:50:25.582Z debug
INIT: omitted; set WRANGLER_LOG_SANITIZE=false to include sanitized data
---

--- 2025-12-12T20:50:25.582Z debug
-- END CF API REQUEST
---

--- 2025-12-12T20:50:26.053Z debug
-- START CF API RESPONSE: OK 200
---

--- 2025-12-12T20:50:26.053Z debug
HEADERS: omitted; set WRANGLER_LOG_SANITIZE=false to include sanitized data
---

--- 2025-12-12T20:50:26.053Z debug
RESPONSE: omitted; set WRANGLER_LOG_SANITIZE=false to include sanitized data
---

--- 2025-12-12T20:50:26.053Z debug
-- END CF API RESPONSE
---

--- 2025-12-12T20:50:26.053Z debug
-- START CF API REQUEST: POST https://api.cloudflare.com/client/v4/accounts/2a19e225618239285dd1b8682a8796fa/pages/projects/user-rentapoggy-com/deployments
---

--- 2025-12-12T20:50:26.053Z debug
QUERY STRING: omitted; set WRANGLER_LOG_SANITIZE=false to include sanitized data
---

--- 2025-12-12T20:50:26.053Z debug
HEADERS: omitted; set WRANGLER_LOG_SANITIZE=false to include sanitized data
---

--- 2025-12-12T20:50:26.053Z debug
INIT: omitted; set WRANGLER_LOG_SANITIZE=false to include sanitized data
---

--- 2025-12-12T20:50:26.055Z debug
BODY: omitted; set WRANGLER_LOG_SANITIZE=false to include sanitized data
---

--- 2025-12-12T20:50:26.055Z debug
-- END CF API REQUEST
---

--- 2025-12-12T20:50:27.049Z debug
-- START CF API RESPONSE: OK 200
---

--- 2025-12-12T20:50:27.049Z debug
HEADERS: omitted; set WRANGLER_LOG_SANITIZE=false to include sanitized data
---

--- 2025-12-12T20:50:27.049Z debug
RESPONSE: omitted; set WRANGLER_LOG_SANITIZE=false to include sanitized data
---

--- 2025-12-12T20:50:27.049Z debug
-- END CF API RESPONSE
---

--- 2025-12-12T20:50:27.050Z debug
Saving to cache: {"account_id":"2a19e225618239285dd1b8682a8796fa","project_name":"user-rentapoggy-com"}
---

--- 2025-12-12T20:50:27.050Z log
🌎 Deploying...
---

--- 2025-12-12T20:50:28.051Z debug
attempt #1: Attempting to fetch status for deployment with id "3c55c425-7e62-400b-8b2f-505ac074fb89" ...
---

--- 2025-12-12T20:50:28.052Z debug
-- START CF API REQUEST: GET https://api.cloudflare.com/client/v4/accounts/2a19e225618239285dd1b8682a8796fa/pages/projects/user-rentapoggy-com/deployments/3c55c425-7e62-400b-8b2f-505ac074fb89
---

--- 2025-12-12T20:50:28.052Z debug
QUERY STRING: omitted; set WRANGLER_LOG_SANITIZE=false to include sanitized data
---

--- 2025-12-12T20:50:28.052Z debug
HEADERS: omitted; set WRANGLER_LOG_SANITIZE=false to include sanitized data
---

--- 2025-12-12T20:50:28.052Z debug
INIT: omitted; set WRANGLER_LOG_SANITIZE=false to include sanitized data
---

--- 2025-12-12T20:50:28.052Z debug
-- END CF API REQUEST
---

--- 2025-12-12T20:50:28.308Z debug
-- START CF API RESPONSE: OK 200
---

--- 2025-12-12T20:50:28.308Z debug
HEADERS: omitted; set WRANGLER_LOG_SANITIZE=false to include sanitized data
---

--- 2025-12-12T20:50:28.309Z debug
RESPONSE: omitted; set WRANGLER_LOG_SANITIZE=false to include sanitized data
---

--- 2025-12-12T20:50:28.309Z debug
-- END CF API RESPONSE
---

--- 2025-12-12T20:50:30.310Z debug
attempt #2: Attempting to fetch status for deployment with id "3c55c425-7e62-400b-8b2f-505ac074fb89" ...
---

--- 2025-12-12T20:50:30.310Z debug
-- START CF API REQUEST: GET https://api.cloudflare.com/client/v4/accounts/2a19e225618239285dd1b8682a8796fa/pages/projects/user-rentapoggy-com/deployments/3c55c425-7e62-400b-8b2f-505ac074fb89
---

--- 2025-12-12T20:50:30.310Z debug
QUERY STRING: omitted; set WRANGLER_LOG_SANITIZE=false to include sanitized data
---

--- 2025-12-12T20:50:30.310Z debug
HEADERS: omitted; set WRANGLER_LOG_SANITIZE=false to include sanitized data
---

--- 2025-12-12T20:50:30.311Z debug
INIT: omitted; set WRANGLER_LOG_SANITIZE=false to include sanitized data
---

--- 2025-12-12T20:50:30.311Z debug
-- END CF API REQUEST
---

--- 2025-12-12T20:50:30.706Z debug
-- START CF API RESPONSE: OK 200
---

--- 2025-12-12T20:50:30.706Z debug
HEADERS: omitted; set WRANGLER_LOG_SANITIZE=false to include sanitized data
---

--- 2025-12-12T20:50:30.706Z debug
RESPONSE: omitted; set WRANGLER_LOG_SANITIZE=false to include sanitized data
---

--- 2025-12-12T20:50:30.706Z debug
-- END CF API RESPONSE
---

--- 2025-12-12T20:50:30.707Z log
✨ Deployment complete! Take a peek over at https://3c55c425.user-rentapoggy-com.pages.dev
---

--- 2025-12-12T20:50:30.708Z debug
Metrics dispatcher: Posting data {"deviceId":"c40fc470-29b9-4f42-b094-78fda8e8d726","event":"create pages deployment","timestamp":1765572630708,"properties":{"category":"Workers","wranglerVersion":"4.53.0","os":"linux:x64"}}
---

--- 2025-12-12T20:50:30.711Z debug
Metrics dispatcher: Posting data {"deviceId":"c40fc470-29b9-4f42-b094-78fda8e8d726","event":"wrangler command completed","timestamp":1765572630711,"properties":{"amplitude_session_id":1765572623612,"amplitude_event_id":1,"wranglerVersion":"4.53.0","osPlatform":"Linux","osVersion":"#1-NixOS SMP PREEMPT_DYNAMIC Tue Jan  1 00:00:00 UTC 1980","nodeVersion":20,"packageManager":"npm","isFirstUsage":false,"configFileType":"none","isCI":false,"isPagesCI":false,"isWorkersCI":false,"isInteractive":false,"hasAssets":false,"argsUsed":[],"argsCombination":"","command":"wrangler pages deploy","args":{},"durationMs":7123,"durationSeconds":7.123,"durationMinutes":0.11871666666666666}}
---
